---
version: 1
interactions:
- request:
    body: '{"name":"first app","organization_id":"08555df8-bb26-43bc-b749-1b98c5d02343","description":""}'
    form: {}
    headers:
      Content-Type:
      - application/json
      User-Agent:
      - scaleway-sdk-go/v1.0.0-beta.7+dev (go1.18.1; linux; amd64) terraform-provider/develop
        terraform/terraform-tests
    url: https://api.scaleway.com/iam/v1alpha1/applications
    method: POST
  response:
    body: '{"id":"aaf18c92-b704-4833-a398-48591168eba3","name":"first app","description":"","created_at":"2022-06-28T11:37:15.671219Z","updated_at":"2022-06-28T11:37:15.671219Z","organization_id":"08555df8-bb26-43bc-b749-1b98c5d02343","editable":true,"nb_api_keys":0}'
    headers:
      Content-Length:
      - "256"
      Content-Security-Policy:
      - default-src 'none'; frame-ancestors 'none'
      Content-Type:
      - application/json
      Date:
      - Tue, 28 Jun 2022 11:37:15 GMT
      Server:
      - Scaleway API-Gateway
      Strict-Transport-Security:
      - max-age=63072000
      X-Content-Type-Options:
      - nosniff
      X-Frame-Options:
      - DENY
      X-Request-Id:
      - 2c4723e8-f6d7-4537-bcd3-3da7cd6746ad
    status: 200 OK
    code: 200
    duration: ""
- request:
    body: ""
    form: {}
    headers:
      User-Agent:
      - scaleway-sdk-go/v1.0.0-beta.7+dev (go1.18.1; linux; amd64) terraform-provider/develop
        terraform/terraform-tests
    url: https://api.scaleway.com/iam/v1alpha1/applications/aaf18c92-b704-4833-a398-48591168eba3
    method: GET
  response:
    body: '{"id":"aaf18c92-b704-4833-a398-48591168eba3","name":"first app","description":"","created_at":"2022-06-28T11:37:15.671219Z","updated_at":"2022-06-28T11:37:15.671219Z","organization_id":"08555df8-bb26-43bc-b749-1b98c5d02343","editable":true,"nb_api_keys":0}'
    headers:
      Content-Length:
      - "256"
      Content-Security-Policy:
      - default-src 'none'; frame-ancestors 'none'
      Content-Type:
      - application/json
      Date:
      - Tue, 28 Jun 2022 11:37:15 GMT
      Server:
      - Scaleway API-Gateway
      Strict-Transport-Security:
      - max-age=63072000
      X-Content-Type-Options:
      - nosniff
      X-Frame-Options:
      - DENY
      X-Request-Id:
      - c66611e9-a81f-46cb-8554-7a9bd85219e7
    status: 200 OK
    code: 200
    duration: ""
- request:
    body: '{"organization_id":"08555df8-bb26-43bc-b749-1b98c5d02343","name":"iam_group_app","description":""}'
    form: {}
    headers:
      Content-Type:
      - application/json
      User-Agent:
      - scaleway-sdk-go/v1.0.0-beta.7+dev (go1.18.1; linux; amd64) terraform-provider/develop
        terraform/terraform-tests
    url: https://api.scaleway.com/iam/v1alpha1/groups
    method: POST
  response:
    body: '{"id":"8fb104c0-1922-4ffc-ab3c-107bc8d4c89c","created_at":"2022-06-28T11:37:15.795227Z","updated_at":"2022-06-28T11:37:15.795227Z","organization_id":"08555df8-bb26-43bc-b749-1b98c5d02343","name":"iam_group_app","description":"","user_ids":[],"application_ids":[]}'
    headers:
      Content-Length:
      - "263"
      Content-Security-Policy:
      - default-src 'none'; frame-ancestors 'none'
      Content-Type:
      - application/json
      Date:
      - Tue, 28 Jun 2022 11:37:15 GMT
      Server:
      - Scaleway API-Gateway
      Strict-Transport-Security:
      - max-age=63072000
      X-Content-Type-Options:
      - nosniff
      X-Frame-Options:
      - DENY
      X-Request-Id:
      - c8306f23-22c5-4f37-9526-48205b8807e5
    status: 200 OK
    code: 200
    duration: ""
- request:
    body: '{"user_ids":["29c31dd4-8ea1-4927-82d9-a0620e04773f"],"application_ids":["aaf18c92-b704-4833-a398-48591168eba3"]}'
    form: {}
    headers:
      Content-Type:
      - application/json
      User-Agent:
      - scaleway-sdk-go/v1.0.0-beta.7+dev (go1.18.1; linux; amd64) terraform-provider/develop
        terraform/terraform-tests
    url: https://api.scaleway.com/iam/v1alpha1/groups/8fb104c0-1922-4ffc-ab3c-107bc8d4c89c/principals
    method: PUT
  response:
    body: '{"id":"8fb104c0-1922-4ffc-ab3c-107bc8d4c89c","created_at":"2022-06-28T11:37:15.795227Z","updated_at":"2022-06-28T11:37:15.795227Z","organization_id":"08555df8-bb26-43bc-b749-1b98c5d02343","name":"iam_group_app","description":"","user_ids":["29c31dd4-8ea1-4927-82d9-a0620e04773f"],"application_ids":["aaf18c92-b704-4833-a398-48591168eba3"]}'
    headers:
      Content-Length:
      - "339"
      Content-Security-Policy:
      - default-src 'none'; frame-ancestors 'none'
      Content-Type:
      - application/json
      Date:
      - Tue, 28 Jun 2022 11:37:15 GMT
      Server:
      - Scaleway API-Gateway
      Strict-Transport-Security:
      - max-age=63072000
      X-Content-Type-Options:
      - nosniff
      X-Frame-Options:
      - DENY
      X-Request-Id:
      - 7da26845-ef2e-44ca-a00c-67ad07a31004
    status: 200 OK
    code: 200
    duration: ""
- request:
    body: ""
    form: {}
    headers:
      User-Agent:
      - scaleway-sdk-go/v1.0.0-beta.7+dev (go1.18.1; linux; amd64) terraform-provider/develop
        terraform/terraform-tests
    url: https://api.scaleway.com/iam/v1alpha1/groups/8fb104c0-1922-4ffc-ab3c-107bc8d4c89c
    method: GET
  response:
    body: '{"id":"8fb104c0-1922-4ffc-ab3c-107bc8d4c89c","created_at":"2022-06-28T11:37:15.795227Z","updated_at":"2022-06-28T11:37:15.795227Z","organization_id":"08555df8-bb26-43bc-b749-1b98c5d02343","name":"iam_group_app","description":"","user_ids":["29c31dd4-8ea1-4927-82d9-a0620e04773f"],"application_ids":["aaf18c92-b704-4833-a398-48591168eba3"]}'
    headers:
      Content-Length:
      - "339"
      Content-Security-Policy:
      - default-src 'none'; frame-ancestors 'none'
      Content-Type:
      - application/json
      Date:
      - Tue, 28 Jun 2022 11:37:15 GMT
      Server:
      - Scaleway API-Gateway
      Strict-Transport-Security:
      - max-age=63072000
      X-Content-Type-Options:
      - nosniff
      X-Frame-Options:
      - DENY
      X-Request-Id:
      - fd98bbe2-7bbf-4aa3-bd1e-86671a016212
    status: 200 OK
    code: 200
    duration: ""
- request:
    body: ""
    form: {}
    headers:
      User-Agent:
      - scaleway-sdk-go/v1.0.0-beta.7+dev (go1.18.1; linux; amd64) terraform-provider/develop
        terraform/terraform-tests
    url: https://api.scaleway.com/iam/v1alpha1/groups/8fb104c0-1922-4ffc-ab3c-107bc8d4c89c
    method: GET
  response:
    body: '{"id":"8fb104c0-1922-4ffc-ab3c-107bc8d4c89c","created_at":"2022-06-28T11:37:15.795227Z","updated_at":"2022-06-28T11:37:15.795227Z","organization_id":"08555df8-bb26-43bc-b749-1b98c5d02343","name":"iam_group_app","description":"","user_ids":["29c31dd4-8ea1-4927-82d9-a0620e04773f"],"application_ids":["aaf18c92-b704-4833-a398-48591168eba3"]}'
    headers:
      Content-Length:
      - "339"
      Content-Security-Policy:
      - default-src 'none'; frame-ancestors 'none'
      Content-Type:
      - application/json
      Date:
      - Tue, 28 Jun 2022 11:37:16 GMT
      Server:
      - Scaleway API-Gateway
      Strict-Transport-Security:
      - max-age=63072000
      X-Content-Type-Options:
      - nosniff
      X-Frame-Options:
      - DENY
      X-Request-Id:
      - 1378c5bb-1210-4701-8d6d-a0a75660d0f9
    status: 200 OK
    code: 200
    duration: ""
- request:
    body: ""
    form: {}
    headers:
      User-Agent:
      - scaleway-sdk-go/v1.0.0-beta.7+dev (go1.18.1; linux; amd64) terraform-provider/develop
        terraform/terraform-tests
    url: https://api.scaleway.com/iam/v1alpha1/applications/aaf18c92-b704-4833-a398-48591168eba3
    method: GET
  response:
    body: '{"id":"aaf18c92-b704-4833-a398-48591168eba3","name":"first app","description":"","created_at":"2022-06-28T11:37:15.671219Z","updated_at":"2022-06-28T11:37:15.671219Z","organization_id":"08555df8-bb26-43bc-b749-1b98c5d02343","editable":true,"nb_api_keys":0}'
    headers:
      Content-Length:
      - "256"
      Content-Security-Policy:
      - default-src 'none'; frame-ancestors 'none'
      Content-Type:
      - application/json
      Date:
      - Tue, 28 Jun 2022 11:37:16 GMT
      Server:
      - Scaleway API-Gateway
      Strict-Transport-Security:
      - max-age=63072000
      X-Content-Type-Options:
      - nosniff
      X-Frame-Options:
      - DENY
      X-Request-Id:
      - 0df08a8b-1404-4545-a64b-b24a4cf5ee96
    status: 200 OK
    code: 200
    duration: ""
- request:
    body: ""
    form: {}
    headers:
      User-Agent:
      - scaleway-sdk-go/v1.0.0-beta.7+dev (go1.18.1; linux; amd64) terraform-provider/develop
        terraform/terraform-tests
    url: https://api.scaleway.com/iam/v1alpha1/groups/8fb104c0-1922-4ffc-ab3c-107bc8d4c89c
    method: GET
  response:
    body: '{"id":"8fb104c0-1922-4ffc-ab3c-107bc8d4c89c","created_at":"2022-06-28T11:37:15.795227Z","updated_at":"2022-06-28T11:37:15.795227Z","organization_id":"08555df8-bb26-43bc-b749-1b98c5d02343","name":"iam_group_app","description":"","user_ids":["29c31dd4-8ea1-4927-82d9-a0620e04773f"],"application_ids":["aaf18c92-b704-4833-a398-48591168eba3"]}'
    headers:
      Content-Length:
      - "339"
      Content-Security-Policy:
      - default-src 'none'; frame-ancestors 'none'
      Content-Type:
      - application/json
      Date:
      - Tue, 28 Jun 2022 11:37:16 GMT
      Server:
      - Scaleway API-Gateway
      Strict-Transport-Security:
      - max-age=63072000
      X-Content-Type-Options:
      - nosniff
      X-Frame-Options:
      - DENY
      X-Request-Id:
      - 35341370-3b17-452c-a1cb-1d719ec64835
    status: 200 OK
    code: 200
    duration: ""
- request:
    body: ""
    form: {}
    headers:
      User-Agent:
      - scaleway-sdk-go/v1.0.0-beta.7+dev (go1.18.1; linux; amd64) terraform-provider/develop
        terraform/terraform-tests
    url: https://api.scaleway.com/iam/v1alpha1/applications/aaf18c92-b704-4833-a398-48591168eba3
    method: GET
  response:
    body: '{"id":"aaf18c92-b704-4833-a398-48591168eba3","name":"first app","description":"","created_at":"2022-06-28T11:37:15.671219Z","updated_at":"2022-06-28T11:37:15.671219Z","organization_id":"08555df8-bb26-43bc-b749-1b98c5d02343","editable":true,"nb_api_keys":0}'
    headers:
      Content-Length:
      - "256"
      Content-Security-Policy:
      - default-src 'none'; frame-ancestors 'none'
      Content-Type:
      - application/json
      Date:
      - Tue, 28 Jun 2022 11:37:16 GMT
      Server:
      - Scaleway API-Gateway
      Strict-Transport-Security:
      - max-age=63072000
      X-Content-Type-Options:
      - nosniff
      X-Frame-Options:
      - DENY
      X-Request-Id:
      - 704e0ac7-ab7f-454b-992e-b4fb238b1fac
    status: 200 OK
    code: 200
    duration: ""
- request:
    body: ""
    form: {}
    headers:
      User-Agent:
      - scaleway-sdk-go/v1.0.0-beta.7+dev (go1.18.1; linux; amd64) terraform-provider/develop
        terraform/terraform-tests
    url: https://api.scaleway.com/iam/v1alpha1/groups/8fb104c0-1922-4ffc-ab3c-107bc8d4c89c
    method: GET
  response:
    body: '{"id":"8fb104c0-1922-4ffc-ab3c-107bc8d4c89c","created_at":"2022-06-28T11:37:15.795227Z","updated_at":"2022-06-28T11:37:15.795227Z","organization_id":"08555df8-bb26-43bc-b749-1b98c5d02343","name":"iam_group_app","description":"","user_ids":["29c31dd4-8ea1-4927-82d9-a0620e04773f"],"application_ids":["aaf18c92-b704-4833-a398-48591168eba3"]}'
    headers:
      Content-Length:
      - "339"
      Content-Security-Policy:
      - default-src 'none'; frame-ancestors 'none'
      Content-Type:
      - application/json
      Date:
      - Tue, 28 Jun 2022 11:37:16 GMT
      Server:
      - Scaleway API-Gateway
      Strict-Transport-Security:
      - max-age=63072000
      X-Content-Type-Options:
      - nosniff
      X-Frame-Options:
      - DENY
      X-Request-Id:
      - 9392cbc3-6e44-4b2a-a942-02cf4cb62118
    status: 200 OK
    code: 200
    duration: ""
- request:
    body: '{"name":"second app","organization_id":"08555df8-bb26-43bc-b749-1b98c5d02343","description":""}'
    form: {}
    headers:
      Content-Type:
      - application/json
      User-Agent:
      - scaleway-sdk-go/v1.0.0-beta.7+dev (go1.18.1; linux; amd64) terraform-provider/develop
        terraform/terraform-tests
    url: https://api.scaleway.com/iam/v1alpha1/applications
    method: POST
  response:
    body: '{"id":"b61a8933-1628-47cc-9d2f-c77afaa6a3aa","name":"second app","description":"","created_at":"2022-06-28T11:37:16.732880Z","updated_at":"2022-06-28T11:37:16.732880Z","organization_id":"08555df8-bb26-43bc-b749-1b98c5d02343","editable":true,"nb_api_keys":0}'
    headers:
      Content-Length:
      - "257"
      Content-Security-Policy:
      - default-src 'none'; frame-ancestors 'none'
      Content-Type:
      - application/json
      Date:
      - Tue, 28 Jun 2022 11:37:16 GMT
      Server:
      - Scaleway API-Gateway
      Strict-Transport-Security:
      - max-age=63072000
      X-Content-Type-Options:
      - nosniff
      X-Frame-Options:
      - DENY
      X-Request-Id:
      - 9da71df8-9ff0-423d-9f61-6484361e5862
    status: 200 OK
    code: 200
    duration: ""
- request:
    body: ""
    form: {}
    headers:
      User-Agent:
      - scaleway-sdk-go/v1.0.0-beta.7+dev (go1.18.1; linux; amd64) terraform-provider/develop
        terraform/terraform-tests
    url: https://api.scaleway.com/iam/v1alpha1/applications/b61a8933-1628-47cc-9d2f-c77afaa6a3aa
    method: GET
  response:
    body: '{"id":"b61a8933-1628-47cc-9d2f-c77afaa6a3aa","name":"second app","description":"","created_at":"2022-06-28T11:37:16.732880Z","updated_at":"2022-06-28T11:37:16.732880Z","organization_id":"08555df8-bb26-43bc-b749-1b98c5d02343","editable":true,"nb_api_keys":0}'
    headers:
      Content-Length:
      - "257"
      Content-Security-Policy:
      - default-src 'none'; frame-ancestors 'none'
      Content-Type:
      - application/json
      Date:
      - Tue, 28 Jun 2022 11:37:16 GMT
      Server:
      - Scaleway API-Gateway
      Strict-Transport-Security:
      - max-age=63072000
      X-Content-Type-Options:
      - nosniff
      X-Frame-Options:
      - DENY
      X-Request-Id:
      - 442aa95f-020e-4d6d-a8e7-ea4b5a34f16c
    status: 200 OK
    code: 200
    duration: ""
- request:
    body: ""
    form: {}
    headers:
      User-Agent:
      - scaleway-sdk-go/v1.0.0-beta.7+dev (go1.18.1; linux; amd64) terraform-provider/develop
        terraform/terraform-tests
    url: https://api.scaleway.com/iam/v1alpha1/groups/8fb104c0-1922-4ffc-ab3c-107bc8d4c89c
    method: GET
  response:
    body: '{"id":"8fb104c0-1922-4ffc-ab3c-107bc8d4c89c","created_at":"2022-06-28T11:37:15.795227Z","updated_at":"2022-06-28T11:37:15.795227Z","organization_id":"08555df8-bb26-43bc-b749-1b98c5d02343","name":"iam_group_app","description":"","user_ids":["29c31dd4-8ea1-4927-82d9-a0620e04773f"],"application_ids":["aaf18c92-b704-4833-a398-48591168eba3"]}'
    headers:
      Content-Length:
      - "339"
      Content-Security-Policy:
      - default-src 'none'; frame-ancestors 'none'
      Content-Type:
      - application/json
      Date:
      - Tue, 28 Jun 2022 11:37:16 GMT
      Server:
      - Scaleway API-Gateway
      Strict-Transport-Security:
      - max-age=63072000
      X-Content-Type-Options:
      - nosniff
      X-Frame-Options:
      - DENY
      X-Request-Id:
      - 2e94c428-506b-474d-a442-7a1e6913436b
    status: 200 OK
    code: 200
    duration: ""
- request:
    body: '{"user_ids":null,"application_ids":["aaf18c92-b704-4833-a398-48591168eba3","b61a8933-1628-47cc-9d2f-c77afaa6a3aa"]}'
    form: {}
    headers:
      Content-Type:
      - application/json
      User-Agent:
      - scaleway-sdk-go/v1.0.0-beta.7+dev (go1.18.1; linux; amd64) terraform-provider/develop
        terraform/terraform-tests
    url: https://api.scaleway.com/iam/v1alpha1/groups/8fb104c0-1922-4ffc-ab3c-107bc8d4c89c/principals
    method: PUT
  response:
    body: '{"id":"8fb104c0-1922-4ffc-ab3c-107bc8d4c89c","created_at":"2022-06-28T11:37:15.795227Z","updated_at":"2022-06-28T11:37:15.795227Z","organization_id":"08555df8-bb26-43bc-b749-1b98c5d02343","name":"iam_group_app","description":"","user_ids":[],"application_ids":["aaf18c92-b704-4833-a398-48591168eba3","b61a8933-1628-47cc-9d2f-c77afaa6a3aa"]}'
    headers:
      Content-Length:
      - "340"
      Content-Security-Policy:
      - default-src 'none'; frame-ancestors 'none'
      Content-Type:
      - application/json
      Date:
      - Tue, 28 Jun 2022 11:37:16 GMT
      Server:
      - Scaleway API-Gateway
      Strict-Transport-Security:
      - max-age=63072000
      X-Content-Type-Options:
      - nosniff
      X-Frame-Options:
      - DENY
      X-Request-Id:
      - 44d011c2-0983-458a-b1fa-9a08f71a8756
    status: 200 OK
    code: 200
    duration: ""
- request:
    body: '{"name":"iam_group_app","description":null}'
    form: {}
    headers:
      Content-Type:
      - application/json
      User-Agent:
      - scaleway-sdk-go/v1.0.0-beta.7+dev (go1.18.1; linux; amd64) terraform-provider/develop
        terraform/terraform-tests
    url: https://api.scaleway.com/iam/v1alpha1/groups/8fb104c0-1922-4ffc-ab3c-107bc8d4c89c
    method: PATCH
  response:
    body: '{"id":"8fb104c0-1922-4ffc-ab3c-107bc8d4c89c","created_at":"2022-06-28T11:37:15.795227Z","updated_at":"2022-06-28T11:37:15.795227Z","organization_id":"08555df8-bb26-43bc-b749-1b98c5d02343","name":"iam_group_app","description":"","user_ids":[],"application_ids":["aaf18c92-b704-4833-a398-48591168eba3","b61a8933-1628-47cc-9d2f-c77afaa6a3aa"]}'
    headers:
      Content-Length:
      - "340"
      Content-Security-Policy:
      - default-src 'none'; frame-ancestors 'none'
      Content-Type:
      - application/json
      Date:
      - Tue, 28 Jun 2022 11:37:17 GMT
      Server:
      - Scaleway API-Gateway
      Strict-Transport-Security:
      - max-age=63072000
      X-Content-Type-Options:
      - nosniff
      X-Frame-Options:
      - DENY
      X-Request-Id:
      - c6ce208d-101c-4604-abac-f24b0c9f3f16
    status: 200 OK
    code: 200
    duration: ""
- request:
    body: ""
    form: {}
    headers:
      User-Agent:
      - scaleway-sdk-go/v1.0.0-beta.7+dev (go1.18.1; linux; amd64) terraform-provider/develop
        terraform/terraform-tests
    url: https://api.scaleway.com/iam/v1alpha1/groups/8fb104c0-1922-4ffc-ab3c-107bc8d4c89c
    method: GET
  response:
    body: '{"id":"8fb104c0-1922-4ffc-ab3c-107bc8d4c89c","created_at":"2022-06-28T11:37:15.795227Z","updated_at":"2022-06-28T11:37:15.795227Z","organization_id":"08555df8-bb26-43bc-b749-1b98c5d02343","name":"iam_group_app","description":"","user_ids":[],"application_ids":["aaf18c92-b704-4833-a398-48591168eba3","b61a8933-1628-47cc-9d2f-c77afaa6a3aa"]}'
    headers:
      Content-Length:
      - "340"
      Content-Security-Policy:
      - default-src 'none'; frame-ancestors 'none'
      Content-Type:
      - application/json
      Date:
      - Tue, 28 Jun 2022 11:37:17 GMT
      Server:
      - Scaleway API-Gateway
      Strict-Transport-Security:
      - max-age=63072000
      X-Content-Type-Options:
      - nosniff
      X-Frame-Options:
      - DENY
      X-Request-Id:
      - dece3945-b0b6-4fb8-bc62-7521ead4446c
    status: 200 OK
    code: 200
    duration: ""
- request:
    body: ""
    form: {}
    headers:
      User-Agent:
      - scaleway-sdk-go/v1.0.0-beta.7+dev (go1.18.1; linux; amd64) terraform-provider/develop
        terraform/terraform-tests
    url: https://api.scaleway.com/iam/v1alpha1/groups/8fb104c0-1922-4ffc-ab3c-107bc8d4c89c
    method: GET
  response:
    body: '{"id":"8fb104c0-1922-4ffc-ab3c-107bc8d4c89c","created_at":"2022-06-28T11:37:15.795227Z","updated_at":"2022-06-28T11:37:15.795227Z","organization_id":"08555df8-bb26-43bc-b749-1b98c5d02343","name":"iam_group_app","description":"","user_ids":[],"application_ids":["aaf18c92-b704-4833-a398-48591168eba3","b61a8933-1628-47cc-9d2f-c77afaa6a3aa"]}'
    headers:
      Content-Length:
      - "340"
      Content-Security-Policy:
      - default-src 'none'; frame-ancestors 'none'
      Content-Type:
      - application/json
      Date:
      - Tue, 28 Jun 2022 11:37:17 GMT
      Server:
      - Scaleway API-Gateway
      Strict-Transport-Security:
      - max-age=63072000
      X-Content-Type-Options:
      - nosniff
      X-Frame-Options:
      - DENY
      X-Request-Id:
      - b1dc2cf8-c3c0-496f-9abb-04c3b3ed62d7
    status: 200 OK
    code: 200
    duration: ""
- request:
    body: ""
    form: {}
    headers:
      User-Agent:
      - scaleway-sdk-go/v1.0.0-beta.7+dev (go1.18.1; linux; amd64) terraform-provider/develop
        terraform/terraform-tests
    url: https://api.scaleway.com/iam/v1alpha1/applications/aaf18c92-b704-4833-a398-48591168eba3
    method: GET
  response:
    body: '{"id":"aaf18c92-b704-4833-a398-48591168eba3","name":"first app","description":"","created_at":"2022-06-28T11:37:15.671219Z","updated_at":"2022-06-28T11:37:15.671219Z","organization_id":"08555df8-bb26-43bc-b749-1b98c5d02343","editable":true,"nb_api_keys":0}'
    headers:
      Content-Length:
      - "256"
      Content-Security-Policy:
      - default-src 'none'; frame-ancestors 'none'
      Content-Type:
      - application/json
      Date:
      - Tue, 28 Jun 2022 11:37:17 GMT
      Server:
      - Scaleway API-Gateway
      Strict-Transport-Security:
      - max-age=63072000
      X-Content-Type-Options:
      - nosniff
      X-Frame-Options:
      - DENY
      X-Request-Id:
      - 2494f9c4-e78d-477d-9c04-c9d0073122a4
    status: 200 OK
    code: 200
    duration: ""
- request:
    body: ""
    form: {}
    headers:
      User-Agent:
      - scaleway-sdk-go/v1.0.0-beta.7+dev (go1.18.1; linux; amd64) terraform-provider/develop
        terraform/terraform-tests
    url: https://api.scaleway.com/iam/v1alpha1/applications/b61a8933-1628-47cc-9d2f-c77afaa6a3aa
    method: GET
  response:
    body: '{"id":"b61a8933-1628-47cc-9d2f-c77afaa6a3aa","name":"second app","description":"","created_at":"2022-06-28T11:37:16.732880Z","updated_at":"2022-06-28T11:37:16.732880Z","organization_id":"08555df8-bb26-43bc-b749-1b98c5d02343","editable":true,"nb_api_keys":0}'
    headers:
      Content-Length:
      - "257"
      Content-Security-Policy:
      - default-src 'none'; frame-ancestors 'none'
      Content-Type:
      - application/json
      Date:
      - Tue, 28 Jun 2022 11:37:17 GMT
      Server:
      - Scaleway API-Gateway
      Strict-Transport-Security:
      - max-age=63072000
      X-Content-Type-Options:
      - nosniff
      X-Frame-Options:
      - DENY
      X-Request-Id:
      - ff88bff5-52ad-42c4-91d4-a86c5d4a92bd
    status: 200 OK
    code: 200
    duration: ""
- request:
    body: ""
    form: {}
    headers:
      User-Agent:
      - scaleway-sdk-go/v1.0.0-beta.7+dev (go1.18.1; linux; amd64) terraform-provider/develop
        terraform/terraform-tests
    url: https://api.scaleway.com/iam/v1alpha1/groups/8fb104c0-1922-4ffc-ab3c-107bc8d4c89c
    method: GET
  response:
    body: '{"id":"8fb104c0-1922-4ffc-ab3c-107bc8d4c89c","created_at":"2022-06-28T11:37:15.795227Z","updated_at":"2022-06-28T11:37:15.795227Z","organization_id":"08555df8-bb26-43bc-b749-1b98c5d02343","name":"iam_group_app","description":"","user_ids":[],"application_ids":["aaf18c92-b704-4833-a398-48591168eba3","b61a8933-1628-47cc-9d2f-c77afaa6a3aa"]}'
    headers:
      Content-Length:
      - "340"
      Content-Security-Policy:
      - default-src 'none'; frame-ancestors 'none'
      Content-Type:
      - application/json
      Date:
      - Tue, 28 Jun 2022 11:37:17 GMT
      Server:
      - Scaleway API-Gateway
      Strict-Transport-Security:
      - max-age=63072000
      X-Content-Type-Options:
      - nosniff
      X-Frame-Options:
      - DENY
      X-Request-Id:
      - c7a27d00-0f73-4871-8332-aafe51cf9240
    status: 200 OK
    code: 200
    duration: ""
- request:
    body: ""
    form: {}
    headers:
      User-Agent:
      - scaleway-sdk-go/v1.0.0-beta.7+dev (go1.18.1; linux; amd64) terraform-provider/develop
        terraform/terraform-tests
    url: https://api.scaleway.com/iam/v1alpha1/applications/aaf18c92-b704-4833-a398-48591168eba3
    method: GET
  response:
    body: '{"id":"aaf18c92-b704-4833-a398-48591168eba3","name":"first app","description":"","created_at":"2022-06-28T11:37:15.671219Z","updated_at":"2022-06-28T11:37:15.671219Z","organization_id":"08555df8-bb26-43bc-b749-1b98c5d02343","editable":true,"nb_api_keys":0}'
    headers:
      Content-Length:
      - "256"
      Content-Security-Policy:
      - default-src 'none'; frame-ancestors 'none'
      Content-Type:
      - application/json
      Date:
      - Tue, 28 Jun 2022 11:37:17 GMT
      Server:
      - Scaleway API-Gateway
      Strict-Transport-Security:
      - max-age=63072000
      X-Content-Type-Options:
      - nosniff
      X-Frame-Options:
      - DENY
      X-Request-Id:
      - fae8c915-6532-4923-9bdf-2b3ecf22408e
    status: 200 OK
    code: 200
    duration: ""
- request:
    body: ""
    form: {}
    headers:
      User-Agent:
      - scaleway-sdk-go/v1.0.0-beta.7+dev (go1.18.1; linux; amd64) terraform-provider/develop
        terraform/terraform-tests
    url: https://api.scaleway.com/iam/v1alpha1/applications/b61a8933-1628-47cc-9d2f-c77afaa6a3aa
    method: GET
  response:
    body: '{"id":"b61a8933-1628-47cc-9d2f-c77afaa6a3aa","name":"second app","description":"","created_at":"2022-06-28T11:37:16.732880Z","updated_at":"2022-06-28T11:37:16.732880Z","organization_id":"08555df8-bb26-43bc-b749-1b98c5d02343","editable":true,"nb_api_keys":0}'
    headers:
      Content-Length:
      - "257"
      Content-Security-Policy:
      - default-src 'none'; frame-ancestors 'none'
      Content-Type:
      - application/json
      Date:
      - Tue, 28 Jun 2022 11:37:17 GMT
      Server:
      - Scaleway API-Gateway
      Strict-Transport-Security:
      - max-age=63072000
      X-Content-Type-Options:
      - nosniff
      X-Frame-Options:
      - DENY
      X-Request-Id:
      - e23744f4-c22c-4199-9d9b-ced6ab89b02a
    status: 200 OK
    code: 200
    duration: ""
- request:
    body: ""
    form: {}
    headers:
      User-Agent:
      - scaleway-sdk-go/v1.0.0-beta.7+dev (go1.18.1; linux; amd64) terraform-provider/develop
        terraform/terraform-tests
    url: https://api.scaleway.com/iam/v1alpha1/groups/8fb104c0-1922-4ffc-ab3c-107bc8d4c89c
    method: GET
  response:
    body: '{"id":"8fb104c0-1922-4ffc-ab3c-107bc8d4c89c","created_at":"2022-06-28T11:37:15.795227Z","updated_at":"2022-06-28T11:37:15.795227Z","organization_id":"08555df8-bb26-43bc-b749-1b98c5d02343","name":"iam_group_app","description":"","user_ids":[],"application_ids":["aaf18c92-b704-4833-a398-48591168eba3","b61a8933-1628-47cc-9d2f-c77afaa6a3aa"]}'
    headers:
      Content-Length:
      - "340"
      Content-Security-Policy:
      - default-src 'none'; frame-ancestors 'none'
      Content-Type:
      - application/json
      Date:
      - Tue, 28 Jun 2022 11:37:17 GMT
      Server:
      - Scaleway API-Gateway
      Strict-Transport-Security:
      - max-age=63072000
      X-Content-Type-Options:
      - nosniff
      X-Frame-Options:
      - DENY
      X-Request-Id:
      - ce677c2b-9527-48b2-8366-3536ef6f031c
    status: 200 OK
    code: 200
    duration: ""
- request:
    body: ""
    form: {}
    headers:
      User-Agent:
      - scaleway-sdk-go/v1.0.0-beta.7+dev (go1.18.1; linux; amd64) terraform-provider/develop
        terraform/terraform-tests
    url: https://api.scaleway.com/iam/v1alpha1/groups/8fb104c0-1922-4ffc-ab3c-107bc8d4c89c
    method: GET
  response:
    body: '{"id":"8fb104c0-1922-4ffc-ab3c-107bc8d4c89c","created_at":"2022-06-28T11:37:15.795227Z","updated_at":"2022-06-28T11:37:15.795227Z","organization_id":"08555df8-bb26-43bc-b749-1b98c5d02343","name":"iam_group_app","description":"","user_ids":[],"application_ids":["aaf18c92-b704-4833-a398-48591168eba3","b61a8933-1628-47cc-9d2f-c77afaa6a3aa"]}'
    headers:
      Content-Length:
      - "340"
      Content-Security-Policy:
      - default-src 'none'; frame-ancestors 'none'
      Content-Type:
      - application/json
      Date:
      - Tue, 28 Jun 2022 11:37:17 GMT
      Server:
      - Scaleway API-Gateway
      Strict-Transport-Security:
      - max-age=63072000
      X-Content-Type-Options:
      - nosniff
      X-Frame-Options:
      - DENY
      X-Request-Id:
      - 18ca3d86-60dc-4394-aa3b-1d5cb2193a8b
    status: 200 OK
    code: 200
    duration: ""
- request:
    body: '{"user_ids":["29c31dd4-8ea1-4927-82d9-a0620e04773f","0afd8f94-eaf1-4949-9dcb-9ae5f4bc1017"],"application_ids":["b61a8933-1628-47cc-9d2f-c77afaa6a3aa"]}'
    form: {}
    headers:
      Content-Type:
      - application/json
      User-Agent:
      - scaleway-sdk-go/v1.0.0-beta.7+dev (go1.18.1; linux; amd64) terraform-provider/develop
        terraform/terraform-tests
    url: https://api.scaleway.com/iam/v1alpha1/groups/8fb104c0-1922-4ffc-ab3c-107bc8d4c89c/principals
    method: PUT
  response:
    body: '{"id":"8fb104c0-1922-4ffc-ab3c-107bc8d4c89c","created_at":"2022-06-28T11:37:15.795227Z","updated_at":"2022-06-28T11:37:15.795227Z","organization_id":"08555df8-bb26-43bc-b749-1b98c5d02343","name":"iam_group_app","description":"","user_ids":["29c31dd4-8ea1-4927-82d9-a0620e04773f","0afd8f94-eaf1-4949-9dcb-9ae5f4bc1017"],"application_ids":["b61a8933-1628-47cc-9d2f-c77afaa6a3aa"]}'
    headers:
      Content-Length:
      - "378"
      Content-Security-Policy:
      - default-src 'none'; frame-ancestors 'none'
      Content-Type:
      - application/json
      Date:
      - Tue, 28 Jun 2022 11:37:17 GMT
      Server:
      - Scaleway API-Gateway
      Strict-Transport-Security:
      - max-age=63072000
      X-Content-Type-Options:
      - nosniff
      X-Frame-Options:
      - DENY
      X-Request-Id:
      - cbe89170-6d26-4c30-8d76-5e6e32762801
    status: 200 OK
    code: 200
    duration: ""
- request:
    body: '{"name":"iam_group_app","description":null}'
    form: {}
    headers:
      Content-Type:
      - application/json
      User-Agent:
      - scaleway-sdk-go/v1.0.0-beta.7+dev (go1.18.1; linux; amd64) terraform-provider/develop
        terraform/terraform-tests
    url: https://api.scaleway.com/iam/v1alpha1/groups/8fb104c0-1922-4ffc-ab3c-107bc8d4c89c
    method: PATCH
  response:
    body: '{"id":"8fb104c0-1922-4ffc-ab3c-107bc8d4c89c","created_at":"2022-06-28T11:37:15.795227Z","updated_at":"2022-06-28T11:37:15.795227Z","organization_id":"08555df8-bb26-43bc-b749-1b98c5d02343","name":"iam_group_app","description":"","user_ids":["29c31dd4-8ea1-4927-82d9-a0620e04773f","0afd8f94-eaf1-4949-9dcb-9ae5f4bc1017"],"application_ids":["b61a8933-1628-47cc-9d2f-c77afaa6a3aa"]}'
    headers:
      Content-Length:
      - "378"
      Content-Security-Policy:
      - default-src 'none'; frame-ancestors 'none'
      Content-Type:
      - application/json
      Date:
      - Tue, 28 Jun 2022 11:37:17 GMT
      Server:
      - Scaleway API-Gateway
      Strict-Transport-Security:
      - max-age=63072000
      X-Content-Type-Options:
      - nosniff
      X-Frame-Options:
      - DENY
      X-Request-Id:
      - 5b36fddd-ac6d-41d8-a559-39d1ee70ac20
    status: 200 OK
    code: 200
    duration: ""
- request:
    body: ""
    form: {}
    headers:
      User-Agent:
      - scaleway-sdk-go/v1.0.0-beta.7+dev (go1.18.1; linux; amd64) terraform-provider/develop
        terraform/terraform-tests
    url: https://api.scaleway.com/iam/v1alpha1/groups/8fb104c0-1922-4ffc-ab3c-107bc8d4c89c
    method: GET
  response:
    body: '{"id":"8fb104c0-1922-4ffc-ab3c-107bc8d4c89c","created_at":"2022-06-28T11:37:15.795227Z","updated_at":"2022-06-28T11:37:15.795227Z","organization_id":"08555df8-bb26-43bc-b749-1b98c5d02343","name":"iam_group_app","description":"","user_ids":["29c31dd4-8ea1-4927-82d9-a0620e04773f","0afd8f94-eaf1-4949-9dcb-9ae5f4bc1017"],"application_ids":["b61a8933-1628-47cc-9d2f-c77afaa6a3aa"]}'
    headers:
      Content-Length:
      - "378"
      Content-Security-Policy:
      - default-src 'none'; frame-ancestors 'none'
      Content-Type:
      - application/json
      Date:
      - Tue, 28 Jun 2022 11:37:18 GMT
      Server:
      - Scaleway API-Gateway
      Strict-Transport-Security:
      - max-age=63072000
      X-Content-Type-Options:
      - nosniff
      X-Frame-Options:
      - DENY
      X-Request-Id:
      - 10c70a9a-859a-4c4b-919a-753ae4aa4d49
    status: 200 OK
    code: 200
    duration: ""
- request:
    body: ""
    form: {}
    headers:
      User-Agent:
      - scaleway-sdk-go/v1.0.0-beta.7+dev (go1.18.1; linux; amd64) terraform-provider/develop
        terraform/terraform-tests
    url: https://api.scaleway.com/iam/v1alpha1/groups/8fb104c0-1922-4ffc-ab3c-107bc8d4c89c
    method: GET
  response:
    body: '{"id":"8fb104c0-1922-4ffc-ab3c-107bc8d4c89c","created_at":"2022-06-28T11:37:15.795227Z","updated_at":"2022-06-28T11:37:15.795227Z","organization_id":"08555df8-bb26-43bc-b749-1b98c5d02343","name":"iam_group_app","description":"","user_ids":["29c31dd4-8ea1-4927-82d9-a0620e04773f","0afd8f94-eaf1-4949-9dcb-9ae5f4bc1017"],"application_ids":["b61a8933-1628-47cc-9d2f-c77afaa6a3aa"]}'
    headers:
      Content-Length:
      - "378"
      Content-Security-Policy:
      - default-src 'none'; frame-ancestors 'none'
      Content-Type:
      - application/json
      Date:
      - Tue, 28 Jun 2022 11:37:18 GMT
      Server:
      - Scaleway API-Gateway
      Strict-Transport-Security:
      - max-age=63072000
      X-Content-Type-Options:
      - nosniff
      X-Frame-Options:
      - DENY
      X-Request-Id:
      - eb9cd57d-fe98-4cce-87e0-143c50bf3dd4
    status: 200 OK
    code: 200
    duration: ""
- request:
    body: ""
    form: {}
    headers:
      User-Agent:
      - scaleway-sdk-go/v1.0.0-beta.7+dev (go1.18.1; linux; amd64) terraform-provider/develop
        terraform/terraform-tests
    url: https://api.scaleway.com/iam/v1alpha1/applications/aaf18c92-b704-4833-a398-48591168eba3
    method: GET
  response:
    body: '{"id":"aaf18c92-b704-4833-a398-48591168eba3","name":"first app","description":"","created_at":"2022-06-28T11:37:15.671219Z","updated_at":"2022-06-28T11:37:15.671219Z","organization_id":"08555df8-bb26-43bc-b749-1b98c5d02343","editable":true,"nb_api_keys":0}'
    headers:
      Content-Length:
      - "256"
      Content-Security-Policy:
      - default-src 'none'; frame-ancestors 'none'
      Content-Type:
      - application/json
      Date:
      - Tue, 28 Jun 2022 11:37:18 GMT
      Server:
      - Scaleway API-Gateway
      Strict-Transport-Security:
      - max-age=63072000
      X-Content-Type-Options:
      - nosniff
      X-Frame-Options:
      - DENY
      X-Request-Id:
      - 29750a8c-80bc-419b-9ff6-0f07d794111b
    status: 200 OK
    code: 200
    duration: ""
- request:
    body: ""
    form: {}
    headers:
      User-Agent:
      - scaleway-sdk-go/v1.0.0-beta.7+dev (go1.18.1; linux; amd64) terraform-provider/develop
        terraform/terraform-tests
    url: https://api.scaleway.com/iam/v1alpha1/applications/b61a8933-1628-47cc-9d2f-c77afaa6a3aa
    method: GET
  response:
    body: '{"id":"b61a8933-1628-47cc-9d2f-c77afaa6a3aa","name":"second app","description":"","created_at":"2022-06-28T11:37:16.732880Z","updated_at":"2022-06-28T11:37:16.732880Z","organization_id":"08555df8-bb26-43bc-b749-1b98c5d02343","editable":true,"nb_api_keys":0}'
    headers:
      Content-Length:
      - "257"
      Content-Security-Policy:
      - default-src 'none'; frame-ancestors 'none'
      Content-Type:
      - application/json
      Date:
      - Tue, 28 Jun 2022 11:37:18 GMT
      Server:
      - Scaleway API-Gateway
      Strict-Transport-Security:
      - max-age=63072000
      X-Content-Type-Options:
      - nosniff
      X-Frame-Options:
      - DENY
      X-Request-Id:
      - 5fa4ad87-782d-42f0-8971-ad19d30ac1b0
    status: 200 OK
    code: 200
    duration: ""
- request:
    body: ""
    form: {}
    headers:
      User-Agent:
      - scaleway-sdk-go/v1.0.0-beta.7+dev (go1.18.1; linux; amd64) terraform-provider/develop
        terraform/terraform-tests
    url: https://api.scaleway.com/iam/v1alpha1/groups/8fb104c0-1922-4ffc-ab3c-107bc8d4c89c
    method: GET
  response:
    body: '{"id":"8fb104c0-1922-4ffc-ab3c-107bc8d4c89c","created_at":"2022-06-28T11:37:15.795227Z","updated_at":"2022-06-28T11:37:15.795227Z","organization_id":"08555df8-bb26-43bc-b749-1b98c5d02343","name":"iam_group_app","description":"","user_ids":["29c31dd4-8ea1-4927-82d9-a0620e04773f","0afd8f94-eaf1-4949-9dcb-9ae5f4bc1017"],"application_ids":["b61a8933-1628-47cc-9d2f-c77afaa6a3aa"]}'
    headers:
      Content-Length:
      - "378"
      Content-Security-Policy:
      - default-src 'none'; frame-ancestors 'none'
      Content-Type:
      - application/json
      Date:
      - Tue, 28 Jun 2022 11:37:18 GMT
      Server:
      - Scaleway API-Gateway
      Strict-Transport-Security:
      - max-age=63072000
      X-Content-Type-Options:
      - nosniff
      X-Frame-Options:
      - DENY
      X-Request-Id:
      - 1f57eda5-f133-4817-960b-1abd7a24f042
    status: 200 OK
    code: 200
    duration: ""
- request:
    body: ""
    form: {}
    headers:
      User-Agent:
      - scaleway-sdk-go/v1.0.0-beta.7+dev (go1.18.1; linux; amd64) terraform-provider/develop
        terraform/terraform-tests
    url: https://api.scaleway.com/iam/v1alpha1/applications/b61a8933-1628-47cc-9d2f-c77afaa6a3aa
    method: GET
  response:
    body: '{"id":"b61a8933-1628-47cc-9d2f-c77afaa6a3aa","name":"second app","description":"","created_at":"2022-06-28T11:37:16.732880Z","updated_at":"2022-06-28T11:37:16.732880Z","organization_id":"08555df8-bb26-43bc-b749-1b98c5d02343","editable":true,"nb_api_keys":0}'
    headers:
      Content-Length:
      - "257"
      Content-Security-Policy:
      - default-src 'none'; frame-ancestors 'none'
      Content-Type:
      - application/json
      Date:
      - Tue, 28 Jun 2022 11:37:18 GMT
      Server:
      - Scaleway API-Gateway
      Strict-Transport-Security:
      - max-age=63072000
      X-Content-Type-Options:
      - nosniff
      X-Frame-Options:
      - DENY
      X-Request-Id:
      - bb1aee42-db9b-4fcb-a766-43617cc5a412
    status: 200 OK
    code: 200
    duration: ""
- request:
    body: ""
    form: {}
    headers:
      User-Agent:
      - scaleway-sdk-go/v1.0.0-beta.7+dev (go1.18.1; linux; amd64) terraform-provider/develop
        terraform/terraform-tests
    url: https://api.scaleway.com/iam/v1alpha1/groups/8fb104c0-1922-4ffc-ab3c-107bc8d4c89c
    method: GET
  response:
    body: '{"id":"8fb104c0-1922-4ffc-ab3c-107bc8d4c89c","created_at":"2022-06-28T11:37:15.795227Z","updated_at":"2022-06-28T11:37:15.795227Z","organization_id":"08555df8-bb26-43bc-b749-1b98c5d02343","name":"iam_group_app","description":"","user_ids":["29c31dd4-8ea1-4927-82d9-a0620e04773f","0afd8f94-eaf1-4949-9dcb-9ae5f4bc1017"],"application_ids":["b61a8933-1628-47cc-9d2f-c77afaa6a3aa"]}'
    headers:
      Content-Length:
      - "378"
      Content-Security-Policy:
      - default-src 'none'; frame-ancestors 'none'
      Content-Type:
      - application/json
      Date:
      - Tue, 28 Jun 2022 11:37:18 GMT
      Server:
      - Scaleway API-Gateway
      Strict-Transport-Security:
      - max-age=63072000
      X-Content-Type-Options:
      - nosniff
      X-Frame-Options:
      - DENY
      X-Request-Id:
      - 1af622c6-9de6-4b44-9d1e-13fbb1307011
    status: 200 OK
    code: 200
    duration: ""
- request:
    body: ""
    form: {}
    headers:
      User-Agent:
      - scaleway-sdk-go/v1.0.0-beta.7+dev (go1.18.1; linux; amd64) terraform-provider/develop
        terraform/terraform-tests
    url: https://api.scaleway.com/iam/v1alpha1/applications/aaf18c92-b704-4833-a398-48591168eba3
    method: GET
  response:
    body: '{"id":"aaf18c92-b704-4833-a398-48591168eba3","name":"first app","description":"","created_at":"2022-06-28T11:37:15.671219Z","updated_at":"2022-06-28T11:37:15.671219Z","organization_id":"08555df8-bb26-43bc-b749-1b98c5d02343","editable":true,"nb_api_keys":0}'
    headers:
      Content-Length:
      - "256"
      Content-Security-Policy:
      - default-src 'none'; frame-ancestors 'none'
      Content-Type:
      - application/json
      Date:
      - Tue, 28 Jun 2022 11:37:18 GMT
      Server:
      - Scaleway API-Gateway
      Strict-Transport-Security:
      - max-age=63072000
      X-Content-Type-Options:
      - nosniff
      X-Frame-Options:
      - DENY
      X-Request-Id:
      - 67b89f95-1b86-466c-9dbd-e47746268f2b
    status: 200 OK
    code: 200
    duration: ""
- request:
    body: ""
    form: {}
    headers:
      User-Agent:
      - scaleway-sdk-go/v1.0.0-beta.7+dev (go1.18.1; linux; amd64) terraform-provider/develop
        terraform/terraform-tests
    url: https://api.scaleway.com/iam/v1alpha1/groups/8fb104c0-1922-4ffc-ab3c-107bc8d4c89c
    method: GET
  response:
    body: '{"id":"8fb104c0-1922-4ffc-ab3c-107bc8d4c89c","created_at":"2022-06-28T11:37:15.795227Z","updated_at":"2022-06-28T11:37:15.795227Z","organization_id":"08555df8-bb26-43bc-b749-1b98c5d02343","name":"iam_group_app","description":"","user_ids":["29c31dd4-8ea1-4927-82d9-a0620e04773f","0afd8f94-eaf1-4949-9dcb-9ae5f4bc1017"],"application_ids":["b61a8933-1628-47cc-9d2f-c77afaa6a3aa"]}'
    headers:
      Content-Length:
      - "378"
      Content-Security-Policy:
      - default-src 'none'; frame-ancestors 'none'
      Content-Type:
      - application/json
      Date:
      - Tue, 28 Jun 2022 11:37:18 GMT
      Server:
      - Scaleway API-Gateway
      Strict-Transport-Security:
      - max-age=63072000
      X-Content-Type-Options:
      - nosniff
      X-Frame-Options:
      - DENY
      X-Request-Id:
      - ccd8956e-d425-4caf-9a5d-7078a7c864af
    status: 200 OK
    code: 200
    duration: ""
- request:
    body: ""
    form: {}
    headers:
      User-Agent:
      - scaleway-sdk-go/v1.0.0-beta.7+dev (go1.18.1; linux; amd64) terraform-provider/develop
        terraform/terraform-tests
    url: https://api.scaleway.com/iam/v1alpha1/groups/8fb104c0-1922-4ffc-ab3c-107bc8d4c89c/principals/b61a8933-1628-47cc-9d2f-c77afaa6a3aa
    method: DELETE
  response:
    body: '{"id":"8fb104c0-1922-4ffc-ab3c-107bc8d4c89c","created_at":"2022-06-28T11:37:15.795227Z","updated_at":"2022-06-28T11:37:15.795227Z","organization_id":"08555df8-bb26-43bc-b749-1b98c5d02343","name":"iam_group_app","description":"","user_ids":["29c31dd4-8ea1-4927-82d9-a0620e04773f","0afd8f94-eaf1-4949-9dcb-9ae5f4bc1017"],"application_ids":["00000000-0000-0000-0000-000000000000"]}'
    headers:
      Content-Length:
      - "378"
      Content-Security-Policy:
      - default-src 'none'; frame-ancestors 'none'
      Content-Type:
      - application/json
      Date:
      - Tue, 28 Jun 2022 11:37:18 GMT
      Server:
      - Scaleway API-Gateway
      Strict-Transport-Security:
      - max-age=63072000
      X-Content-Type-Options:
      - nosniff
      X-Frame-Options:
      - DENY
      X-Request-Id:
      - ced7c007-6a44-42c7-976f-880bbd8a47db
    status: 200 OK
    code: 200
    duration: ""
- request:
    body: ""
    form: {}
    headers:
      User-Agent:
      - scaleway-sdk-go/v1.0.0-beta.7+dev (go1.18.1; linux; amd64) terraform-provider/develop
        terraform/terraform-tests
    url: https://api.scaleway.com/iam/v1alpha1/groups/8fb104c0-1922-4ffc-ab3c-107bc8d4c89c/principals/29c31dd4-8ea1-4927-82d9-a0620e04773f
    method: DELETE
  response:
    body: '{"id":"8fb104c0-1922-4ffc-ab3c-107bc8d4c89c","created_at":"2022-06-28T11:37:15.795227Z","updated_at":"2022-06-28T11:37:15.795227Z","organization_id":"08555df8-bb26-43bc-b749-1b98c5d02343","name":"iam_group_app","description":"","user_ids":["00000000-0000-0000-0000-000000000000","00000000-0000-0000-0000-000000000000","0afd8f94-eaf1-4949-9dcb-9ae5f4bc1017"],"application_ids":[]}'
    headers:
      Content-Length:
      - "379"
      Content-Security-Policy:
      - default-src 'none'; frame-ancestors 'none'
      Content-Type:
      - application/json
      Date:
      - Tue, 28 Jun 2022 11:37:18 GMT
      Server:
      - Scaleway API-Gateway
      Strict-Transport-Security:
      - max-age=63072000
      X-Content-Type-Options:
      - nosniff
      X-Frame-Options:
      - DENY
      X-Request-Id:
      - b5179bc5-45dc-4815-8702-4b07ec30626b
    status: 200 OK
    code: 200
    duration: ""
- request:
    body: ""
    form: {}
    headers:
      User-Agent:
      - scaleway-sdk-go/v1.0.0-beta.7+dev (go1.18.1; linux; amd64) terraform-provider/develop
        terraform/terraform-tests
    url: https://api.scaleway.com/iam/v1alpha1/groups/8fb104c0-1922-4ffc-ab3c-107bc8d4c89c/principals/0afd8f94-eaf1-4949-9dcb-9ae5f4bc1017
    method: DELETE
  response:
    body: '{"id":"8fb104c0-1922-4ffc-ab3c-107bc8d4c89c","created_at":"2022-06-28T11:37:15.795227Z","updated_at":"2022-06-28T11:37:15.795227Z","organization_id":"08555df8-bb26-43bc-b749-1b98c5d02343","name":"iam_group_app","description":"","user_ids":["00000000-0000-0000-0000-000000000000"],"application_ids":[]}'
    headers:
      Content-Length:
      - "301"
      Content-Security-Policy:
      - default-src 'none'; frame-ancestors 'none'
      Content-Type:
      - application/json
      Date:
      - Tue, 28 Jun 2022 11:37:18 GMT
      Server:
      - Scaleway API-Gateway
      Strict-Transport-Security:
      - max-age=63072000
      X-Content-Type-Options:
      - nosniff
      X-Frame-Options:
      - DENY
      X-Request-Id:
      - ed3b57b3-ec4e-4db4-997d-d5bc41ad3021
    status: 200 OK
    code: 200
    duration: ""
- request:
    body: '{"name":"iam_group_app","description":null}'
    form: {}
    headers:
      Content-Type:
      - application/json
      User-Agent:
      - scaleway-sdk-go/v1.0.0-beta.7+dev (go1.18.1; linux; amd64) terraform-provider/develop
        terraform/terraform-tests
    url: https://api.scaleway.com/iam/v1alpha1/groups/8fb104c0-1922-4ffc-ab3c-107bc8d4c89c
    method: PATCH
  response:
    body: '{"id":"8fb104c0-1922-4ffc-ab3c-107bc8d4c89c","created_at":"2022-06-28T11:37:15.795227Z","updated_at":"2022-06-28T11:37:15.795227Z","organization_id":"08555df8-bb26-43bc-b749-1b98c5d02343","name":"iam_group_app","description":"","user_ids":[],"application_ids":[]}'
    headers:
      Content-Length:
      - "263"
      Content-Security-Policy:
      - default-src 'none'; frame-ancestors 'none'
      Content-Type:
      - application/json
      Date:
      - Tue, 28 Jun 2022 11:37:18 GMT
      Server:
      - Scaleway API-Gateway
      Strict-Transport-Security:
      - max-age=63072000
      X-Content-Type-Options:
      - nosniff
      X-Frame-Options:
      - DENY
      X-Request-Id:
      - 663476df-7439-4f44-93c8-9cfadf712282
    status: 200 OK
    code: 200
    duration: ""
- request:
    body: ""
    form: {}
    headers:
      User-Agent:
      - scaleway-sdk-go/v1.0.0-beta.7+dev (go1.18.1; linux; amd64) terraform-provider/develop
        terraform/terraform-tests
    url: https://api.scaleway.com/iam/v1alpha1/groups/8fb104c0-1922-4ffc-ab3c-107bc8d4c89c
    method: GET
  response:
    body: '{"id":"8fb104c0-1922-4ffc-ab3c-107bc8d4c89c","created_at":"2022-06-28T11:37:15.795227Z","updated_at":"2022-06-28T11:37:15.795227Z","organization_id":"08555df8-bb26-43bc-b749-1b98c5d02343","name":"iam_group_app","description":"","user_ids":[],"application_ids":[]}'
    headers:
      Content-Length:
      - "263"
      Content-Security-Policy:
      - default-src 'none'; frame-ancestors 'none'
      Content-Type:
      - application/json
      Date:
      - Tue, 28 Jun 2022 11:37:19 GMT
      Server:
      - Scaleway API-Gateway
      Strict-Transport-Security:
      - max-age=63072000
      X-Content-Type-Options:
      - nosniff
      X-Frame-Options:
      - DENY
      X-Request-Id:
      - b3d49499-351e-49f9-b12f-e8c7d9ecc078
    status: 200 OK
    code: 200
    duration: ""
- request:
    body: ""
    form: {}
    headers:
      User-Agent:
      - scaleway-sdk-go/v1.0.0-beta.7+dev (go1.18.1; linux; amd64) terraform-provider/develop
        terraform/terraform-tests
    url: https://api.scaleway.com/iam/v1alpha1/groups/8fb104c0-1922-4ffc-ab3c-107bc8d4c89c
    method: GET
  response:
    body: '{"id":"8fb104c0-1922-4ffc-ab3c-107bc8d4c89c","created_at":"2022-06-28T11:37:15.795227Z","updated_at":"2022-06-28T11:37:15.795227Z","organization_id":"08555df8-bb26-43bc-b749-1b98c5d02343","name":"iam_group_app","description":"","user_ids":[],"application_ids":[]}'
    headers:
      Content-Length:
      - "263"
      Content-Security-Policy:
      - default-src 'none'; frame-ancestors 'none'
      Content-Type:
      - application/json
      Date:
      - Tue, 28 Jun 2022 11:37:19 GMT
      Server:
      - Scaleway API-Gateway
      Strict-Transport-Security:
      - max-age=63072000
      X-Content-Type-Options:
      - nosniff
      X-Frame-Options:
      - DENY
      X-Request-Id:
      - 4fb3dd35-088d-4f4b-bf9c-3c249fade69e
    status: 200 OK
    code: 200
    duration: ""
- request:
    body: ""
    form: {}
    headers:
      User-Agent:
      - scaleway-sdk-go/v1.0.0-beta.7+dev (go1.18.1; linux; amd64) terraform-provider/develop
        terraform/terraform-tests
    url: https://api.scaleway.com/iam/v1alpha1/groups/8fb104c0-1922-4ffc-ab3c-107bc8d4c89c
    method: GET
  response:
    body: '{"id":"8fb104c0-1922-4ffc-ab3c-107bc8d4c89c","created_at":"2022-06-28T11:37:15.795227Z","updated_at":"2022-06-28T11:37:15.795227Z","organization_id":"08555df8-bb26-43bc-b749-1b98c5d02343","name":"iam_group_app","description":"","user_ids":[],"application_ids":[]}'
    headers:
      Content-Length:
      - "263"
      Content-Security-Policy:
      - default-src 'none'; frame-ancestors 'none'
      Content-Type:
      - application/json
      Date:
      - Tue, 28 Jun 2022 11:37:19 GMT
      Server:
      - Scaleway API-Gateway
      Strict-Transport-Security:
      - max-age=63072000
      X-Content-Type-Options:
      - nosniff
      X-Frame-Options:
      - DENY
      X-Request-Id:
      - e003d484-c74c-4d97-a840-31271c58cdef
    status: 200 OK
    code: 200
    duration: ""
- request:
    body: ""
    form: {}
    headers:
      User-Agent:
      - scaleway-sdk-go/v1.0.0-beta.7+dev (go1.18.1; linux; amd64) terraform-provider/develop
        terraform/terraform-tests
    url: https://api.scaleway.com/iam/v1alpha1/applications/b61a8933-1628-47cc-9d2f-c77afaa6a3aa
    method: GET
  response:
    body: '{"id":"b61a8933-1628-47cc-9d2f-c77afaa6a3aa","name":"second app","description":"","created_at":"2022-06-28T11:37:16.732880Z","updated_at":"2022-06-28T11:37:16.732880Z","organization_id":"08555df8-bb26-43bc-b749-1b98c5d02343","editable":true,"nb_api_keys":0}'
    headers:
      Content-Length:
      - "257"
      Content-Security-Policy:
      - default-src 'none'; frame-ancestors 'none'
      Content-Type:
      - application/json
      Date:
      - Tue, 28 Jun 2022 11:37:19 GMT
      Server:
      - Scaleway API-Gateway
      Strict-Transport-Security:
      - max-age=63072000
      X-Content-Type-Options:
      - nosniff
      X-Frame-Options:
      - DENY
      X-Request-Id:
      - b7613d57-1fe9-403f-84ec-619f61b8b074
    status: 200 OK
    code: 200
    duration: ""
- request:
    body: ""
    form: {}
    headers:
      User-Agent:
      - scaleway-sdk-go/v1.0.0-beta.7+dev (go1.18.1; linux; amd64) terraform-provider/develop
        terraform/terraform-tests
    url: https://api.scaleway.com/iam/v1alpha1/applications/aaf18c92-b704-4833-a398-48591168eba3
    method: GET
  response:
    body: '{"id":"aaf18c92-b704-4833-a398-48591168eba3","name":"first app","description":"","created_at":"2022-06-28T11:37:15.671219Z","updated_at":"2022-06-28T11:37:15.671219Z","organization_id":"08555df8-bb26-43bc-b749-1b98c5d02343","editable":true,"nb_api_keys":0}'
    headers:
      Content-Length:
      - "256"
      Content-Security-Policy:
      - default-src 'none'; frame-ancestors 'none'
      Content-Type:
      - application/json
      Date:
      - Tue, 28 Jun 2022 11:37:19 GMT
      Server:
      - Scaleway API-Gateway
      Strict-Transport-Security:
      - max-age=63072000
      X-Content-Type-Options:
      - nosniff
      X-Frame-Options:
      - DENY
      X-Request-Id:
      - 0e1f6ae9-9e7d-4312-bd88-56c896c00def
    status: 200 OK
    code: 200
    duration: ""
- request:
    body: ""
    form: {}
    headers:
      User-Agent:
      - scaleway-sdk-go/v1.0.0-beta.7+dev (go1.18.1; linux; amd64) terraform-provider/develop
        terraform/terraform-tests
    url: https://api.scaleway.com/iam/v1alpha1/groups/8fb104c0-1922-4ffc-ab3c-107bc8d4c89c
    method: DELETE
  response:
    body: ""
    headers:
      Content-Security-Policy:
      - default-src 'none'; frame-ancestors 'none'
      Content-Type:
      - application/json
      Date:
      - Tue, 28 Jun 2022 11:37:19 GMT
      Server:
      - Scaleway API-Gateway
      Strict-Transport-Security:
      - max-age=63072000
      X-Content-Type-Options:
      - nosniff
      X-Frame-Options:
      - DENY
      X-Request-Id:
      - f4faf8d3-217a-4dd4-8dec-ed21f6788c21
    status: 204 No Content
    code: 204
    duration: ""
- request:
    body: ""
    form: {}
    headers:
      User-Agent:
      - scaleway-sdk-go/v1.0.0-beta.7+dev (go1.18.1; linux; amd64) terraform-provider/develop
        terraform/terraform-tests
    url: https://api.scaleway.com/iam/v1alpha1/applications/aaf18c92-b704-4833-a398-48591168eba3
    method: DELETE
  response:
    body: ""
    headers:
      Content-Security-Policy:
      - default-src 'none'; frame-ancestors 'none'
      Content-Type:
      - application/json
      Date:
      - Tue, 28 Jun 2022 11:37:19 GMT
      Server:
      - Scaleway API-Gateway
      Strict-Transport-Security:
      - max-age=63072000
      X-Content-Type-Options:
      - nosniff
      X-Frame-Options:
      - DENY
      X-Request-Id:
      - 06e501d2-96cb-4971-9a03-139444c6a276
    status: 204 No Content
    code: 204
    duration: ""
- request:
    body: ""
    form: {}
    headers:
      User-Agent:
      - scaleway-sdk-go/v1.0.0-beta.7+dev (go1.18.1; linux; amd64) terraform-provider/develop
        terraform/terraform-tests
    url: https://api.scaleway.com/iam/v1alpha1/applications/b61a8933-1628-47cc-9d2f-c77afaa6a3aa
    method: DELETE
  response:
    body: ""
    headers:
      Content-Security-Policy:
      - default-src 'none'; frame-ancestors 'none'
      Content-Type:
      - application/json
      Date:
      - Tue, 28 Jun 2022 11:37:19 GMT
      Server:
      - Scaleway API-Gateway
      Strict-Transport-Security:
      - max-age=63072000
      X-Content-Type-Options:
      - nosniff
      X-Frame-Options:
      - DENY
      X-Request-Id:
      - fb385e08-d1d1-436c-86c4-82a3f03b0b44
    status: 204 No Content
    code: 204
    duration: ""
- request:
    body: ""
    form: {}
    headers:
      User-Agent:
      - scaleway-sdk-go/v1.0.0-beta.7+dev (go1.18.1; linux; amd64) terraform-provider/develop
        terraform/terraform-tests
    url: https://api.scaleway.com/iam/v1alpha1/groups/8fb104c0-1922-4ffc-ab3c-107bc8d4c89c
    method: GET
  response:
    body: '{"message":"resource is not found","resource":"group","resource_id":"8fb104c0-1922-4ffc-ab3c-107bc8d4c89c","type":"not_found"}'
    headers:
      Content-Length:
      - "126"
      Content-Security-Policy:
      - default-src 'none'; frame-ancestors 'none'
      Content-Type:
      - application/json
      Date:
      - Tue, 28 Jun 2022 11:37:19 GMT
      Server:
      - Scaleway API-Gateway
      Strict-Transport-Security:
      - max-age=63072000
      X-Content-Type-Options:
      - nosniff
      X-Frame-Options:
      - DENY
      X-Request-Id:
      - 0eaccff8-12ce-40d0-9d49-5c1e58bb552c
    status: 404 Not Found
    code: 404
    duration: ""
- request:
    body: ""
    form: {}
    headers:
      User-Agent:
      - scaleway-sdk-go/v1.0.0-beta.7+dev (go1.18.1; linux; amd64) terraform-provider/develop
        terraform/terraform-tests
    url: https://api.scaleway.com/iam/v1alpha1/applications/aaf18c92-b704-4833-a398-48591168eba3
    method: GET
  response:
    body: '{"message":"resource is not found","resource":"application","resource_id":"aaf18c92-b704-4833-a398-48591168eba3","type":"not_found"}'
    headers:
      Content-Length:
      - "132"
      Content-Security-Policy:
      - default-src 'none'; frame-ancestors 'none'
      Content-Type:
      - application/json
      Date:
      - Tue, 28 Jun 2022 11:37:19 GMT
      Server:
      - Scaleway API-Gateway
      Strict-Transport-Security:
      - max-age=63072000
      X-Content-Type-Options:
      - nosniff
      X-Frame-Options:
      - DENY
      X-Request-Id:
      - 64541a2e-0c52-43c2-a317-cd3b6a923b5f
    status: 404 Not Found
    code: 404
    duration: ""
- request:
    body: ""
    form: {}
    headers:
      User-Agent:
      - scaleway-sdk-go/v1.0.0-beta.7+dev (go1.18.1; linux; amd64) terraform-provider/develop
        terraform/terraform-tests
    url: https://api.scaleway.com/iam/v1alpha1/applications/b61a8933-1628-47cc-9d2f-c77afaa6a3aa
    method: GET
  response:
    body: '{"message":"resource is not found","resource":"application","resource_id":"b61a8933-1628-47cc-9d2f-c77afaa6a3aa","type":"not_found"}'
    headers:
      Content-Length:
      - "132"
      Content-Security-Policy:
      - default-src 'none'; frame-ancestors 'none'
      Content-Type:
      - application/json
      Date:
      - Tue, 28 Jun 2022 11:37:19 GMT
      Server:
      - Scaleway API-Gateway
      Strict-Transport-Security:
      - max-age=63072000
      X-Content-Type-Options:
      - nosniff
      X-Frame-Options:
      - DENY
      X-Request-Id:
      - 27e8bd50-eb08-43a4-b0a8-5e251e63623a
    status: 404 Not Found
    code: 404
    duration: ""
