---
version: 1
interactions:
- request:
    body: '{"name":"test-rdb-rr-different-zone","project_id":"fa1e3217-dc80-42ac-85c3-3f034b78b552","tags":[],"subnets":null}'
    form: {}
    headers:
      Content-Type:
      - application/json
      User-Agent:
      - scaleway-sdk-go/v1.0.0-beta.7+dev (go1.21.6; linux; amd64) terraform-provider/develop
        terraform/terraform-tests
    url: https://api.scaleway.com/vpc/v2/regions/fr-par/private-networks
    method: POST
  response:
    body: '{"created_at":"2024-02-20T14:04:39.709691Z","dhcp_enabled":true,"id":"9ffde406-3914-4fee-99b8-d96c7595f317","name":"test-rdb-rr-different-zone","organization_id":"fa1e3217-dc80-42ac-85c3-3f034b78b552","project_id":"fa1e3217-dc80-42ac-85c3-3f034b78b552","region":"fr-par","subnets":[{"created_at":"2024-02-20T14:04:39.709691Z","id":"189618df-6cab-4fc8-bfbf-22a69b612937","subnet":"172.16.20.0/22","updated_at":"2024-02-20T14:04:39.709691Z"},{"created_at":"2024-02-20T14:04:39.709691Z","id":"67c965b4-7654-4fd4-9de6-19ed4170e7a1","subnet":"fd63:256c:45f7:9634::/64","updated_at":"2024-02-20T14:04:39.709691Z"}],"tags":[],"updated_at":"2024-02-20T14:04:39.709691Z","vpc_id":"1ec1ecb6-8f58-4f7c-92cc-53c2a5ae519c"}'
    headers:
      Content-Length:
      - "727"
      Content-Security-Policy:
      - default-src 'none'; frame-ancestors 'none'
      Content-Type:
      - application/json
      Date:
      - Tue, 20 Feb 2024 14:04:40 GMT
      Server:
      - Scaleway API Gateway (fr-par-3;edge01)
      Strict-Transport-Security:
      - max-age=63072000
      X-Content-Type-Options:
      - nosniff
      X-Frame-Options:
      - DENY
      X-Request-Id:
      - 1731d417-5a18-4c6f-878b-a987cafdc18a
    status: 200 OK
    code: 200
    duration: ""
- request:
    body: ""
    form: {}
    headers:
      User-Agent:
      - scaleway-sdk-go/v1.0.0-beta.7+dev (go1.21.6; linux; amd64) terraform-provider/develop
        terraform/terraform-tests
    url: https://api.scaleway.com/vpc/v2/regions/fr-par/private-networks/9ffde406-3914-4fee-99b8-d96c7595f317
    method: GET
  response:
    body: '{"created_at":"2024-02-20T14:04:39.709691Z","dhcp_enabled":true,"id":"9ffde406-3914-4fee-99b8-d96c7595f317","name":"test-rdb-rr-different-zone","organization_id":"fa1e3217-dc80-42ac-85c3-3f034b78b552","project_id":"fa1e3217-dc80-42ac-85c3-3f034b78b552","region":"fr-par","subnets":[{"created_at":"2024-02-20T14:04:39.709691Z","id":"189618df-6cab-4fc8-bfbf-22a69b612937","subnet":"172.16.20.0/22","updated_at":"2024-02-20T14:04:39.709691Z"},{"created_at":"2024-02-20T14:04:39.709691Z","id":"67c965b4-7654-4fd4-9de6-19ed4170e7a1","subnet":"fd63:256c:45f7:9634::/64","updated_at":"2024-02-20T14:04:39.709691Z"}],"tags":[],"updated_at":"2024-02-20T14:04:39.709691Z","vpc_id":"1ec1ecb6-8f58-4f7c-92cc-53c2a5ae519c"}'
    headers:
      Content-Length:
      - "727"
      Content-Security-Policy:
      - default-src 'none'; frame-ancestors 'none'
      Content-Type:
      - application/json
      Date:
      - Tue, 20 Feb 2024 14:04:40 GMT
      Server:
      - Scaleway API Gateway (fr-par-3;edge01)
      Strict-Transport-Security:
      - max-age=63072000
      X-Content-Type-Options:
      - nosniff
      X-Frame-Options:
      - DENY
      X-Request-Id:
      - a8f6a646-f71a-4e8f-99cf-13e5f6a94402
    status: 200 OK
    code: 200
    duration: ""
- request:
    body: '{"project_id":"fa1e3217-dc80-42ac-85c3-3f034b78b552","name":"test-rdb-rr-different-zone","engine":"PostgreSQL-14","user_name":"my_initial_user","password":"thiZ_is_v\u0026ry_s3cret","node_type":"db-dev-s","is_ha_cluster":false,"disable_backup":true,"tags":["terraform-test","scaleway_rdb_read_replica","different-zone"],"init_settings":null,"volume_type":"lssd","volume_size":0,"init_endpoints":null,"backup_same_region":false}'
    form: {}
    headers:
      Content-Type:
      - application/json
      User-Agent:
      - scaleway-sdk-go/v1.0.0-beta.7+dev (go1.21.6; linux; amd64) terraform-provider/develop
        terraform/terraform-tests
    url: https://api.scaleway.com/rdb/v1/regions/fr-par/instances
    method: POST
  response:
    body: '{"backup_same_region":false,"backup_schedule":{"disabled":true,"frequency":24,"next_run_at":null,"retention":7},"created_at":"2024-02-20T14:04:45.720956Z","endpoint":null,"endpoints":[],"engine":"PostgreSQL-14","id":"e7de3530-3e6e-4c62-b3e2-2d728e6ffa47","init_settings":[],"is_ha_cluster":false,"logs_policy":{"max_age_retention":30,"total_disk_retention":null},"maintenances":[],"name":"test-rdb-rr-different-zone","node_type":"db-dev-s","organization_id":"fa1e3217-dc80-42ac-85c3-3f034b78b552","project_id":"fa1e3217-dc80-42ac-85c3-3f034b78b552","read_replicas":[],"region":"fr-par","settings":[],"status":"provisioning","tags":["terraform-test","scaleway_rdb_read_replica","different-zone"],"upgradable_version":[{"id":"01ea6b82-47cd-4237-892d-0a882e686223","minor_version":"15.5","name":"PostgreSQL-15","version":"15"}],"volume":{"class":"lssd","size":5000000000,"type":"lssd"}}'
    headers:
      Content-Length:
      - "915"
      Content-Security-Policy:
      - default-src 'none'; frame-ancestors 'none'
      Content-Type:
      - application/json
      Date:
      - Tue, 20 Feb 2024 14:04:46 GMT
      Server:
      - Scaleway API Gateway (fr-par-3;edge01)
      Strict-Transport-Security:
      - max-age=63072000
      X-Content-Type-Options:
      - nosniff
      X-Frame-Options:
      - DENY
      X-Request-Id:
      - 399936e0-a055-4326-8ea5-9c43f183a01c
    status: 200 OK
    code: 200
    duration: ""
- request:
    body: ""
    form: {}
    headers:
      User-Agent:
      - scaleway-sdk-go/v1.0.0-beta.7+dev (go1.21.6; linux; amd64) terraform-provider/develop
        terraform/terraform-tests
    url: https://api.scaleway.com/rdb/v1/regions/fr-par/instances/e7de3530-3e6e-4c62-b3e2-2d728e6ffa47
    method: GET
  response:
    body: '{"backup_same_region":false,"backup_schedule":{"disabled":true,"frequency":24,"next_run_at":null,"retention":7},"created_at":"2024-02-20T14:04:45.720956Z","endpoint":null,"endpoints":[],"engine":"PostgreSQL-14","id":"e7de3530-3e6e-4c62-b3e2-2d728e6ffa47","init_settings":[],"is_ha_cluster":false,"logs_policy":{"max_age_retention":30,"total_disk_retention":null},"maintenances":[],"name":"test-rdb-rr-different-zone","node_type":"db-dev-s","organization_id":"fa1e3217-dc80-42ac-85c3-3f034b78b552","project_id":"fa1e3217-dc80-42ac-85c3-3f034b78b552","read_replicas":[],"region":"fr-par","settings":[],"status":"provisioning","tags":["terraform-test","scaleway_rdb_read_replica","different-zone"],"upgradable_version":[{"id":"01ea6b82-47cd-4237-892d-0a882e686223","minor_version":"15.5","name":"PostgreSQL-15","version":"15"}],"volume":{"class":"lssd","size":5000000000,"type":"lssd"}}'
    headers:
      Content-Length:
      - "915"
      Content-Security-Policy:
      - default-src 'none'; frame-ancestors 'none'
      Content-Type:
      - application/json
      Date:
      - Tue, 20 Feb 2024 14:04:46 GMT
      Server:
      - Scaleway API Gateway (fr-par-3;edge01)
      Strict-Transport-Security:
      - max-age=63072000
      X-Content-Type-Options:
      - nosniff
      X-Frame-Options:
      - DENY
      X-Request-Id:
      - 3d3eb205-0b30-4032-9353-7b2b9b0e9c9c
    status: 200 OK
    code: 200
    duration: ""
- request:
    body: ""
    form: {}
    headers:
      User-Agent:
      - scaleway-sdk-go/v1.0.0-beta.7+dev (go1.21.6; linux; amd64) terraform-provider/develop
        terraform/terraform-tests
    url: https://api.scaleway.com/rdb/v1/regions/fr-par/instances/e7de3530-3e6e-4c62-b3e2-2d728e6ffa47
    method: GET
  response:
    body: '{"backup_same_region":false,"backup_schedule":{"disabled":true,"frequency":24,"next_run_at":null,"retention":7},"created_at":"2024-02-20T14:04:45.720956Z","endpoint":null,"endpoints":[],"engine":"PostgreSQL-14","id":"e7de3530-3e6e-4c62-b3e2-2d728e6ffa47","init_settings":[],"is_ha_cluster":false,"logs_policy":{"max_age_retention":30,"total_disk_retention":null},"maintenances":[],"name":"test-rdb-rr-different-zone","node_type":"db-dev-s","organization_id":"fa1e3217-dc80-42ac-85c3-3f034b78b552","project_id":"fa1e3217-dc80-42ac-85c3-3f034b78b552","read_replicas":[],"region":"fr-par","settings":[],"status":"provisioning","tags":["terraform-test","scaleway_rdb_read_replica","different-zone"],"upgradable_version":[{"id":"01ea6b82-47cd-4237-892d-0a882e686223","minor_version":"15.5","name":"PostgreSQL-15","version":"15"}],"volume":{"class":"lssd","size":5000000000,"type":"lssd"}}'
    headers:
      Content-Length:
      - "915"
      Content-Security-Policy:
      - default-src 'none'; frame-ancestors 'none'
      Content-Type:
      - application/json
      Date:
      - Tue, 20 Feb 2024 14:05:19 GMT
      Server:
      - Scaleway API Gateway (fr-par-3;edge01)
      Strict-Transport-Security:
      - max-age=63072000
      X-Content-Type-Options:
      - nosniff
      X-Frame-Options:
      - DENY
      X-Request-Id:
      - 0076daab-c102-4c20-9ccf-256eedb7a2f3
    status: 200 OK
    code: 200
    duration: ""
- request:
    body: ""
    form: {}
    headers:
      User-Agent:
      - scaleway-sdk-go/v1.0.0-beta.7+dev (go1.21.6; linux; amd64) terraform-provider/develop
        terraform/terraform-tests
    url: https://api.scaleway.com/rdb/v1/regions/fr-par/instances/e7de3530-3e6e-4c62-b3e2-2d728e6ffa47
    method: GET
  response:
    body: '{"backup_same_region":false,"backup_schedule":{"disabled":true,"frequency":24,"next_run_at":null,"retention":7},"created_at":"2024-02-20T14:04:45.720956Z","endpoint":null,"endpoints":[],"engine":"PostgreSQL-14","id":"e7de3530-3e6e-4c62-b3e2-2d728e6ffa47","init_settings":[],"is_ha_cluster":false,"logs_policy":{"max_age_retention":30,"total_disk_retention":null},"maintenances":[],"name":"test-rdb-rr-different-zone","node_type":"db-dev-s","organization_id":"fa1e3217-dc80-42ac-85c3-3f034b78b552","project_id":"fa1e3217-dc80-42ac-85c3-3f034b78b552","read_replicas":[],"region":"fr-par","settings":[],"status":"initializing","tags":["terraform-test","scaleway_rdb_read_replica","different-zone"],"upgradable_version":[{"id":"01ea6b82-47cd-4237-892d-0a882e686223","minor_version":"15.5","name":"PostgreSQL-15","version":"15"}],"volume":{"class":"lssd","size":5000000000,"type":"lssd"}}'
    headers:
      Content-Length:
      - "915"
      Content-Security-Policy:
      - default-src 'none'; frame-ancestors 'none'
      Content-Type:
      - application/json
      Date:
      - Tue, 20 Feb 2024 14:05:49 GMT
      Server:
      - Scaleway API Gateway (fr-par-3;edge01)
      Strict-Transport-Security:
      - max-age=63072000
      X-Content-Type-Options:
      - nosniff
      X-Frame-Options:
      - DENY
      X-Request-Id:
      - d3ec611e-7826-4518-bd92-9eb044ce7ba6
    status: 200 OK
    code: 200
    duration: ""
- request:
    body: ""
    form: {}
    headers:
      User-Agent:
      - scaleway-sdk-go/v1.0.0-beta.7+dev (go1.21.6; linux; amd64) terraform-provider/develop
        terraform/terraform-tests
    url: https://api.scaleway.com/rdb/v1/regions/fr-par/instances/e7de3530-3e6e-4c62-b3e2-2d728e6ffa47
    method: GET
  response:
    body: '{"backup_same_region":false,"backup_schedule":{"disabled":true,"frequency":24,"next_run_at":null,"retention":7},"created_at":"2024-02-20T14:04:45.720956Z","endpoint":null,"endpoints":[],"engine":"PostgreSQL-14","id":"e7de3530-3e6e-4c62-b3e2-2d728e6ffa47","init_settings":[],"is_ha_cluster":false,"logs_policy":{"max_age_retention":30,"total_disk_retention":null},"maintenances":[],"name":"test-rdb-rr-different-zone","node_type":"db-dev-s","organization_id":"fa1e3217-dc80-42ac-85c3-3f034b78b552","project_id":"fa1e3217-dc80-42ac-85c3-3f034b78b552","read_replicas":[],"region":"fr-par","settings":[],"status":"initializing","tags":["terraform-test","scaleway_rdb_read_replica","different-zone"],"upgradable_version":[{"id":"01ea6b82-47cd-4237-892d-0a882e686223","minor_version":"15.5","name":"PostgreSQL-15","version":"15"}],"volume":{"class":"lssd","size":5000000000,"type":"lssd"}}'
    headers:
      Content-Length:
      - "915"
      Content-Security-Policy:
      - default-src 'none'; frame-ancestors 'none'
      Content-Type:
      - application/json
      Date:
      - Tue, 20 Feb 2024 14:06:24 GMT
      Server:
      - Scaleway API Gateway (fr-par-3;edge01)
      Strict-Transport-Security:
      - max-age=63072000
      X-Content-Type-Options:
      - nosniff
      X-Frame-Options:
      - DENY
      X-Request-Id:
      - f4336eab-b7cd-49bc-8f61-12e29fd07637
    status: 200 OK
    code: 200
    duration: ""
- request:
    body: ""
    form: {}
    headers:
      User-Agent:
      - scaleway-sdk-go/v1.0.0-beta.7+dev (go1.21.6; linux; amd64) terraform-provider/develop
        terraform/terraform-tests
    url: https://api.scaleway.com/rdb/v1/regions/fr-par/instances/e7de3530-3e6e-4c62-b3e2-2d728e6ffa47
    method: GET
  response:
    body: '{"backup_same_region":false,"backup_schedule":{"disabled":true,"frequency":24,"next_run_at":null,"retention":7},"created_at":"2024-02-20T14:04:45.720956Z","endpoint":null,"endpoints":[],"engine":"PostgreSQL-14","id":"e7de3530-3e6e-4c62-b3e2-2d728e6ffa47","init_settings":[],"is_ha_cluster":false,"logs_policy":{"max_age_retention":30,"total_disk_retention":null},"maintenances":[],"name":"test-rdb-rr-different-zone","node_type":"db-dev-s","organization_id":"fa1e3217-dc80-42ac-85c3-3f034b78b552","project_id":"fa1e3217-dc80-42ac-85c3-3f034b78b552","read_replicas":[],"region":"fr-par","settings":[],"status":"initializing","tags":["terraform-test","scaleway_rdb_read_replica","different-zone"],"upgradable_version":[{"id":"01ea6b82-47cd-4237-892d-0a882e686223","minor_version":"15.5","name":"PostgreSQL-15","version":"15"}],"volume":{"class":"lssd","size":5000000000,"type":"lssd"}}'
    headers:
      Content-Length:
      - "915"
      Content-Security-Policy:
      - default-src 'none'; frame-ancestors 'none'
      Content-Type:
      - application/json
      Date:
      - Tue, 20 Feb 2024 14:06:54 GMT
      Server:
      - Scaleway API Gateway (fr-par-3;edge01)
      Strict-Transport-Security:
      - max-age=63072000
      X-Content-Type-Options:
      - nosniff
      X-Frame-Options:
      - DENY
      X-Request-Id:
      - d28a325e-407c-4b73-b0ef-79268ba8b0ae
    status: 200 OK
    code: 200
    duration: ""
- request:
    body: ""
    form: {}
    headers:
      User-Agent:
      - scaleway-sdk-go/v1.0.0-beta.7+dev (go1.21.6; linux; amd64) terraform-provider/develop
        terraform/terraform-tests
    url: https://api.scaleway.com/rdb/v1/regions/fr-par/instances/e7de3530-3e6e-4c62-b3e2-2d728e6ffa47
    method: GET
  response:
    body: '{"backup_same_region":false,"backup_schedule":{"disabled":true,"frequency":24,"next_run_at":null,"retention":7},"created_at":"2024-02-20T14:04:45.720956Z","endpoint":null,"endpoints":[],"engine":"PostgreSQL-14","id":"e7de3530-3e6e-4c62-b3e2-2d728e6ffa47","init_settings":[],"is_ha_cluster":false,"logs_policy":{"max_age_retention":30,"total_disk_retention":null},"maintenances":[],"name":"test-rdb-rr-different-zone","node_type":"db-dev-s","organization_id":"fa1e3217-dc80-42ac-85c3-3f034b78b552","project_id":"fa1e3217-dc80-42ac-85c3-3f034b78b552","read_replicas":[],"region":"fr-par","settings":[],"status":"initializing","tags":["terraform-test","scaleway_rdb_read_replica","different-zone"],"upgradable_version":[{"id":"01ea6b82-47cd-4237-892d-0a882e686223","minor_version":"15.5","name":"PostgreSQL-15","version":"15"}],"volume":{"class":"lssd","size":5000000000,"type":"lssd"}}'
    headers:
      Content-Length:
      - "915"
      Content-Security-Policy:
      - default-src 'none'; frame-ancestors 'none'
      Content-Type:
      - application/json
      Date:
      - Tue, 20 Feb 2024 14:07:26 GMT
      Server:
      - Scaleway API Gateway (fr-par-3;edge01)
      Strict-Transport-Security:
      - max-age=63072000
      X-Content-Type-Options:
      - nosniff
      X-Frame-Options:
      - DENY
      X-Request-Id:
      - a036052c-222b-4445-a22b-9b1e165b6901
    status: 200 OK
    code: 200
    duration: ""
- request:
    body: ""
    form: {}
    headers:
      User-Agent:
      - scaleway-sdk-go/v1.0.0-beta.7+dev (go1.21.6; linux; amd64) terraform-provider/develop
        terraform/terraform-tests
    url: https://api.scaleway.com/rdb/v1/regions/fr-par/instances/e7de3530-3e6e-4c62-b3e2-2d728e6ffa47
    method: GET
  response:
    body: '{"backup_same_region":false,"backup_schedule":{"disabled":true,"frequency":24,"next_run_at":null,"retention":7},"created_at":"2024-02-20T14:04:45.720956Z","endpoint":null,"endpoints":[],"engine":"PostgreSQL-14","id":"e7de3530-3e6e-4c62-b3e2-2d728e6ffa47","init_settings":[],"is_ha_cluster":false,"logs_policy":{"max_age_retention":30,"total_disk_retention":null},"maintenances":[],"name":"test-rdb-rr-different-zone","node_type":"db-dev-s","organization_id":"fa1e3217-dc80-42ac-85c3-3f034b78b552","project_id":"fa1e3217-dc80-42ac-85c3-3f034b78b552","read_replicas":[],"region":"fr-par","settings":[{"name":"effective_cache_size","value":"1300"},{"name":"maintenance_work_mem","value":"150"},{"name":"max_connections","value":"100"},{"name":"max_parallel_workers","value":"0"},{"name":"max_parallel_workers_per_gather","value":"0"},{"name":"work_mem","value":"4"}],"status":"initializing","tags":["terraform-test","scaleway_rdb_read_replica","different-zone"],"upgradable_version":[{"id":"01ea6b82-47cd-4237-892d-0a882e686223","minor_version":"15.5","name":"PostgreSQL-15","version":"15"}],"volume":{"class":"lssd","size":5000000000,"type":"lssd"}}'
    headers:
      Content-Length:
      - "1190"
      Content-Security-Policy:
      - default-src 'none'; frame-ancestors 'none'
      Content-Type:
      - application/json
      Date:
      - Tue, 20 Feb 2024 14:07:56 GMT
      Server:
      - Scaleway API Gateway (fr-par-3;edge01)
      Strict-Transport-Security:
      - max-age=63072000
      X-Content-Type-Options:
      - nosniff
      X-Frame-Options:
      - DENY
      X-Request-Id:
      - 251cfd34-b210-4cc2-b6f0-daa2ef303c8a
    status: 200 OK
    code: 200
    duration: ""
- request:
    body: ""
    form: {}
    headers:
      User-Agent:
      - scaleway-sdk-go/v1.0.0-beta.7+dev (go1.21.6; linux; amd64) terraform-provider/develop
        terraform/terraform-tests
    url: https://api.scaleway.com/rdb/v1/regions/fr-par/instances/e7de3530-3e6e-4c62-b3e2-2d728e6ffa47
    method: GET
  response:
    body: '{"backup_same_region":false,"backup_schedule":{"disabled":true,"frequency":24,"next_run_at":null,"retention":7},"created_at":"2024-02-20T14:04:45.720956Z","endpoint":{"id":"c4050890-30bd-466c-8474-7edbbfe61bf9","ip":"51.159.11.69","load_balancer":{},"name":null,"port":19271},"endpoints":[{"id":"c4050890-30bd-466c-8474-7edbbfe61bf9","ip":"51.159.11.69","load_balancer":{},"name":null,"port":19271}],"engine":"PostgreSQL-14","id":"e7de3530-3e6e-4c62-b3e2-2d728e6ffa47","init_settings":[],"is_ha_cluster":false,"logs_policy":{"max_age_retention":30,"total_disk_retention":null},"maintenances":[],"name":"test-rdb-rr-different-zone","node_type":"db-dev-s","organization_id":"fa1e3217-dc80-42ac-85c3-3f034b78b552","project_id":"fa1e3217-dc80-42ac-85c3-3f034b78b552","read_replicas":[],"region":"fr-par","settings":[{"name":"effective_cache_size","value":"1300"},{"name":"maintenance_work_mem","value":"150"},{"name":"max_connections","value":"100"},{"name":"max_parallel_workers","value":"0"},{"name":"max_parallel_workers_per_gather","value":"0"},{"name":"work_mem","value":"4"}],"status":"ready","tags":["terraform-test","scaleway_rdb_read_replica","different-zone"],"upgradable_version":[{"id":"01ea6b82-47cd-4237-892d-0a882e686223","minor_version":"15.5","name":"PostgreSQL-15","version":"15"}],"volume":{"class":"lssd","size":5000000000,"type":"lssd"}}'
    headers:
      Content-Length:
      - "1405"
      Content-Security-Policy:
      - default-src 'none'; frame-ancestors 'none'
      Content-Type:
      - application/json
      Date:
      - Tue, 20 Feb 2024 14:08:30 GMT
      Server:
      - Scaleway API Gateway (fr-par-3;edge01)
      Strict-Transport-Security:
      - max-age=63072000
      X-Content-Type-Options:
      - nosniff
      X-Frame-Options:
      - DENY
      X-Request-Id:
      - d96eb492-d0ab-41f9-9a62-38a50ec72fc9
    status: 200 OK
    code: 200
    duration: ""
- request:
    body: ""
    form: {}
    headers:
      User-Agent:
      - scaleway-sdk-go/v1.0.0-beta.7+dev (go1.21.6; linux; amd64) terraform-provider/develop
        terraform/terraform-tests
    url: https://api.scaleway.com/rdb/v1/regions/fr-par/instances/e7de3530-3e6e-4c62-b3e2-2d728e6ffa47/certificate
    method: GET
  response:
    body: '{"content":"LS0tLS1CRUdJTiBDRVJUSUZJQ0FURS0tLS0tCk1JSUQrRENDQXVDZ0F3SUJBZ0lVZVR6bkd6bkdQZG9mQ0MyQjV1UGw2Rkx1MGZvd0RRWUpLb1pJaHZjTkFRRUwKQlFBd1Z6RUxNQWtHQTFVRUJoTUNSbEl4RGpBTUJnTlZCQWdNQlZCaGNtbHpNUTR3REFZRFZRUUhEQVZRWVhKcApjekVSTUE4R0ExVUVDZ3dJVTJOaGJHVjNZWGt4RlRBVEJnTlZCQU1NRERVeExqRTFPUzR4TVM0Mk9UQWVGdzB5Ck5EQXlNakF4TkRBM05URmFGdzB6TkRBeU1UY3hOREEzTlRGYU1GY3hDekFKQmdOVkJBWVRBa1pTTVE0d0RBWUQKVlFRSURBVlFZWEpwY3pFT01Bd0dBMVVFQnd3RlVHRnlhWE14RVRBUEJnTlZCQW9NQ0ZOallXeGxkMkY1TVJVdwpFd1lEVlFRRERBdzFNUzR4TlRrdU1URXVOamt3Z2dFaU1BMEdDU3FHU0liM0RRRUJBUVVBQTRJQkR3QXdnZ0VLCkFvSUJBUUNZY0pZdUFSdy9VUmZkSkpDdy84c2xKK0VHOGgxZ2xtRjJrTkRNOXU2UjVXbGRvZ0xxdG5naml0ek8KZEZEL3VSK2lIM0NZZDRPaXJjTVNPK3M1dVN3eXZWSW5FTlV1RitYNm9wSjdBZVB1eGg4OWRiTFp0U1FqK0VOMQp1QTFiU2w1dEpLbkVJZitDTUZWZU1BUWc0VXJoVGUwWlo3MnZjU3MxWHpwekdlSjcwS253dUQrSjQ3dDJUV05xCkhua3Urb3FlUDVHWGRQV3ZvTGdIeC9tNlp2ekk2T3BiWnNsM0lQSk5yOTV5TktLcTJ4NDdoZVFDc1MvVGRqRUgKYUJxSzR0OHk4QUc0VFN5bmdtdER1eWNQbmkwWVVEYy9wNE9kZnRDaWUrdDlyYno5ZGNpQzgyVm9nRzNFV3JCaApzMEZpUGhhMGEzRnhjOXQ5WTdPaGVra28vbVdiQWdNQkFBR2pnYnN3Z2Jnd2diVUdBMVVkRVFTQnJUQ0Jxb0lNCk5URXVNVFU1TGpFeExqWTVnanh5ZHkxbE4yUmxNelV6TUMwelpUWmxMVFJqTmpJdFlqTmxNaTB5WkRjeU9HVTIKWm1aaE5EY3VjbVJpTG1aeUxYQmhjaTV6WTNjdVkyeHZkV1NDRERVeExqRTFPUzR4TVM0Mk9ZSThjbmN0WlRkawpaVE0xTXpBdE0yVTJaUzAwWXpZeUxXSXpaVEl0TW1RM01qaGxObVptWVRRM0xuSmtZaTVtY2kxd1lYSXVjMk4zCkxtTnNiM1ZraHdRem5uM0lod1F6bnd0Rmh3UXpud3RGTUEwR0NTcUdTSWIzRFFFQkN3VUFBNElCQVFBcTBiejEKWm9HSWlBdmFnTW55MXROWlhmZDNWbWRHSkFVOFJqa2xUMWRPVDBGQ2w2ZERKTU9QZnM4c00rQzVDTllHZG9FUApJcHpkcmEyRnB2eWh0M2hzSWZuaThFY0pkV0hFSXBaUW55RVpobzZlVldmR0Q0eEN1NW5XaVdlKzFvWkM3aVB3Ck96K0NJTFBoM0t4Rit6WVRwRTcvY3VpMXFWTTNxRnM3VitDZ0FHVHNoR2N6Q2crbGlTZHl2Y2FEdnFaZDNuNE8KaXd5VGRwL0ZFTEdxek9hcXQ0ZnA5TkthcktIME9VMUZtTVpoUTB3MFVibmxvOFlVYmJjUU1rTFZNbkVibmZuZQpVRTNkbXJEbnd6T2RqWmtVSVdVaW51RHpsNW9BaDlQTlpLUEpPRDBrZXZmVy9PUlZrVHdTMCtZdzIzdWVGT0crCjF4OVdab2Z1Q0tCZllBNGsKLS0tLS1FTkQgQ0VSVElGSUNBVEUtLS0tLQo=","content_type":"application/x-pem-file","name":"ssl_certificate"}'
    headers:
      Content-Length:
      - "1997"
      Content-Security-Policy:
      - default-src 'none'; frame-ancestors 'none'
      Content-Type:
      - application/json
      Date:
      - Tue, 20 Feb 2024 14:08:30 GMT
      Server:
      - Scaleway API Gateway (fr-par-3;edge01)
      Strict-Transport-Security:
      - max-age=63072000
      X-Content-Type-Options:
      - nosniff
      X-Frame-Options:
      - DENY
      X-Request-Id:
      - d704f646-2458-43de-b05d-74ed0577a70b
    status: 200 OK
    code: 200
    duration: ""
- request:
    body: '{"instance_id":"e7de3530-3e6e-4c62-b3e2-2d728e6ffa47","endpoint_spec":[{"private_network":{"private_network_id":"9ffde406-3914-4fee-99b8-d96c7595f317","ipam_config":{}}}],"same_zone":true}'
    form: {}
    headers:
      Content-Type:
      - application/json
      User-Agent:
      - scaleway-sdk-go/v1.0.0-beta.7+dev (go1.21.6; linux; amd64) terraform-provider/develop
        terraform/terraform-tests
    url: https://api.scaleway.com/rdb/v1/regions/fr-par/read-replicas
    method: POST
  response:
    body: '{"endpoints":[{"id":"b27cd889-0e78-4997-9bc9-d80123546ed9","ip":"172.16.20.2","name":null,"port":5432,"private_network":{"private_network_id":"9ffde406-3914-4fee-99b8-d96c7595f317","service_ip":"172.16.20.2/22","zone":"fr-par-1"}}],"id":"3abab958-772f-4e83-a4ad-bdc0414c90f2","instance_id":"e7de3530-3e6e-4c62-b3e2-2d728e6ffa47","region":"fr-par","same_zone":true,"status":"provisioning"}'
    headers:
      Content-Length:
      - "399"
      Content-Security-Policy:
      - default-src 'none'; frame-ancestors 'none'
      Content-Type:
      - application/json
      Date:
      - Tue, 20 Feb 2024 14:08:31 GMT
      Server:
      - Scaleway API Gateway (fr-par-3;edge01)
      Strict-Transport-Security:
      - max-age=63072000
      X-Content-Type-Options:
      - nosniff
      X-Frame-Options:
      - DENY
      X-Request-Id:
      - 973aeab9-ff06-4d9b-8ded-e2436caf48cc
    status: 200 OK
    code: 200
    duration: ""
- request:
    body: ""
    form: {}
    headers:
      User-Agent:
      - scaleway-sdk-go/v1.0.0-beta.7+dev (go1.21.6; linux; amd64) terraform-provider/develop
        terraform/terraform-tests
    url: https://api.scaleway.com/rdb/v1/regions/fr-par/read-replicas/3abab958-772f-4e83-a4ad-bdc0414c90f2
    method: GET
  response:
    body: '{"endpoints":[{"id":"b27cd889-0e78-4997-9bc9-d80123546ed9","ip":"172.16.20.2","name":null,"port":5432,"private_network":{"private_network_id":"9ffde406-3914-4fee-99b8-d96c7595f317","service_ip":"172.16.20.2/22","zone":"fr-par-1"}}],"id":"3abab958-772f-4e83-a4ad-bdc0414c90f2","instance_id":"e7de3530-3e6e-4c62-b3e2-2d728e6ffa47","region":"fr-par","same_zone":true,"status":"provisioning"}'
    headers:
      Content-Length:
      - "399"
      Content-Security-Policy:
      - default-src 'none'; frame-ancestors 'none'
      Content-Type:
      - application/json
      Date:
      - Tue, 20 Feb 2024 14:08:31 GMT
      Server:
      - Scaleway API Gateway (fr-par-3;edge01)
      Strict-Transport-Security:
      - max-age=63072000
      X-Content-Type-Options:
      - nosniff
      X-Frame-Options:
      - DENY
      X-Request-Id:
      - b4205016-1818-41c6-a114-e86c3146a5da
    status: 200 OK
    code: 200
    duration: ""
- request:
    body: ""
    form: {}
    headers:
      User-Agent:
      - scaleway-sdk-go/v1.0.0-beta.7+dev (go1.21.6; linux; amd64) terraform-provider/develop
        terraform/terraform-tests
    url: https://api.scaleway.com/rdb/v1/regions/fr-par/read-replicas/3abab958-772f-4e83-a4ad-bdc0414c90f2
    method: GET
  response:
    body: '{"endpoints":[{"id":"b27cd889-0e78-4997-9bc9-d80123546ed9","ip":"172.16.20.2","name":null,"port":5432,"private_network":{"private_network_id":"9ffde406-3914-4fee-99b8-d96c7595f317","service_ip":"172.16.20.2/22","zone":"fr-par-1"}}],"id":"3abab958-772f-4e83-a4ad-bdc0414c90f2","instance_id":"e7de3530-3e6e-4c62-b3e2-2d728e6ffa47","region":"fr-par","same_zone":true,"status":"provisioning"}'
    headers:
      Content-Length:
      - "399"
      Content-Security-Policy:
      - default-src 'none'; frame-ancestors 'none'
      Content-Type:
      - application/json
      Date:
      - Tue, 20 Feb 2024 14:09:01 GMT
      Server:
      - Scaleway API Gateway (fr-par-3;edge01)
      Strict-Transport-Security:
      - max-age=63072000
      X-Content-Type-Options:
      - nosniff
      X-Frame-Options:
      - DENY
      X-Request-Id:
      - 70877d31-960a-4577-9fd1-0881162e9d64
    status: 200 OK
    code: 200
    duration: ""
- request:
    body: ""
    form: {}
    headers:
      User-Agent:
      - scaleway-sdk-go/v1.0.0-beta.7+dev (go1.21.6; linux; amd64) terraform-provider/develop
        terraform/terraform-tests
    url: https://api.scaleway.com/rdb/v1/regions/fr-par/read-replicas/3abab958-772f-4e83-a4ad-bdc0414c90f2
    method: GET
  response:
    body: '{"endpoints":[{"id":"b27cd889-0e78-4997-9bc9-d80123546ed9","ip":"172.16.20.2","name":null,"port":5432,"private_network":{"private_network_id":"9ffde406-3914-4fee-99b8-d96c7595f317","service_ip":"172.16.20.2/22","zone":"fr-par-1"}}],"id":"3abab958-772f-4e83-a4ad-bdc0414c90f2","instance_id":"e7de3530-3e6e-4c62-b3e2-2d728e6ffa47","region":"fr-par","same_zone":true,"status":"initializing"}'
    headers:
      Content-Length:
      - "399"
      Content-Security-Policy:
      - default-src 'none'; frame-ancestors 'none'
      Content-Type:
      - application/json
      Date:
      - Tue, 20 Feb 2024 14:09:31 GMT
      Server:
      - Scaleway API Gateway (fr-par-3;edge01)
      Strict-Transport-Security:
      - max-age=63072000
      X-Content-Type-Options:
      - nosniff
      X-Frame-Options:
      - DENY
      X-Request-Id:
      - 755ea8b4-30e6-4d42-a4c7-b1f2f59233ed
    status: 200 OK
    code: 200
    duration: ""
- request:
    body: ""
    form: {}
    headers:
      User-Agent:
      - scaleway-sdk-go/v1.0.0-beta.7+dev (go1.21.6; linux; amd64) terraform-provider/develop
        terraform/terraform-tests
    url: https://api.scaleway.com/rdb/v1/regions/fr-par/read-replicas/3abab958-772f-4e83-a4ad-bdc0414c90f2
    method: GET
  response:
    body: '{"endpoints":[{"id":"b27cd889-0e78-4997-9bc9-d80123546ed9","ip":"172.16.20.2","name":null,"port":5432,"private_network":{"private_network_id":"9ffde406-3914-4fee-99b8-d96c7595f317","service_ip":"172.16.20.2/22","zone":"fr-par-1"}}],"id":"3abab958-772f-4e83-a4ad-bdc0414c90f2","instance_id":"e7de3530-3e6e-4c62-b3e2-2d728e6ffa47","region":"fr-par","same_zone":true,"status":"initializing"}'
    headers:
      Content-Length:
      - "399"
      Content-Security-Policy:
      - default-src 'none'; frame-ancestors 'none'
      Content-Type:
      - application/json
      Date:
      - Tue, 20 Feb 2024 14:10:02 GMT
      Server:
      - Scaleway API Gateway (fr-par-3;edge01)
      Strict-Transport-Security:
      - max-age=63072000
      X-Content-Type-Options:
      - nosniff
      X-Frame-Options:
      - DENY
      X-Request-Id:
      - 5daa43e6-1940-4cce-94f9-eb4cb1ce8c4c
    status: 200 OK
    code: 200
    duration: ""
- request:
    body: ""
    form: {}
    headers:
      User-Agent:
      - scaleway-sdk-go/v1.0.0-beta.7+dev (go1.21.6; linux; amd64) terraform-provider/develop
        terraform/terraform-tests
    url: https://api.scaleway.com/rdb/v1/regions/fr-par/read-replicas/3abab958-772f-4e83-a4ad-bdc0414c90f2
    method: GET
  response:
    body: '{"endpoints":[{"id":"b27cd889-0e78-4997-9bc9-d80123546ed9","ip":"172.16.20.2","name":null,"port":5432,"private_network":{"private_network_id":"9ffde406-3914-4fee-99b8-d96c7595f317","service_ip":"172.16.20.2/22","zone":"fr-par-1"}}],"id":"3abab958-772f-4e83-a4ad-bdc0414c90f2","instance_id":"e7de3530-3e6e-4c62-b3e2-2d728e6ffa47","region":"fr-par","same_zone":true,"status":"initializing"}'
    headers:
      Content-Length:
      - "399"
      Content-Security-Policy:
      - default-src 'none'; frame-ancestors 'none'
      Content-Type:
      - application/json
      Date:
      - Tue, 20 Feb 2024 14:10:32 GMT
      Server:
      - Scaleway API Gateway (fr-par-3;edge01)
      Strict-Transport-Security:
      - max-age=63072000
      X-Content-Type-Options:
      - nosniff
      X-Frame-Options:
      - DENY
      X-Request-Id:
      - f4bdc996-b686-41c6-9d5b-f9ba0c965c67
    status: 200 OK
    code: 200
    duration: ""
- request:
    body: ""
    form: {}
    headers:
      User-Agent:
      - scaleway-sdk-go/v1.0.0-beta.7+dev (go1.21.6; linux; amd64) terraform-provider/develop
        terraform/terraform-tests
    url: https://api.scaleway.com/rdb/v1/regions/fr-par/read-replicas/3abab958-772f-4e83-a4ad-bdc0414c90f2
    method: GET
  response:
    body: '{"endpoints":[{"id":"b27cd889-0e78-4997-9bc9-d80123546ed9","ip":"172.16.20.2","name":null,"port":5432,"private_network":{"private_network_id":"9ffde406-3914-4fee-99b8-d96c7595f317","service_ip":"172.16.20.2/22","zone":"fr-par-1"}}],"id":"3abab958-772f-4e83-a4ad-bdc0414c90f2","instance_id":"e7de3530-3e6e-4c62-b3e2-2d728e6ffa47","region":"fr-par","same_zone":true,"status":"ready"}'
    headers:
      Content-Length:
      - "392"
      Content-Security-Policy:
      - default-src 'none'; frame-ancestors 'none'
      Content-Type:
      - application/json
      Date:
      - Tue, 20 Feb 2024 14:11:02 GMT
      Server:
      - Scaleway API Gateway (fr-par-3;edge01)
      Strict-Transport-Security:
      - max-age=63072000
      X-Content-Type-Options:
      - nosniff
      X-Frame-Options:
      - DENY
      X-Request-Id:
      - f7cd7c25-e16d-4334-b301-8fa783b42ad0
    status: 200 OK
    code: 200
    duration: ""
- request:
    body: ""
    form: {}
    headers:
      User-Agent:
      - scaleway-sdk-go/v1.0.0-beta.7+dev (go1.21.6; linux; amd64) terraform-provider/develop
        terraform/terraform-tests
    url: https://api.scaleway.com/rdb/v1/regions/fr-par/read-replicas/3abab958-772f-4e83-a4ad-bdc0414c90f2
    method: GET
  response:
    body: '{"endpoints":[{"id":"b27cd889-0e78-4997-9bc9-d80123546ed9","ip":"172.16.20.2","name":null,"port":5432,"private_network":{"private_network_id":"9ffde406-3914-4fee-99b8-d96c7595f317","service_ip":"172.16.20.2/22","zone":"fr-par-1"}}],"id":"3abab958-772f-4e83-a4ad-bdc0414c90f2","instance_id":"e7de3530-3e6e-4c62-b3e2-2d728e6ffa47","region":"fr-par","same_zone":true,"status":"ready"}'
    headers:
      Content-Length:
      - "392"
      Content-Security-Policy:
      - default-src 'none'; frame-ancestors 'none'
      Content-Type:
      - application/json
      Date:
      - Tue, 20 Feb 2024 14:11:02 GMT
      Server:
      - Scaleway API Gateway (fr-par-3;edge01)
      Strict-Transport-Security:
      - max-age=63072000
      X-Content-Type-Options:
      - nosniff
      X-Frame-Options:
      - DENY
      X-Request-Id:
      - e5377452-d9a7-43b7-9396-d235e3a381ea
    status: 200 OK
    code: 200
    duration: ""
- request:
    body: ""
    form: {}
    headers:
      User-Agent:
      - scaleway-sdk-go/v1.0.0-beta.7+dev (go1.21.6; linux; amd64) terraform-provider/develop
        terraform/terraform-tests
    url: https://api.scaleway.com/ipam/v1/regions/fr-par/ips?is_ipv6=false&order_by=created_at_desc&page=1&resource_id=e7de3530-3e6e-4c62-b3e2-2d728e6ffa47&resource_type=rdb_instance
    method: GET
  response:
    body: '{"ips":[{"address":"172.16.20.2/22","created_at":"2024-02-20T14:08:31.382998Z","id":"e263a5df-30ae-432b-ab35-1bccd54d3038","is_ipv6":false,"project_id":"fa1e3217-dc80-42ac-85c3-3f034b78b552","region":"fr-par","resource":{"id":"e7de3530-3e6e-4c62-b3e2-2d728e6ffa47","mac_address":"02:00:00:18:83:54","name":"read-replica-3abab958","type":"rdb_instance"},"reverses":[],"source":{"subnet_id":"189618df-6cab-4fc8-bfbf-22a69b612937"},"tags":["managed","scwdbaas"],"updated_at":"2024-02-20T14:08:58.278624Z","zone":null}],"total_count":1}'
    headers:
      Content-Length:
      - "548"
      Content-Security-Policy:
      - default-src 'none'; frame-ancestors 'none'
      Content-Type:
      - application/json
      Date:
      - Tue, 20 Feb 2024 14:11:02 GMT
      Server:
      - Scaleway API Gateway (fr-par-3;edge01)
      Strict-Transport-Security:
      - max-age=63072000
      X-Content-Type-Options:
      - nosniff
      X-Frame-Options:
      - DENY
      X-Request-Id:
      - ce6ab073-5ec7-4156-b3c4-b82323fd5d5c
    status: 200 OK
    code: 200
    duration: ""
- request:
    body: ""
    form: {}
    headers:
      User-Agent:
      - scaleway-sdk-go/v1.0.0-beta.7+dev (go1.21.6; linux; amd64) terraform-provider/develop
        terraform/terraform-tests
    url: https://api.scaleway.com/rdb/v1/regions/fr-par/read-replicas/3abab958-772f-4e83-a4ad-bdc0414c90f2
    method: GET
  response:
    body: '{"endpoints":[{"id":"b27cd889-0e78-4997-9bc9-d80123546ed9","ip":"172.16.20.2","name":null,"port":5432,"private_network":{"private_network_id":"9ffde406-3914-4fee-99b8-d96c7595f317","service_ip":"172.16.20.2/22","zone":"fr-par-1"}}],"id":"3abab958-772f-4e83-a4ad-bdc0414c90f2","instance_id":"e7de3530-3e6e-4c62-b3e2-2d728e6ffa47","region":"fr-par","same_zone":true,"status":"ready"}'
    headers:
      Content-Length:
      - "392"
      Content-Security-Policy:
      - default-src 'none'; frame-ancestors 'none'
      Content-Type:
      - application/json
      Date:
      - Tue, 20 Feb 2024 14:11:02 GMT
      Server:
      - Scaleway API Gateway (fr-par-3;edge01)
      Strict-Transport-Security:
      - max-age=63072000
      X-Content-Type-Options:
      - nosniff
      X-Frame-Options:
      - DENY
      X-Request-Id:
      - e0d348a9-7622-4a1a-8833-5a90858e830e
    status: 200 OK
    code: 200
    duration: ""
- request:
    body: ""
    form: {}
    headers:
      User-Agent:
      - scaleway-sdk-go/v1.0.0-beta.7+dev (go1.21.6; linux; amd64) terraform-provider/develop
        terraform/terraform-tests
    url: https://api.scaleway.com/vpc/v2/regions/fr-par/private-networks/9ffde406-3914-4fee-99b8-d96c7595f317
    method: GET
  response:
    body: '{"created_at":"2024-02-20T14:04:39.709691Z","dhcp_enabled":true,"id":"9ffde406-3914-4fee-99b8-d96c7595f317","name":"test-rdb-rr-different-zone","organization_id":"fa1e3217-dc80-42ac-85c3-3f034b78b552","project_id":"fa1e3217-dc80-42ac-85c3-3f034b78b552","region":"fr-par","subnets":[{"created_at":"2024-02-20T14:04:39.709691Z","id":"189618df-6cab-4fc8-bfbf-22a69b612937","subnet":"172.16.20.0/22","updated_at":"2024-02-20T14:04:39.709691Z"},{"created_at":"2024-02-20T14:04:39.709691Z","id":"67c965b4-7654-4fd4-9de6-19ed4170e7a1","subnet":"fd63:256c:45f7:9634::/64","updated_at":"2024-02-20T14:04:39.709691Z"}],"tags":[],"updated_at":"2024-02-20T14:04:39.709691Z","vpc_id":"1ec1ecb6-8f58-4f7c-92cc-53c2a5ae519c"}'
    headers:
      Content-Length:
      - "727"
      Content-Security-Policy:
      - default-src 'none'; frame-ancestors 'none'
      Content-Type:
      - application/json
      Date:
      - Tue, 20 Feb 2024 14:11:02 GMT
      Server:
      - Scaleway API Gateway (fr-par-3;edge01)
      Strict-Transport-Security:
      - max-age=63072000
      X-Content-Type-Options:
      - nosniff
      X-Frame-Options:
      - DENY
      X-Request-Id:
      - 62455161-75a9-478e-9404-3cb02f5c0e54
    status: 200 OK
    code: 200
    duration: ""
- request:
    body: ""
    form: {}
    headers:
      User-Agent:
      - scaleway-sdk-go/v1.0.0-beta.7+dev (go1.21.6; linux; amd64) terraform-provider/develop
        terraform/terraform-tests
    url: https://api.scaleway.com/vpc/v2/regions/fr-par/private-networks/9ffde406-3914-4fee-99b8-d96c7595f317
    method: GET
  response:
    body: '{"created_at":"2024-02-20T14:04:39.709691Z","dhcp_enabled":true,"id":"9ffde406-3914-4fee-99b8-d96c7595f317","name":"test-rdb-rr-different-zone","organization_id":"fa1e3217-dc80-42ac-85c3-3f034b78b552","project_id":"fa1e3217-dc80-42ac-85c3-3f034b78b552","region":"fr-par","subnets":[{"created_at":"2024-02-20T14:04:39.709691Z","id":"189618df-6cab-4fc8-bfbf-22a69b612937","subnet":"172.16.20.0/22","updated_at":"2024-02-20T14:04:39.709691Z"},{"created_at":"2024-02-20T14:04:39.709691Z","id":"67c965b4-7654-4fd4-9de6-19ed4170e7a1","subnet":"fd63:256c:45f7:9634::/64","updated_at":"2024-02-20T14:04:39.709691Z"}],"tags":[],"updated_at":"2024-02-20T14:04:39.709691Z","vpc_id":"1ec1ecb6-8f58-4f7c-92cc-53c2a5ae519c"}'
    headers:
      Content-Length:
      - "727"
      Content-Security-Policy:
      - default-src 'none'; frame-ancestors 'none'
      Content-Type:
      - application/json
      Date:
      - Tue, 20 Feb 2024 14:11:02 GMT
      Server:
      - Scaleway API Gateway (fr-par-3;edge01)
      Strict-Transport-Security:
      - max-age=63072000
      X-Content-Type-Options:
      - nosniff
      X-Frame-Options:
      - DENY
      X-Request-Id:
      - 8df6a576-59bf-4728-ae99-b45d67dcccab
    status: 200 OK
    code: 200
    duration: ""
- request:
    body: ""
    form: {}
    headers:
      User-Agent:
      - scaleway-sdk-go/v1.0.0-beta.7+dev (go1.21.6; linux; amd64) terraform-provider/develop
        terraform/terraform-tests
    url: https://api.scaleway.com/rdb/v1/regions/fr-par/instances/e7de3530-3e6e-4c62-b3e2-2d728e6ffa47
    method: GET
  response:
    body: '{"backup_same_region":false,"backup_schedule":{"disabled":true,"frequency":24,"next_run_at":null,"retention":7},"created_at":"2024-02-20T14:04:45.720956Z","endpoint":{"id":"c4050890-30bd-466c-8474-7edbbfe61bf9","ip":"51.159.11.69","load_balancer":{},"name":null,"port":19271},"endpoints":[{"id":"c4050890-30bd-466c-8474-7edbbfe61bf9","ip":"51.159.11.69","load_balancer":{},"name":null,"port":19271}],"engine":"PostgreSQL-14","id":"e7de3530-3e6e-4c62-b3e2-2d728e6ffa47","init_settings":[],"is_ha_cluster":false,"logs_policy":{"max_age_retention":30,"total_disk_retention":null},"maintenances":[],"name":"test-rdb-rr-different-zone","node_type":"db-dev-s","organization_id":"fa1e3217-dc80-42ac-85c3-3f034b78b552","project_id":"fa1e3217-dc80-42ac-85c3-3f034b78b552","read_replicas":[{"endpoints":[{"id":"b27cd889-0e78-4997-9bc9-d80123546ed9","ip":"172.16.20.2","name":null,"port":5432,"private_network":{"private_network_id":"9ffde406-3914-4fee-99b8-d96c7595f317","service_ip":"172.16.20.2/22","zone":"fr-par-1"}}],"id":"3abab958-772f-4e83-a4ad-bdc0414c90f2","instance_id":"e7de3530-3e6e-4c62-b3e2-2d728e6ffa47","region":"fr-par","same_zone":true,"status":"ready"}],"region":"fr-par","settings":[{"name":"effective_cache_size","value":"1300"},{"name":"maintenance_work_mem","value":"150"},{"name":"max_connections","value":"100"},{"name":"max_parallel_workers","value":"0"},{"name":"max_parallel_workers_per_gather","value":"0"},{"name":"work_mem","value":"4"}],"status":"ready","tags":["terraform-test","scaleway_rdb_read_replica","different-zone"],"upgradable_version":[{"id":"01ea6b82-47cd-4237-892d-0a882e686223","minor_version":"15.5","name":"PostgreSQL-15","version":"15"}],"volume":{"class":"lssd","size":5000000000,"type":"lssd"}}'
    headers:
      Content-Length:
      - "1797"
      Content-Security-Policy:
      - default-src 'none'; frame-ancestors 'none'
      Content-Type:
      - application/json
      Date:
      - Tue, 20 Feb 2024 14:11:02 GMT
      Server:
      - Scaleway API Gateway (fr-par-3;edge01)
      Strict-Transport-Security:
      - max-age=63072000
      X-Content-Type-Options:
      - nosniff
      X-Frame-Options:
      - DENY
      X-Request-Id:
      - acb56dff-453f-4079-9f74-e064c83774b1
    status: 200 OK
    code: 200
    duration: ""
- request:
    body: ""
    form: {}
    headers:
      User-Agent:
      - scaleway-sdk-go/v1.0.0-beta.7+dev (go1.21.6; linux; amd64) terraform-provider/develop
        terraform/terraform-tests
    url: https://api.scaleway.com/rdb/v1/regions/fr-par/instances/e7de3530-3e6e-4c62-b3e2-2d728e6ffa47/certificate
    method: GET
  response:
    body: '{"content":"LS0tLS1CRUdJTiBDRVJUSUZJQ0FURS0tLS0tCk1JSUQrRENDQXVDZ0F3SUJBZ0lVZVR6bkd6bkdQZG9mQ0MyQjV1UGw2Rkx1MGZvd0RRWUpLb1pJaHZjTkFRRUwKQlFBd1Z6RUxNQWtHQTFVRUJoTUNSbEl4RGpBTUJnTlZCQWdNQlZCaGNtbHpNUTR3REFZRFZRUUhEQVZRWVhKcApjekVSTUE4R0ExVUVDZ3dJVTJOaGJHVjNZWGt4RlRBVEJnTlZCQU1NRERVeExqRTFPUzR4TVM0Mk9UQWVGdzB5Ck5EQXlNakF4TkRBM05URmFGdzB6TkRBeU1UY3hOREEzTlRGYU1GY3hDekFKQmdOVkJBWVRBa1pTTVE0d0RBWUQKVlFRSURBVlFZWEpwY3pFT01Bd0dBMVVFQnd3RlVHRnlhWE14RVRBUEJnTlZCQW9NQ0ZOallXeGxkMkY1TVJVdwpFd1lEVlFRRERBdzFNUzR4TlRrdU1URXVOamt3Z2dFaU1BMEdDU3FHU0liM0RRRUJBUVVBQTRJQkR3QXdnZ0VLCkFvSUJBUUNZY0pZdUFSdy9VUmZkSkpDdy84c2xKK0VHOGgxZ2xtRjJrTkRNOXU2UjVXbGRvZ0xxdG5naml0ek8KZEZEL3VSK2lIM0NZZDRPaXJjTVNPK3M1dVN3eXZWSW5FTlV1RitYNm9wSjdBZVB1eGg4OWRiTFp0U1FqK0VOMQp1QTFiU2w1dEpLbkVJZitDTUZWZU1BUWc0VXJoVGUwWlo3MnZjU3MxWHpwekdlSjcwS253dUQrSjQ3dDJUV05xCkhua3Urb3FlUDVHWGRQV3ZvTGdIeC9tNlp2ekk2T3BiWnNsM0lQSk5yOTV5TktLcTJ4NDdoZVFDc1MvVGRqRUgKYUJxSzR0OHk4QUc0VFN5bmdtdER1eWNQbmkwWVVEYy9wNE9kZnRDaWUrdDlyYno5ZGNpQzgyVm9nRzNFV3JCaApzMEZpUGhhMGEzRnhjOXQ5WTdPaGVra28vbVdiQWdNQkFBR2pnYnN3Z2Jnd2diVUdBMVVkRVFTQnJUQ0Jxb0lNCk5URXVNVFU1TGpFeExqWTVnanh5ZHkxbE4yUmxNelV6TUMwelpUWmxMVFJqTmpJdFlqTmxNaTB5WkRjeU9HVTIKWm1aaE5EY3VjbVJpTG1aeUxYQmhjaTV6WTNjdVkyeHZkV1NDRERVeExqRTFPUzR4TVM0Mk9ZSThjbmN0WlRkawpaVE0xTXpBdE0yVTJaUzAwWXpZeUxXSXpaVEl0TW1RM01qaGxObVptWVRRM0xuSmtZaTVtY2kxd1lYSXVjMk4zCkxtTnNiM1ZraHdRem5uM0lod1F6bnd0Rmh3UXpud3RGTUEwR0NTcUdTSWIzRFFFQkN3VUFBNElCQVFBcTBiejEKWm9HSWlBdmFnTW55MXROWlhmZDNWbWRHSkFVOFJqa2xUMWRPVDBGQ2w2ZERKTU9QZnM4c00rQzVDTllHZG9FUApJcHpkcmEyRnB2eWh0M2hzSWZuaThFY0pkV0hFSXBaUW55RVpobzZlVldmR0Q0eEN1NW5XaVdlKzFvWkM3aVB3Ck96K0NJTFBoM0t4Rit6WVRwRTcvY3VpMXFWTTNxRnM3VitDZ0FHVHNoR2N6Q2crbGlTZHl2Y2FEdnFaZDNuNE8KaXd5VGRwL0ZFTEdxek9hcXQ0ZnA5TkthcktIME9VMUZtTVpoUTB3MFVibmxvOFlVYmJjUU1rTFZNbkVibmZuZQpVRTNkbXJEbnd6T2RqWmtVSVdVaW51RHpsNW9BaDlQTlpLUEpPRDBrZXZmVy9PUlZrVHdTMCtZdzIzdWVGT0crCjF4OVdab2Z1Q0tCZllBNGsKLS0tLS1FTkQgQ0VSVElGSUNBVEUtLS0tLQo=","content_type":"application/x-pem-file","name":"ssl_certificate"}'
    headers:
      Content-Length:
      - "1997"
      Content-Security-Policy:
      - default-src 'none'; frame-ancestors 'none'
      Content-Type:
      - application/json
      Date:
      - Tue, 20 Feb 2024 14:11:02 GMT
      Server:
      - Scaleway API Gateway (fr-par-3;edge01)
      Strict-Transport-Security:
      - max-age=63072000
      X-Content-Type-Options:
      - nosniff
      X-Frame-Options:
      - DENY
      X-Request-Id:
      - b6b3548e-fc4b-4411-8cb3-6b35efac6e44
    status: 200 OK
    code: 200
    duration: ""
- request:
    body: ""
    form: {}
    headers:
      User-Agent:
      - scaleway-sdk-go/v1.0.0-beta.7+dev (go1.21.6; linux; amd64) terraform-provider/develop
        terraform/terraform-tests
    url: https://api.scaleway.com/rdb/v1/regions/fr-par/read-replicas/3abab958-772f-4e83-a4ad-bdc0414c90f2
    method: GET
  response:
    body: '{"endpoints":[{"id":"b27cd889-0e78-4997-9bc9-d80123546ed9","ip":"172.16.20.2","name":null,"port":5432,"private_network":{"private_network_id":"9ffde406-3914-4fee-99b8-d96c7595f317","service_ip":"172.16.20.2/22","zone":"fr-par-1"}}],"id":"3abab958-772f-4e83-a4ad-bdc0414c90f2","instance_id":"e7de3530-3e6e-4c62-b3e2-2d728e6ffa47","region":"fr-par","same_zone":true,"status":"ready"}'
    headers:
      Content-Length:
      - "392"
      Content-Security-Policy:
      - default-src 'none'; frame-ancestors 'none'
      Content-Type:
      - application/json
      Date:
      - Tue, 20 Feb 2024 14:11:02 GMT
      Server:
      - Scaleway API Gateway (fr-par-3;edge01)
      Strict-Transport-Security:
      - max-age=63072000
      X-Content-Type-Options:
      - nosniff
      X-Frame-Options:
      - DENY
      X-Request-Id:
      - 7aba8c93-a4ca-4e68-b38b-b6fa9358ccdc
    status: 200 OK
    code: 200
    duration: ""
- request:
    body: ""
    form: {}
    headers:
      User-Agent:
      - scaleway-sdk-go/v1.0.0-beta.7+dev (go1.21.6; linux; amd64) terraform-provider/develop
        terraform/terraform-tests
    url: https://api.scaleway.com/ipam/v1/regions/fr-par/ips?is_ipv6=false&order_by=created_at_desc&page=1&resource_id=e7de3530-3e6e-4c62-b3e2-2d728e6ffa47&resource_type=rdb_instance
    method: GET
  response:
    body: '{"ips":[{"address":"172.16.20.2/22","created_at":"2024-02-20T14:08:31.382998Z","id":"e263a5df-30ae-432b-ab35-1bccd54d3038","is_ipv6":false,"project_id":"fa1e3217-dc80-42ac-85c3-3f034b78b552","region":"fr-par","resource":{"id":"e7de3530-3e6e-4c62-b3e2-2d728e6ffa47","mac_address":"02:00:00:18:83:54","name":"read-replica-3abab958","type":"rdb_instance"},"reverses":[],"source":{"subnet_id":"189618df-6cab-4fc8-bfbf-22a69b612937"},"tags":["managed","scwdbaas"],"updated_at":"2024-02-20T14:08:58.278624Z","zone":null}],"total_count":1}'
    headers:
      Content-Length:
      - "548"
      Content-Security-Policy:
      - default-src 'none'; frame-ancestors 'none'
      Content-Type:
      - application/json
      Date:
      - Tue, 20 Feb 2024 14:11:03 GMT
      Server:
      - Scaleway API Gateway (fr-par-3;edge01)
      Strict-Transport-Security:
      - max-age=63072000
      X-Content-Type-Options:
      - nosniff
      X-Frame-Options:
      - DENY
      X-Request-Id:
      - 0374a6dc-7c29-452f-acad-8024997d4c8d
    status: 200 OK
    code: 200
    duration: ""
- request:
    body: ""
    form: {}
    headers:
      User-Agent:
      - scaleway-sdk-go/v1.0.0-beta.7+dev (go1.21.6; linux; amd64) terraform-provider/develop
        terraform/terraform-tests
    url: https://api.scaleway.com/vpc/v2/regions/fr-par/private-networks/9ffde406-3914-4fee-99b8-d96c7595f317
    method: GET
  response:
    body: '{"created_at":"2024-02-20T14:04:39.709691Z","dhcp_enabled":true,"id":"9ffde406-3914-4fee-99b8-d96c7595f317","name":"test-rdb-rr-different-zone","organization_id":"fa1e3217-dc80-42ac-85c3-3f034b78b552","project_id":"fa1e3217-dc80-42ac-85c3-3f034b78b552","region":"fr-par","subnets":[{"created_at":"2024-02-20T14:04:39.709691Z","id":"189618df-6cab-4fc8-bfbf-22a69b612937","subnet":"172.16.20.0/22","updated_at":"2024-02-20T14:04:39.709691Z"},{"created_at":"2024-02-20T14:04:39.709691Z","id":"67c965b4-7654-4fd4-9de6-19ed4170e7a1","subnet":"fd63:256c:45f7:9634::/64","updated_at":"2024-02-20T14:04:39.709691Z"}],"tags":[],"updated_at":"2024-02-20T14:04:39.709691Z","vpc_id":"1ec1ecb6-8f58-4f7c-92cc-53c2a5ae519c"}'
    headers:
      Content-Length:
      - "727"
      Content-Security-Policy:
      - default-src 'none'; frame-ancestors 'none'
      Content-Type:
      - application/json
      Date:
      - Tue, 20 Feb 2024 14:11:03 GMT
      Server:
      - Scaleway API Gateway (fr-par-3;edge01)
      Strict-Transport-Security:
      - max-age=63072000
      X-Content-Type-Options:
      - nosniff
      X-Frame-Options:
      - DENY
      X-Request-Id:
      - 1a142d11-8f3a-4a7a-9b19-40f140520e63
    status: 200 OK
    code: 200
    duration: ""
- request:
    body: ""
    form: {}
    headers:
      User-Agent:
      - scaleway-sdk-go/v1.0.0-beta.7+dev (go1.21.6; linux; amd64) terraform-provider/develop
        terraform/terraform-tests
    url: https://api.scaleway.com/rdb/v1/regions/fr-par/instances/e7de3530-3e6e-4c62-b3e2-2d728e6ffa47
    method: GET
  response:
    body: '{"backup_same_region":false,"backup_schedule":{"disabled":true,"frequency":24,"next_run_at":null,"retention":7},"created_at":"2024-02-20T14:04:45.720956Z","endpoint":{"id":"c4050890-30bd-466c-8474-7edbbfe61bf9","ip":"51.159.11.69","load_balancer":{},"name":null,"port":19271},"endpoints":[{"id":"c4050890-30bd-466c-8474-7edbbfe61bf9","ip":"51.159.11.69","load_balancer":{},"name":null,"port":19271}],"engine":"PostgreSQL-14","id":"e7de3530-3e6e-4c62-b3e2-2d728e6ffa47","init_settings":[],"is_ha_cluster":false,"logs_policy":{"max_age_retention":30,"total_disk_retention":null},"maintenances":[],"name":"test-rdb-rr-different-zone","node_type":"db-dev-s","organization_id":"fa1e3217-dc80-42ac-85c3-3f034b78b552","project_id":"fa1e3217-dc80-42ac-85c3-3f034b78b552","read_replicas":[{"endpoints":[{"id":"b27cd889-0e78-4997-9bc9-d80123546ed9","ip":"172.16.20.2","name":null,"port":5432,"private_network":{"private_network_id":"9ffde406-3914-4fee-99b8-d96c7595f317","service_ip":"172.16.20.2/22","zone":"fr-par-1"}}],"id":"3abab958-772f-4e83-a4ad-bdc0414c90f2","instance_id":"e7de3530-3e6e-4c62-b3e2-2d728e6ffa47","region":"fr-par","same_zone":true,"status":"ready"}],"region":"fr-par","settings":[{"name":"effective_cache_size","value":"1300"},{"name":"maintenance_work_mem","value":"150"},{"name":"max_connections","value":"100"},{"name":"max_parallel_workers","value":"0"},{"name":"max_parallel_workers_per_gather","value":"0"},{"name":"work_mem","value":"4"}],"status":"ready","tags":["terraform-test","scaleway_rdb_read_replica","different-zone"],"upgradable_version":[{"id":"01ea6b82-47cd-4237-892d-0a882e686223","minor_version":"15.5","name":"PostgreSQL-15","version":"15"}],"volume":{"class":"lssd","size":5000000000,"type":"lssd"}}'
    headers:
      Content-Length:
      - "1797"
      Content-Security-Policy:
      - default-src 'none'; frame-ancestors 'none'
      Content-Type:
      - application/json
      Date:
      - Tue, 20 Feb 2024 14:11:03 GMT
      Server:
      - Scaleway API Gateway (fr-par-3;edge01)
      Strict-Transport-Security:
      - max-age=63072000
      X-Content-Type-Options:
      - nosniff
      X-Frame-Options:
      - DENY
      X-Request-Id:
      - 99f42885-22fa-4897-8fa2-92443e23d640
    status: 200 OK
    code: 200
    duration: ""
- request:
    body: ""
    form: {}
    headers:
      User-Agent:
      - scaleway-sdk-go/v1.0.0-beta.7+dev (go1.21.6; linux; amd64) terraform-provider/develop
        terraform/terraform-tests
    url: https://api.scaleway.com/rdb/v1/regions/fr-par/instances/e7de3530-3e6e-4c62-b3e2-2d728e6ffa47/certificate
    method: GET
  response:
    body: '{"content":"LS0tLS1CRUdJTiBDRVJUSUZJQ0FURS0tLS0tCk1JSUQrRENDQXVDZ0F3SUJBZ0lVZVR6bkd6bkdQZG9mQ0MyQjV1UGw2Rkx1MGZvd0RRWUpLb1pJaHZjTkFRRUwKQlFBd1Z6RUxNQWtHQTFVRUJoTUNSbEl4RGpBTUJnTlZCQWdNQlZCaGNtbHpNUTR3REFZRFZRUUhEQVZRWVhKcApjekVSTUE4R0ExVUVDZ3dJVTJOaGJHVjNZWGt4RlRBVEJnTlZCQU1NRERVeExqRTFPUzR4TVM0Mk9UQWVGdzB5Ck5EQXlNakF4TkRBM05URmFGdzB6TkRBeU1UY3hOREEzTlRGYU1GY3hDekFKQmdOVkJBWVRBa1pTTVE0d0RBWUQKVlFRSURBVlFZWEpwY3pFT01Bd0dBMVVFQnd3RlVHRnlhWE14RVRBUEJnTlZCQW9NQ0ZOallXeGxkMkY1TVJVdwpFd1lEVlFRRERBdzFNUzR4TlRrdU1URXVOamt3Z2dFaU1BMEdDU3FHU0liM0RRRUJBUVVBQTRJQkR3QXdnZ0VLCkFvSUJBUUNZY0pZdUFSdy9VUmZkSkpDdy84c2xKK0VHOGgxZ2xtRjJrTkRNOXU2UjVXbGRvZ0xxdG5naml0ek8KZEZEL3VSK2lIM0NZZDRPaXJjTVNPK3M1dVN3eXZWSW5FTlV1RitYNm9wSjdBZVB1eGg4OWRiTFp0U1FqK0VOMQp1QTFiU2w1dEpLbkVJZitDTUZWZU1BUWc0VXJoVGUwWlo3MnZjU3MxWHpwekdlSjcwS253dUQrSjQ3dDJUV05xCkhua3Urb3FlUDVHWGRQV3ZvTGdIeC9tNlp2ekk2T3BiWnNsM0lQSk5yOTV5TktLcTJ4NDdoZVFDc1MvVGRqRUgKYUJxSzR0OHk4QUc0VFN5bmdtdER1eWNQbmkwWVVEYy9wNE9kZnRDaWUrdDlyYno5ZGNpQzgyVm9nRzNFV3JCaApzMEZpUGhhMGEzRnhjOXQ5WTdPaGVra28vbVdiQWdNQkFBR2pnYnN3Z2Jnd2diVUdBMVVkRVFTQnJUQ0Jxb0lNCk5URXVNVFU1TGpFeExqWTVnanh5ZHkxbE4yUmxNelV6TUMwelpUWmxMVFJqTmpJdFlqTmxNaTB5WkRjeU9HVTIKWm1aaE5EY3VjbVJpTG1aeUxYQmhjaTV6WTNjdVkyeHZkV1NDRERVeExqRTFPUzR4TVM0Mk9ZSThjbmN0WlRkawpaVE0xTXpBdE0yVTJaUzAwWXpZeUxXSXpaVEl0TW1RM01qaGxObVptWVRRM0xuSmtZaTVtY2kxd1lYSXVjMk4zCkxtTnNiM1ZraHdRem5uM0lod1F6bnd0Rmh3UXpud3RGTUEwR0NTcUdTSWIzRFFFQkN3VUFBNElCQVFBcTBiejEKWm9HSWlBdmFnTW55MXROWlhmZDNWbWRHSkFVOFJqa2xUMWRPVDBGQ2w2ZERKTU9QZnM4c00rQzVDTllHZG9FUApJcHpkcmEyRnB2eWh0M2hzSWZuaThFY0pkV0hFSXBaUW55RVpobzZlVldmR0Q0eEN1NW5XaVdlKzFvWkM3aVB3Ck96K0NJTFBoM0t4Rit6WVRwRTcvY3VpMXFWTTNxRnM3VitDZ0FHVHNoR2N6Q2crbGlTZHl2Y2FEdnFaZDNuNE8KaXd5VGRwL0ZFTEdxek9hcXQ0ZnA5TkthcktIME9VMUZtTVpoUTB3MFVibmxvOFlVYmJjUU1rTFZNbkVibmZuZQpVRTNkbXJEbnd6T2RqWmtVSVdVaW51RHpsNW9BaDlQTlpLUEpPRDBrZXZmVy9PUlZrVHdTMCtZdzIzdWVGT0crCjF4OVdab2Z1Q0tCZllBNGsKLS0tLS1FTkQgQ0VSVElGSUNBVEUtLS0tLQo=","content_type":"application/x-pem-file","name":"ssl_certificate"}'
    headers:
      Content-Length:
      - "1997"
      Content-Security-Policy:
      - default-src 'none'; frame-ancestors 'none'
      Content-Type:
      - application/json
      Date:
      - Tue, 20 Feb 2024 14:11:03 GMT
      Server:
      - Scaleway API Gateway (fr-par-3;edge01)
      Strict-Transport-Security:
      - max-age=63072000
      X-Content-Type-Options:
      - nosniff
      X-Frame-Options:
      - DENY
      X-Request-Id:
      - 346af424-f3df-434e-b8b7-90ec1ac948a3
    status: 200 OK
    code: 200
    duration: ""
- request:
    body: ""
    form: {}
    headers:
      User-Agent:
      - scaleway-sdk-go/v1.0.0-beta.7+dev (go1.21.6; linux; amd64) terraform-provider/develop
        terraform/terraform-tests
    url: https://api.scaleway.com/rdb/v1/regions/fr-par/read-replicas/3abab958-772f-4e83-a4ad-bdc0414c90f2
    method: GET
  response:
    body: '{"endpoints":[{"id":"b27cd889-0e78-4997-9bc9-d80123546ed9","ip":"172.16.20.2","name":null,"port":5432,"private_network":{"private_network_id":"9ffde406-3914-4fee-99b8-d96c7595f317","service_ip":"172.16.20.2/22","zone":"fr-par-1"}}],"id":"3abab958-772f-4e83-a4ad-bdc0414c90f2","instance_id":"e7de3530-3e6e-4c62-b3e2-2d728e6ffa47","region":"fr-par","same_zone":true,"status":"ready"}'
    headers:
      Content-Length:
      - "392"
      Content-Security-Policy:
      - default-src 'none'; frame-ancestors 'none'
      Content-Type:
      - application/json
      Date:
      - Tue, 20 Feb 2024 14:11:03 GMT
      Server:
      - Scaleway API Gateway (fr-par-3;edge01)
      Strict-Transport-Security:
      - max-age=63072000
      X-Content-Type-Options:
      - nosniff
      X-Frame-Options:
      - DENY
      X-Request-Id:
      - 08125007-cb03-49c8-af4b-c2ab2acf14bf
    status: 200 OK
    code: 200
    duration: ""
- request:
    body: ""
    form: {}
    headers:
      User-Agent:
      - scaleway-sdk-go/v1.0.0-beta.7+dev (go1.21.6; linux; amd64) terraform-provider/develop
        terraform/terraform-tests
    url: https://api.scaleway.com/ipam/v1/regions/fr-par/ips?is_ipv6=false&order_by=created_at_desc&page=1&resource_id=e7de3530-3e6e-4c62-b3e2-2d728e6ffa47&resource_type=rdb_instance
    method: GET
  response:
    body: '{"ips":[{"address":"172.16.20.2/22","created_at":"2024-02-20T14:08:31.382998Z","id":"e263a5df-30ae-432b-ab35-1bccd54d3038","is_ipv6":false,"project_id":"fa1e3217-dc80-42ac-85c3-3f034b78b552","region":"fr-par","resource":{"id":"e7de3530-3e6e-4c62-b3e2-2d728e6ffa47","mac_address":"02:00:00:18:83:54","name":"read-replica-3abab958","type":"rdb_instance"},"reverses":[],"source":{"subnet_id":"189618df-6cab-4fc8-bfbf-22a69b612937"},"tags":["managed","scwdbaas"],"updated_at":"2024-02-20T14:08:58.278624Z","zone":null}],"total_count":1}'
    headers:
      Content-Length:
      - "548"
      Content-Security-Policy:
      - default-src 'none'; frame-ancestors 'none'
      Content-Type:
      - application/json
      Date:
      - Tue, 20 Feb 2024 14:11:03 GMT
      Server:
      - Scaleway API Gateway (fr-par-3;edge01)
      Strict-Transport-Security:
      - max-age=63072000
      X-Content-Type-Options:
      - nosniff
      X-Frame-Options:
      - DENY
      X-Request-Id:
      - 5a866b16-6c7b-43f0-9c98-432b5badf1d5
    status: 200 OK
    code: 200
    duration: ""
- request:
    body: ""
    form: {}
    headers:
      User-Agent:
      - scaleway-sdk-go/v1.0.0-beta.7+dev (go1.21.6; linux; amd64) terraform-provider/develop
        terraform/terraform-tests
    url: https://api.scaleway.com/rdb/v1/regions/fr-par/read-replicas/3abab958-772f-4e83-a4ad-bdc0414c90f2
    method: GET
  response:
    body: '{"endpoints":[{"id":"b27cd889-0e78-4997-9bc9-d80123546ed9","ip":"172.16.20.2","name":null,"port":5432,"private_network":{"private_network_id":"9ffde406-3914-4fee-99b8-d96c7595f317","service_ip":"172.16.20.2/22","zone":"fr-par-1"}}],"id":"3abab958-772f-4e83-a4ad-bdc0414c90f2","instance_id":"e7de3530-3e6e-4c62-b3e2-2d728e6ffa47","region":"fr-par","same_zone":true,"status":"ready"}'
    headers:
      Content-Length:
      - "392"
      Content-Security-Policy:
      - default-src 'none'; frame-ancestors 'none'
      Content-Type:
      - application/json
      Date:
      - Tue, 20 Feb 2024 14:11:03 GMT
      Server:
      - Scaleway API Gateway (fr-par-3;edge01)
      Strict-Transport-Security:
      - max-age=63072000
      X-Content-Type-Options:
      - nosniff
      X-Frame-Options:
      - DENY
      X-Request-Id:
      - 71498405-505c-4264-aba4-0220f26c3d71
    status: 200 OK
    code: 200
    duration: ""
- request:
    body: ""
    form: {}
    headers:
      User-Agent:
      - scaleway-sdk-go/v1.0.0-beta.7+dev (go1.21.6; linux; amd64) terraform-provider/develop
        terraform/terraform-tests
    url: https://api.scaleway.com/vpc/v2/regions/fr-par/private-networks/9ffde406-3914-4fee-99b8-d96c7595f317
    method: GET
  response:
    body: '{"created_at":"2024-02-20T14:04:39.709691Z","dhcp_enabled":true,"id":"9ffde406-3914-4fee-99b8-d96c7595f317","name":"test-rdb-rr-different-zone","organization_id":"fa1e3217-dc80-42ac-85c3-3f034b78b552","project_id":"fa1e3217-dc80-42ac-85c3-3f034b78b552","region":"fr-par","subnets":[{"created_at":"2024-02-20T14:04:39.709691Z","id":"189618df-6cab-4fc8-bfbf-22a69b612937","subnet":"172.16.20.0/22","updated_at":"2024-02-20T14:04:39.709691Z"},{"created_at":"2024-02-20T14:04:39.709691Z","id":"67c965b4-7654-4fd4-9de6-19ed4170e7a1","subnet":"fd63:256c:45f7:9634::/64","updated_at":"2024-02-20T14:04:39.709691Z"}],"tags":[],"updated_at":"2024-02-20T14:04:39.709691Z","vpc_id":"1ec1ecb6-8f58-4f7c-92cc-53c2a5ae519c"}'
    headers:
      Content-Length:
      - "727"
      Content-Security-Policy:
      - default-src 'none'; frame-ancestors 'none'
      Content-Type:
      - application/json
      Date:
      - Tue, 20 Feb 2024 14:11:03 GMT
      Server:
      - Scaleway API Gateway (fr-par-3;edge01)
      Strict-Transport-Security:
      - max-age=63072000
      X-Content-Type-Options:
      - nosniff
      X-Frame-Options:
      - DENY
      X-Request-Id:
      - 7905045d-b891-4187-b7ef-c3b5abca5450
    status: 200 OK
    code: 200
    duration: ""
- request:
    body: ""
    form: {}
    headers:
      User-Agent:
      - scaleway-sdk-go/v1.0.0-beta.7+dev (go1.21.6; linux; amd64) terraform-provider/develop
        terraform/terraform-tests
    url: https://api.scaleway.com/vpc/v2/regions/fr-par/private-networks/9ffde406-3914-4fee-99b8-d96c7595f317
    method: GET
  response:
    body: '{"created_at":"2024-02-20T14:04:39.709691Z","dhcp_enabled":true,"id":"9ffde406-3914-4fee-99b8-d96c7595f317","name":"test-rdb-rr-different-zone","organization_id":"fa1e3217-dc80-42ac-85c3-3f034b78b552","project_id":"fa1e3217-dc80-42ac-85c3-3f034b78b552","region":"fr-par","subnets":[{"created_at":"2024-02-20T14:04:39.709691Z","id":"189618df-6cab-4fc8-bfbf-22a69b612937","subnet":"172.16.20.0/22","updated_at":"2024-02-20T14:04:39.709691Z"},{"created_at":"2024-02-20T14:04:39.709691Z","id":"67c965b4-7654-4fd4-9de6-19ed4170e7a1","subnet":"fd63:256c:45f7:9634::/64","updated_at":"2024-02-20T14:04:39.709691Z"}],"tags":[],"updated_at":"2024-02-20T14:04:39.709691Z","vpc_id":"1ec1ecb6-8f58-4f7c-92cc-53c2a5ae519c"}'
    headers:
      Content-Length:
      - "727"
      Content-Security-Policy:
      - default-src 'none'; frame-ancestors 'none'
      Content-Type:
      - application/json
      Date:
      - Tue, 20 Feb 2024 14:11:04 GMT
      Server:
      - Scaleway API Gateway (fr-par-3;edge01)
      Strict-Transport-Security:
      - max-age=63072000
      X-Content-Type-Options:
      - nosniff
      X-Frame-Options:
      - DENY
      X-Request-Id:
      - b6e25543-630e-417d-87c0-08da491f2a6b
    status: 200 OK
    code: 200
    duration: ""
- request:
    body: ""
    form: {}
    headers:
      User-Agent:
      - scaleway-sdk-go/v1.0.0-beta.7+dev (go1.21.6; linux; amd64) terraform-provider/develop
        terraform/terraform-tests
    url: https://api.scaleway.com/rdb/v1/regions/fr-par/instances/e7de3530-3e6e-4c62-b3e2-2d728e6ffa47
    method: GET
  response:
    body: '{"backup_same_region":false,"backup_schedule":{"disabled":true,"frequency":24,"next_run_at":null,"retention":7},"created_at":"2024-02-20T14:04:45.720956Z","endpoint":{"id":"c4050890-30bd-466c-8474-7edbbfe61bf9","ip":"51.159.11.69","load_balancer":{},"name":null,"port":19271},"endpoints":[{"id":"c4050890-30bd-466c-8474-7edbbfe61bf9","ip":"51.159.11.69","load_balancer":{},"name":null,"port":19271}],"engine":"PostgreSQL-14","id":"e7de3530-3e6e-4c62-b3e2-2d728e6ffa47","init_settings":[],"is_ha_cluster":false,"logs_policy":{"max_age_retention":30,"total_disk_retention":null},"maintenances":[],"name":"test-rdb-rr-different-zone","node_type":"db-dev-s","organization_id":"fa1e3217-dc80-42ac-85c3-3f034b78b552","project_id":"fa1e3217-dc80-42ac-85c3-3f034b78b552","read_replicas":[{"endpoints":[{"id":"b27cd889-0e78-4997-9bc9-d80123546ed9","ip":"172.16.20.2","name":null,"port":5432,"private_network":{"private_network_id":"9ffde406-3914-4fee-99b8-d96c7595f317","service_ip":"172.16.20.2/22","zone":"fr-par-1"}}],"id":"3abab958-772f-4e83-a4ad-bdc0414c90f2","instance_id":"e7de3530-3e6e-4c62-b3e2-2d728e6ffa47","region":"fr-par","same_zone":true,"status":"ready"}],"region":"fr-par","settings":[{"name":"effective_cache_size","value":"1300"},{"name":"maintenance_work_mem","value":"150"},{"name":"max_connections","value":"100"},{"name":"max_parallel_workers","value":"0"},{"name":"max_parallel_workers_per_gather","value":"0"},{"name":"work_mem","value":"4"}],"status":"ready","tags":["terraform-test","scaleway_rdb_read_replica","different-zone"],"upgradable_version":[{"id":"01ea6b82-47cd-4237-892d-0a882e686223","minor_version":"15.5","name":"PostgreSQL-15","version":"15"}],"volume":{"class":"lssd","size":5000000000,"type":"lssd"}}'
    headers:
      Content-Length:
      - "1797"
      Content-Security-Policy:
      - default-src 'none'; frame-ancestors 'none'
      Content-Type:
      - application/json
      Date:
      - Tue, 20 Feb 2024 14:11:04 GMT
      Server:
      - Scaleway API Gateway (fr-par-3;edge01)
      Strict-Transport-Security:
      - max-age=63072000
      X-Content-Type-Options:
      - nosniff
      X-Frame-Options:
      - DENY
      X-Request-Id:
      - 0aa425d2-1655-4533-ae40-282a1be3ebb8
    status: 200 OK
    code: 200
    duration: ""
- request:
    body: ""
    form: {}
    headers:
      User-Agent:
      - scaleway-sdk-go/v1.0.0-beta.7+dev (go1.21.6; linux; amd64) terraform-provider/develop
        terraform/terraform-tests
    url: https://api.scaleway.com/rdb/v1/regions/fr-par/instances/e7de3530-3e6e-4c62-b3e2-2d728e6ffa47/certificate
    method: GET
  response:
    body: '{"content":"LS0tLS1CRUdJTiBDRVJUSUZJQ0FURS0tLS0tCk1JSUQrRENDQXVDZ0F3SUJBZ0lVZVR6bkd6bkdQZG9mQ0MyQjV1UGw2Rkx1MGZvd0RRWUpLb1pJaHZjTkFRRUwKQlFBd1Z6RUxNQWtHQTFVRUJoTUNSbEl4RGpBTUJnTlZCQWdNQlZCaGNtbHpNUTR3REFZRFZRUUhEQVZRWVhKcApjekVSTUE4R0ExVUVDZ3dJVTJOaGJHVjNZWGt4RlRBVEJnTlZCQU1NRERVeExqRTFPUzR4TVM0Mk9UQWVGdzB5Ck5EQXlNakF4TkRBM05URmFGdzB6TkRBeU1UY3hOREEzTlRGYU1GY3hDekFKQmdOVkJBWVRBa1pTTVE0d0RBWUQKVlFRSURBVlFZWEpwY3pFT01Bd0dBMVVFQnd3RlVHRnlhWE14RVRBUEJnTlZCQW9NQ0ZOallXeGxkMkY1TVJVdwpFd1lEVlFRRERBdzFNUzR4TlRrdU1URXVOamt3Z2dFaU1BMEdDU3FHU0liM0RRRUJBUVVBQTRJQkR3QXdnZ0VLCkFvSUJBUUNZY0pZdUFSdy9VUmZkSkpDdy84c2xKK0VHOGgxZ2xtRjJrTkRNOXU2UjVXbGRvZ0xxdG5naml0ek8KZEZEL3VSK2lIM0NZZDRPaXJjTVNPK3M1dVN3eXZWSW5FTlV1RitYNm9wSjdBZVB1eGg4OWRiTFp0U1FqK0VOMQp1QTFiU2w1dEpLbkVJZitDTUZWZU1BUWc0VXJoVGUwWlo3MnZjU3MxWHpwekdlSjcwS253dUQrSjQ3dDJUV05xCkhua3Urb3FlUDVHWGRQV3ZvTGdIeC9tNlp2ekk2T3BiWnNsM0lQSk5yOTV5TktLcTJ4NDdoZVFDc1MvVGRqRUgKYUJxSzR0OHk4QUc0VFN5bmdtdER1eWNQbmkwWVVEYy9wNE9kZnRDaWUrdDlyYno5ZGNpQzgyVm9nRzNFV3JCaApzMEZpUGhhMGEzRnhjOXQ5WTdPaGVra28vbVdiQWdNQkFBR2pnYnN3Z2Jnd2diVUdBMVVkRVFTQnJUQ0Jxb0lNCk5URXVNVFU1TGpFeExqWTVnanh5ZHkxbE4yUmxNelV6TUMwelpUWmxMVFJqTmpJdFlqTmxNaTB5WkRjeU9HVTIKWm1aaE5EY3VjbVJpTG1aeUxYQmhjaTV6WTNjdVkyeHZkV1NDRERVeExqRTFPUzR4TVM0Mk9ZSThjbmN0WlRkawpaVE0xTXpBdE0yVTJaUzAwWXpZeUxXSXpaVEl0TW1RM01qaGxObVptWVRRM0xuSmtZaTVtY2kxd1lYSXVjMk4zCkxtTnNiM1ZraHdRem5uM0lod1F6bnd0Rmh3UXpud3RGTUEwR0NTcUdTSWIzRFFFQkN3VUFBNElCQVFBcTBiejEKWm9HSWlBdmFnTW55MXROWlhmZDNWbWRHSkFVOFJqa2xUMWRPVDBGQ2w2ZERKTU9QZnM4c00rQzVDTllHZG9FUApJcHpkcmEyRnB2eWh0M2hzSWZuaThFY0pkV0hFSXBaUW55RVpobzZlVldmR0Q0eEN1NW5XaVdlKzFvWkM3aVB3Ck96K0NJTFBoM0t4Rit6WVRwRTcvY3VpMXFWTTNxRnM3VitDZ0FHVHNoR2N6Q2crbGlTZHl2Y2FEdnFaZDNuNE8KaXd5VGRwL0ZFTEdxek9hcXQ0ZnA5TkthcktIME9VMUZtTVpoUTB3MFVibmxvOFlVYmJjUU1rTFZNbkVibmZuZQpVRTNkbXJEbnd6T2RqWmtVSVdVaW51RHpsNW9BaDlQTlpLUEpPRDBrZXZmVy9PUlZrVHdTMCtZdzIzdWVGT0crCjF4OVdab2Z1Q0tCZllBNGsKLS0tLS1FTkQgQ0VSVElGSUNBVEUtLS0tLQo=","content_type":"application/x-pem-file","name":"ssl_certificate"}'
    headers:
      Content-Length:
      - "1997"
      Content-Security-Policy:
      - default-src 'none'; frame-ancestors 'none'
      Content-Type:
      - application/json
      Date:
      - Tue, 20 Feb 2024 14:11:04 GMT
      Server:
      - Scaleway API Gateway (fr-par-3;edge01)
      Strict-Transport-Security:
      - max-age=63072000
      X-Content-Type-Options:
      - nosniff
      X-Frame-Options:
      - DENY
      X-Request-Id:
      - f74f135f-6ebc-46c9-a859-95c4a1b0be9f
    status: 200 OK
    code: 200
    duration: ""
- request:
    body: ""
    form: {}
    headers:
      User-Agent:
      - scaleway-sdk-go/v1.0.0-beta.7+dev (go1.21.6; linux; amd64) terraform-provider/develop
        terraform/terraform-tests
    url: https://api.scaleway.com/rdb/v1/regions/fr-par/read-replicas/3abab958-772f-4e83-a4ad-bdc0414c90f2
    method: GET
  response:
    body: '{"endpoints":[{"id":"b27cd889-0e78-4997-9bc9-d80123546ed9","ip":"172.16.20.2","name":null,"port":5432,"private_network":{"private_network_id":"9ffde406-3914-4fee-99b8-d96c7595f317","service_ip":"172.16.20.2/22","zone":"fr-par-1"}}],"id":"3abab958-772f-4e83-a4ad-bdc0414c90f2","instance_id":"e7de3530-3e6e-4c62-b3e2-2d728e6ffa47","region":"fr-par","same_zone":true,"status":"ready"}'
    headers:
      Content-Length:
      - "392"
      Content-Security-Policy:
      - default-src 'none'; frame-ancestors 'none'
      Content-Type:
      - application/json
      Date:
      - Tue, 20 Feb 2024 14:11:04 GMT
      Server:
      - Scaleway API Gateway (fr-par-3;edge01)
      Strict-Transport-Security:
      - max-age=63072000
      X-Content-Type-Options:
      - nosniff
      X-Frame-Options:
      - DENY
      X-Request-Id:
      - 97956a37-16ee-4eb6-9326-1ec45fb4052f
    status: 200 OK
    code: 200
    duration: ""
- request:
    body: ""
    form: {}
    headers:
      User-Agent:
      - scaleway-sdk-go/v1.0.0-beta.7+dev (go1.21.6; linux; amd64) terraform-provider/develop
        terraform/terraform-tests
    url: https://api.scaleway.com/ipam/v1/regions/fr-par/ips?is_ipv6=false&order_by=created_at_desc&page=1&resource_id=e7de3530-3e6e-4c62-b3e2-2d728e6ffa47&resource_type=rdb_instance
    method: GET
  response:
    body: '{"ips":[{"address":"172.16.20.2/22","created_at":"2024-02-20T14:08:31.382998Z","id":"e263a5df-30ae-432b-ab35-1bccd54d3038","is_ipv6":false,"project_id":"fa1e3217-dc80-42ac-85c3-3f034b78b552","region":"fr-par","resource":{"id":"e7de3530-3e6e-4c62-b3e2-2d728e6ffa47","mac_address":"02:00:00:18:83:54","name":"read-replica-3abab958","type":"rdb_instance"},"reverses":[],"source":{"subnet_id":"189618df-6cab-4fc8-bfbf-22a69b612937"},"tags":["managed","scwdbaas"],"updated_at":"2024-02-20T14:08:58.278624Z","zone":null}],"total_count":1}'
    headers:
      Content-Length:
      - "548"
      Content-Security-Policy:
      - default-src 'none'; frame-ancestors 'none'
      Content-Type:
      - application/json
      Date:
      - Tue, 20 Feb 2024 14:11:04 GMT
      Server:
      - Scaleway API Gateway (fr-par-3;edge01)
      Strict-Transport-Security:
      - max-age=63072000
      X-Content-Type-Options:
      - nosniff
      X-Frame-Options:
      - DENY
      X-Request-Id:
      - 01dc9e79-232a-4df9-ab1d-9efc664527f0
    status: 200 OK
    code: 200
    duration: ""
- request:
    body: ""
    form: {}
    headers:
      User-Agent:
      - scaleway-sdk-go/v1.0.0-beta.7+dev (go1.21.6; linux; amd64) terraform-provider/develop
        terraform/terraform-tests
    url: https://api.scaleway.com/vpc/v2/regions/fr-par/private-networks/9ffde406-3914-4fee-99b8-d96c7595f317
    method: GET
  response:
    body: '{"created_at":"2024-02-20T14:04:39.709691Z","dhcp_enabled":true,"id":"9ffde406-3914-4fee-99b8-d96c7595f317","name":"test-rdb-rr-different-zone","organization_id":"fa1e3217-dc80-42ac-85c3-3f034b78b552","project_id":"fa1e3217-dc80-42ac-85c3-3f034b78b552","region":"fr-par","subnets":[{"created_at":"2024-02-20T14:04:39.709691Z","id":"189618df-6cab-4fc8-bfbf-22a69b612937","subnet":"172.16.20.0/22","updated_at":"2024-02-20T14:04:39.709691Z"},{"created_at":"2024-02-20T14:04:39.709691Z","id":"67c965b4-7654-4fd4-9de6-19ed4170e7a1","subnet":"fd63:256c:45f7:9634::/64","updated_at":"2024-02-20T14:04:39.709691Z"}],"tags":[],"updated_at":"2024-02-20T14:04:39.709691Z","vpc_id":"1ec1ecb6-8f58-4f7c-92cc-53c2a5ae519c"}'
    headers:
      Content-Length:
      - "727"
      Content-Security-Policy:
      - default-src 'none'; frame-ancestors 'none'
      Content-Type:
      - application/json
      Date:
      - Tue, 20 Feb 2024 14:11:04 GMT
      Server:
      - Scaleway API Gateway (fr-par-3;edge01)
      Strict-Transport-Security:
      - max-age=63072000
      X-Content-Type-Options:
      - nosniff
      X-Frame-Options:
      - DENY
      X-Request-Id:
      - 6865d781-4c4f-41c1-a1d8-54f3589e6eb9
    status: 200 OK
    code: 200
    duration: ""
- request:
    body: ""
    form: {}
    headers:
      User-Agent:
      - scaleway-sdk-go/v1.0.0-beta.7+dev (go1.21.6; linux; amd64) terraform-provider/develop
        terraform/terraform-tests
    url: https://api.scaleway.com/rdb/v1/regions/fr-par/instances/e7de3530-3e6e-4c62-b3e2-2d728e6ffa47
    method: GET
  response:
    body: '{"backup_same_region":false,"backup_schedule":{"disabled":true,"frequency":24,"next_run_at":null,"retention":7},"created_at":"2024-02-20T14:04:45.720956Z","endpoint":{"id":"c4050890-30bd-466c-8474-7edbbfe61bf9","ip":"51.159.11.69","load_balancer":{},"name":null,"port":19271},"endpoints":[{"id":"c4050890-30bd-466c-8474-7edbbfe61bf9","ip":"51.159.11.69","load_balancer":{},"name":null,"port":19271}],"engine":"PostgreSQL-14","id":"e7de3530-3e6e-4c62-b3e2-2d728e6ffa47","init_settings":[],"is_ha_cluster":false,"logs_policy":{"max_age_retention":30,"total_disk_retention":null},"maintenances":[],"name":"test-rdb-rr-different-zone","node_type":"db-dev-s","organization_id":"fa1e3217-dc80-42ac-85c3-3f034b78b552","project_id":"fa1e3217-dc80-42ac-85c3-3f034b78b552","read_replicas":[{"endpoints":[{"id":"b27cd889-0e78-4997-9bc9-d80123546ed9","ip":"172.16.20.2","name":null,"port":5432,"private_network":{"private_network_id":"9ffde406-3914-4fee-99b8-d96c7595f317","service_ip":"172.16.20.2/22","zone":"fr-par-1"}}],"id":"3abab958-772f-4e83-a4ad-bdc0414c90f2","instance_id":"e7de3530-3e6e-4c62-b3e2-2d728e6ffa47","region":"fr-par","same_zone":true,"status":"ready"}],"region":"fr-par","settings":[{"name":"effective_cache_size","value":"1300"},{"name":"maintenance_work_mem","value":"150"},{"name":"max_connections","value":"100"},{"name":"max_parallel_workers","value":"0"},{"name":"max_parallel_workers_per_gather","value":"0"},{"name":"work_mem","value":"4"}],"status":"ready","tags":["terraform-test","scaleway_rdb_read_replica","different-zone"],"upgradable_version":[{"id":"01ea6b82-47cd-4237-892d-0a882e686223","minor_version":"15.5","name":"PostgreSQL-15","version":"15"}],"volume":{"class":"lssd","size":5000000000,"type":"lssd"}}'
    headers:
      Content-Length:
      - "1797"
      Content-Security-Policy:
      - default-src 'none'; frame-ancestors 'none'
      Content-Type:
      - application/json
      Date:
      - Tue, 20 Feb 2024 14:11:04 GMT
      Server:
      - Scaleway API Gateway (fr-par-3;edge01)
      Strict-Transport-Security:
      - max-age=63072000
      X-Content-Type-Options:
      - nosniff
      X-Frame-Options:
      - DENY
      X-Request-Id:
      - 8a384a2e-ba47-4f69-9bd2-620af1b16024
    status: 200 OK
    code: 200
    duration: ""
- request:
    body: ""
    form: {}
    headers:
      User-Agent:
      - scaleway-sdk-go/v1.0.0-beta.7+dev (go1.21.6; linux; amd64) terraform-provider/develop
        terraform/terraform-tests
    url: https://api.scaleway.com/rdb/v1/regions/fr-par/instances/e7de3530-3e6e-4c62-b3e2-2d728e6ffa47/certificate
    method: GET
  response:
    body: '{"content":"LS0tLS1CRUdJTiBDRVJUSUZJQ0FURS0tLS0tCk1JSUQrRENDQXVDZ0F3SUJBZ0lVZVR6bkd6bkdQZG9mQ0MyQjV1UGw2Rkx1MGZvd0RRWUpLb1pJaHZjTkFRRUwKQlFBd1Z6RUxNQWtHQTFVRUJoTUNSbEl4RGpBTUJnTlZCQWdNQlZCaGNtbHpNUTR3REFZRFZRUUhEQVZRWVhKcApjekVSTUE4R0ExVUVDZ3dJVTJOaGJHVjNZWGt4RlRBVEJnTlZCQU1NRERVeExqRTFPUzR4TVM0Mk9UQWVGdzB5Ck5EQXlNakF4TkRBM05URmFGdzB6TkRBeU1UY3hOREEzTlRGYU1GY3hDekFKQmdOVkJBWVRBa1pTTVE0d0RBWUQKVlFRSURBVlFZWEpwY3pFT01Bd0dBMVVFQnd3RlVHRnlhWE14RVRBUEJnTlZCQW9NQ0ZOallXeGxkMkY1TVJVdwpFd1lEVlFRRERBdzFNUzR4TlRrdU1URXVOamt3Z2dFaU1BMEdDU3FHU0liM0RRRUJBUVVBQTRJQkR3QXdnZ0VLCkFvSUJBUUNZY0pZdUFSdy9VUmZkSkpDdy84c2xKK0VHOGgxZ2xtRjJrTkRNOXU2UjVXbGRvZ0xxdG5naml0ek8KZEZEL3VSK2lIM0NZZDRPaXJjTVNPK3M1dVN3eXZWSW5FTlV1RitYNm9wSjdBZVB1eGg4OWRiTFp0U1FqK0VOMQp1QTFiU2w1dEpLbkVJZitDTUZWZU1BUWc0VXJoVGUwWlo3MnZjU3MxWHpwekdlSjcwS253dUQrSjQ3dDJUV05xCkhua3Urb3FlUDVHWGRQV3ZvTGdIeC9tNlp2ekk2T3BiWnNsM0lQSk5yOTV5TktLcTJ4NDdoZVFDc1MvVGRqRUgKYUJxSzR0OHk4QUc0VFN5bmdtdER1eWNQbmkwWVVEYy9wNE9kZnRDaWUrdDlyYno5ZGNpQzgyVm9nRzNFV3JCaApzMEZpUGhhMGEzRnhjOXQ5WTdPaGVra28vbVdiQWdNQkFBR2pnYnN3Z2Jnd2diVUdBMVVkRVFTQnJUQ0Jxb0lNCk5URXVNVFU1TGpFeExqWTVnanh5ZHkxbE4yUmxNelV6TUMwelpUWmxMVFJqTmpJdFlqTmxNaTB5WkRjeU9HVTIKWm1aaE5EY3VjbVJpTG1aeUxYQmhjaTV6WTNjdVkyeHZkV1NDRERVeExqRTFPUzR4TVM0Mk9ZSThjbmN0WlRkawpaVE0xTXpBdE0yVTJaUzAwWXpZeUxXSXpaVEl0TW1RM01qaGxObVptWVRRM0xuSmtZaTVtY2kxd1lYSXVjMk4zCkxtTnNiM1ZraHdRem5uM0lod1F6bnd0Rmh3UXpud3RGTUEwR0NTcUdTSWIzRFFFQkN3VUFBNElCQVFBcTBiejEKWm9HSWlBdmFnTW55MXROWlhmZDNWbWRHSkFVOFJqa2xUMWRPVDBGQ2w2ZERKTU9QZnM4c00rQzVDTllHZG9FUApJcHpkcmEyRnB2eWh0M2hzSWZuaThFY0pkV0hFSXBaUW55RVpobzZlVldmR0Q0eEN1NW5XaVdlKzFvWkM3aVB3Ck96K0NJTFBoM0t4Rit6WVRwRTcvY3VpMXFWTTNxRnM3VitDZ0FHVHNoR2N6Q2crbGlTZHl2Y2FEdnFaZDNuNE8KaXd5VGRwL0ZFTEdxek9hcXQ0ZnA5TkthcktIME9VMUZtTVpoUTB3MFVibmxvOFlVYmJjUU1rTFZNbkVibmZuZQpVRTNkbXJEbnd6T2RqWmtVSVdVaW51RHpsNW9BaDlQTlpLUEpPRDBrZXZmVy9PUlZrVHdTMCtZdzIzdWVGT0crCjF4OVdab2Z1Q0tCZllBNGsKLS0tLS1FTkQgQ0VSVElGSUNBVEUtLS0tLQo=","content_type":"application/x-pem-file","name":"ssl_certificate"}'
    headers:
      Content-Length:
      - "1997"
      Content-Security-Policy:
      - default-src 'none'; frame-ancestors 'none'
      Content-Type:
      - application/json
      Date:
      - Tue, 20 Feb 2024 14:11:05 GMT
      Server:
      - Scaleway API Gateway (fr-par-3;edge01)
      Strict-Transport-Security:
      - max-age=63072000
      X-Content-Type-Options:
      - nosniff
      X-Frame-Options:
      - DENY
      X-Request-Id:
      - b3cc8010-4800-4c33-96b3-28cdd6281e76
    status: 200 OK
    code: 200
    duration: ""
- request:
    body: ""
    form: {}
    headers:
      User-Agent:
      - scaleway-sdk-go/v1.0.0-beta.7+dev (go1.21.6; linux; amd64) terraform-provider/develop
        terraform/terraform-tests
    url: https://api.scaleway.com/rdb/v1/regions/fr-par/read-replicas/3abab958-772f-4e83-a4ad-bdc0414c90f2
    method: GET
  response:
    body: '{"endpoints":[{"id":"b27cd889-0e78-4997-9bc9-d80123546ed9","ip":"172.16.20.2","name":null,"port":5432,"private_network":{"private_network_id":"9ffde406-3914-4fee-99b8-d96c7595f317","service_ip":"172.16.20.2/22","zone":"fr-par-1"}}],"id":"3abab958-772f-4e83-a4ad-bdc0414c90f2","instance_id":"e7de3530-3e6e-4c62-b3e2-2d728e6ffa47","region":"fr-par","same_zone":true,"status":"ready"}'
    headers:
      Content-Length:
      - "392"
      Content-Security-Policy:
      - default-src 'none'; frame-ancestors 'none'
      Content-Type:
      - application/json
      Date:
      - Tue, 20 Feb 2024 14:11:05 GMT
      Server:
      - Scaleway API Gateway (fr-par-3;edge01)
      Strict-Transport-Security:
      - max-age=63072000
      X-Content-Type-Options:
      - nosniff
      X-Frame-Options:
      - DENY
      X-Request-Id:
      - b698be39-89dd-416d-9b9a-b644e43afa75
    status: 200 OK
    code: 200
    duration: ""
- request:
    body: ""
    form: {}
    headers:
      User-Agent:
      - scaleway-sdk-go/v1.0.0-beta.7+dev (go1.21.6; linux; amd64) terraform-provider/develop
        terraform/terraform-tests
    url: https://api.scaleway.com/ipam/v1/regions/fr-par/ips?is_ipv6=false&order_by=created_at_desc&page=1&resource_id=e7de3530-3e6e-4c62-b3e2-2d728e6ffa47&resource_type=rdb_instance
    method: GET
  response:
    body: '{"ips":[{"address":"172.16.20.2/22","created_at":"2024-02-20T14:08:31.382998Z","id":"e263a5df-30ae-432b-ab35-1bccd54d3038","is_ipv6":false,"project_id":"fa1e3217-dc80-42ac-85c3-3f034b78b552","region":"fr-par","resource":{"id":"e7de3530-3e6e-4c62-b3e2-2d728e6ffa47","mac_address":"02:00:00:18:83:54","name":"read-replica-3abab958","type":"rdb_instance"},"reverses":[],"source":{"subnet_id":"189618df-6cab-4fc8-bfbf-22a69b612937"},"tags":["managed","scwdbaas"],"updated_at":"2024-02-20T14:08:58.278624Z","zone":null}],"total_count":1}'
    headers:
      Content-Length:
      - "548"
      Content-Security-Policy:
      - default-src 'none'; frame-ancestors 'none'
      Content-Type:
      - application/json
      Date:
      - Tue, 20 Feb 2024 14:11:05 GMT
      Server:
      - Scaleway API Gateway (fr-par-3;edge01)
      Strict-Transport-Security:
      - max-age=63072000
      X-Content-Type-Options:
      - nosniff
      X-Frame-Options:
      - DENY
      X-Request-Id:
      - 79e5b6f8-0900-42b4-8c36-d94f22675818
    status: 200 OK
    code: 200
    duration: ""
- request:
    body: ""
    form: {}
    headers:
      User-Agent:
      - scaleway-sdk-go/v1.0.0-beta.7+dev (go1.21.6; linux; amd64) terraform-provider/develop
        terraform/terraform-tests
    url: https://api.scaleway.com/rdb/v1/regions/fr-par/read-replicas/3abab958-772f-4e83-a4ad-bdc0414c90f2
    method: GET
  response:
    body: '{"endpoints":[{"id":"b27cd889-0e78-4997-9bc9-d80123546ed9","ip":"172.16.20.2","name":null,"port":5432,"private_network":{"private_network_id":"9ffde406-3914-4fee-99b8-d96c7595f317","service_ip":"172.16.20.2/22","zone":"fr-par-1"}}],"id":"3abab958-772f-4e83-a4ad-bdc0414c90f2","instance_id":"e7de3530-3e6e-4c62-b3e2-2d728e6ffa47","region":"fr-par","same_zone":true,"status":"ready"}'
    headers:
      Content-Length:
      - "392"
      Content-Security-Policy:
      - default-src 'none'; frame-ancestors 'none'
      Content-Type:
      - application/json
      Date:
      - Tue, 20 Feb 2024 14:11:05 GMT
      Server:
      - Scaleway API Gateway (fr-par-3;edge01)
      Strict-Transport-Security:
      - max-age=63072000
      X-Content-Type-Options:
      - nosniff
      X-Frame-Options:
      - DENY
      X-Request-Id:
      - 56c0c772-1f62-48f1-9628-00940d6b3dff
    status: 200 OK
    code: 200
    duration: ""
- request:
    body: ""
    form: {}
    headers:
      User-Agent:
      - scaleway-sdk-go/v1.0.0-beta.7+dev (go1.21.6; linux; amd64) terraform-provider/develop
        terraform/terraform-tests
    url: https://api.scaleway.com/rdb/v1/regions/fr-par/read-replicas/3abab958-772f-4e83-a4ad-bdc0414c90f2
    method: DELETE
  response:
    body: '{"endpoints":[{"id":"b27cd889-0e78-4997-9bc9-d80123546ed9","ip":"172.16.20.2","name":null,"port":5432,"private_network":{"private_network_id":"9ffde406-3914-4fee-99b8-d96c7595f317","service_ip":"172.16.20.2/22","zone":"fr-par-1"}}],"id":"3abab958-772f-4e83-a4ad-bdc0414c90f2","instance_id":"e7de3530-3e6e-4c62-b3e2-2d728e6ffa47","region":"fr-par","same_zone":true,"status":"deleting"}'
    headers:
      Content-Length:
      - "395"
      Content-Security-Policy:
      - default-src 'none'; frame-ancestors 'none'
      Content-Type:
      - application/json
      Date:
      - Tue, 20 Feb 2024 14:11:05 GMT
      Server:
      - Scaleway API Gateway (fr-par-3;edge01)
      Strict-Transport-Security:
      - max-age=63072000
      X-Content-Type-Options:
      - nosniff
      X-Frame-Options:
      - DENY
      X-Request-Id:
      - a09a1b7c-a8a6-41ed-ba4b-ef2b451a430e
    status: 200 OK
    code: 200
    duration: ""
- request:
    body: ""
    form: {}
    headers:
      User-Agent:
      - scaleway-sdk-go/v1.0.0-beta.7+dev (go1.21.6; linux; amd64) terraform-provider/develop
        terraform/terraform-tests
    url: https://api.scaleway.com/rdb/v1/regions/fr-par/read-replicas/3abab958-772f-4e83-a4ad-bdc0414c90f2
    method: GET
  response:
    body: '{"endpoints":[{"id":"b27cd889-0e78-4997-9bc9-d80123546ed9","ip":"172.16.20.2","name":null,"port":5432,"private_network":{"private_network_id":"9ffde406-3914-4fee-99b8-d96c7595f317","service_ip":"172.16.20.2/22","zone":"fr-par-1"}}],"id":"3abab958-772f-4e83-a4ad-bdc0414c90f2","instance_id":"e7de3530-3e6e-4c62-b3e2-2d728e6ffa47","region":"fr-par","same_zone":true,"status":"deleting"}'
    headers:
      Content-Length:
      - "395"
      Content-Security-Policy:
      - default-src 'none'; frame-ancestors 'none'
      Content-Type:
      - application/json
      Date:
      - Tue, 20 Feb 2024 14:11:05 GMT
      Server:
      - Scaleway API Gateway (fr-par-3;edge01)
      Strict-Transport-Security:
      - max-age=63072000
      X-Content-Type-Options:
      - nosniff
      X-Frame-Options:
      - DENY
      X-Request-Id:
      - dd9df097-3eda-4c71-995f-28a26d5b63fb
    status: 200 OK
    code: 200
    duration: ""
- request:
    body: ""
    form: {}
    headers:
      User-Agent:
      - scaleway-sdk-go/v1.0.0-beta.7+dev (go1.21.6; linux; amd64) terraform-provider/develop
        terraform/terraform-tests
    url: https://api.scaleway.com/rdb/v1/regions/fr-par/read-replicas/3abab958-772f-4e83-a4ad-bdc0414c90f2
    method: GET
  response:
    body: '{"message":"resource is not found","resource":"read_replica","resource_id":"3abab958-772f-4e83-a4ad-bdc0414c90f2","type":"not_found"}'
    headers:
      Content-Length:
      - "133"
      Content-Security-Policy:
      - default-src 'none'; frame-ancestors 'none'
      Content-Type:
      - application/json
      Date:
      - Tue, 20 Feb 2024 14:11:35 GMT
      Server:
      - Scaleway API Gateway (fr-par-3;edge01)
      Strict-Transport-Security:
      - max-age=63072000
      X-Content-Type-Options:
      - nosniff
      X-Frame-Options:
      - DENY
      X-Request-Id:
      - be510309-3e58-4dec-84ce-db320aa06f2c
    status: 404 Not Found
    code: 404
    duration: ""
- request:
    body: '{"instance_id":"e7de3530-3e6e-4c62-b3e2-2d728e6ffa47","endpoint_spec":[{"private_network":{"private_network_id":"9ffde406-3914-4fee-99b8-d96c7595f317","ipam_config":{}}}],"same_zone":false}'
    form: {}
    headers:
      Content-Type:
      - application/json
      User-Agent:
      - scaleway-sdk-go/v1.0.0-beta.7+dev (go1.21.6; linux; amd64) terraform-provider/develop
        terraform/terraform-tests
    url: https://api.scaleway.com/rdb/v1/regions/fr-par/read-replicas
    method: POST
  response:
    body: '{"endpoints":[{"id":"e43904f4-dc1b-40dc-8d31-52a3e1fce33f","ip":"172.16.20.2","name":null,"port":5432,"private_network":{"private_network_id":"9ffde406-3914-4fee-99b8-d96c7595f317","service_ip":"172.16.20.2/22","zone":"fr-par-1"}}],"id":"f5509654-34b1-4246-8e4e-34a24638c6ee","instance_id":"e7de3530-3e6e-4c62-b3e2-2d728e6ffa47","region":"fr-par","same_zone":false,"status":"provisioning"}'
    headers:
      Content-Length:
      - "400"
      Content-Security-Policy:
      - default-src 'none'; frame-ancestors 'none'
      Content-Type:
      - application/json
      Date:
      - Tue, 20 Feb 2024 14:11:36 GMT
      Server:
      - Scaleway API Gateway (fr-par-3;edge01)
      Strict-Transport-Security:
      - max-age=63072000
      X-Content-Type-Options:
      - nosniff
      X-Frame-Options:
      - DENY
      X-Request-Id:
      - 49f3913c-7ccc-4bd4-8fdb-89606c15fa7c
    status: 200 OK
    code: 200
    duration: ""
- request:
    body: ""
    form: {}
    headers:
      User-Agent:
      - scaleway-sdk-go/v1.0.0-beta.7+dev (go1.21.6; linux; amd64) terraform-provider/develop
        terraform/terraform-tests
    url: https://api.scaleway.com/rdb/v1/regions/fr-par/read-replicas/f5509654-34b1-4246-8e4e-34a24638c6ee
    method: GET
  response:
    body: '{"endpoints":[{"id":"e43904f4-dc1b-40dc-8d31-52a3e1fce33f","ip":"172.16.20.2","name":null,"port":5432,"private_network":{"private_network_id":"9ffde406-3914-4fee-99b8-d96c7595f317","service_ip":"172.16.20.2/22","zone":"fr-par-1"}}],"id":"f5509654-34b1-4246-8e4e-34a24638c6ee","instance_id":"e7de3530-3e6e-4c62-b3e2-2d728e6ffa47","region":"fr-par","same_zone":false,"status":"provisioning"}'
    headers:
      Content-Length:
      - "400"
      Content-Security-Policy:
      - default-src 'none'; frame-ancestors 'none'
      Content-Type:
      - application/json
      Date:
      - Tue, 20 Feb 2024 14:11:36 GMT
      Server:
      - Scaleway API Gateway (fr-par-3;edge01)
      Strict-Transport-Security:
      - max-age=63072000
      X-Content-Type-Options:
      - nosniff
      X-Frame-Options:
      - DENY
      X-Request-Id:
      - b3794b17-e348-4847-906a-0dd0b517d130
    status: 200 OK
    code: 200
    duration: ""
- request:
    body: ""
    form: {}
    headers:
      User-Agent:
      - scaleway-sdk-go/v1.0.0-beta.7+dev (go1.21.6; linux; amd64) terraform-provider/develop
        terraform/terraform-tests
    url: https://api.scaleway.com/rdb/v1/regions/fr-par/read-replicas/f5509654-34b1-4246-8e4e-34a24638c6ee
    method: GET
  response:
    body: '{"endpoints":[{"id":"e43904f4-dc1b-40dc-8d31-52a3e1fce33f","ip":"172.16.20.2","name":null,"port":5432,"private_network":{"private_network_id":"9ffde406-3914-4fee-99b8-d96c7595f317","service_ip":"172.16.20.2/22","zone":"fr-par-1"}}],"id":"f5509654-34b1-4246-8e4e-34a24638c6ee","instance_id":"e7de3530-3e6e-4c62-b3e2-2d728e6ffa47","region":"fr-par","same_zone":false,"status":"provisioning"}'
    headers:
      Content-Length:
      - "400"
      Content-Security-Policy:
      - default-src 'none'; frame-ancestors 'none'
      Content-Type:
      - application/json
      Date:
      - Tue, 20 Feb 2024 14:12:07 GMT
      Server:
      - Scaleway API Gateway (fr-par-3;edge01)
      Strict-Transport-Security:
      - max-age=63072000
      X-Content-Type-Options:
      - nosniff
      X-Frame-Options:
      - DENY
      X-Request-Id:
      - 08db2ca5-4bc3-4724-9e55-d2ca004cd43a
    status: 200 OK
    code: 200
    duration: ""
- request:
    body: ""
    form: {}
    headers:
      User-Agent:
      - scaleway-sdk-go/v1.0.0-beta.7+dev (go1.21.6; linux; amd64) terraform-provider/develop
        terraform/terraform-tests
    url: https://api.scaleway.com/rdb/v1/regions/fr-par/read-replicas/f5509654-34b1-4246-8e4e-34a24638c6ee
    method: GET
  response:
    body: '{"endpoints":[{"id":"e43904f4-dc1b-40dc-8d31-52a3e1fce33f","ip":"172.16.20.2","name":null,"port":5432,"private_network":{"private_network_id":"9ffde406-3914-4fee-99b8-d96c7595f317","service_ip":"172.16.20.2/22","zone":"fr-par-1"}}],"id":"f5509654-34b1-4246-8e4e-34a24638c6ee","instance_id":"e7de3530-3e6e-4c62-b3e2-2d728e6ffa47","region":"fr-par","same_zone":false,"status":"provisioning"}'
    headers:
      Content-Length:
      - "400"
      Content-Security-Policy:
      - default-src 'none'; frame-ancestors 'none'
      Content-Type:
      - application/json
      Date:
      - Tue, 20 Feb 2024 14:12:37 GMT
      Server:
      - Scaleway API Gateway (fr-par-3;edge01)
      Strict-Transport-Security:
      - max-age=63072000
      X-Content-Type-Options:
      - nosniff
      X-Frame-Options:
      - DENY
      X-Request-Id:
      - 185e05e7-4588-446e-a39e-e82dedd379d5
    status: 200 OK
    code: 200
    duration: ""
- request:
    body: ""
    form: {}
    headers:
      User-Agent:
      - scaleway-sdk-go/v1.0.0-beta.7+dev (go1.21.6; linux; amd64) terraform-provider/develop
        terraform/terraform-tests
    url: https://api.scaleway.com/rdb/v1/regions/fr-par/read-replicas/f5509654-34b1-4246-8e4e-34a24638c6ee
    method: GET
  response:
    body: '{"endpoints":[{"id":"e43904f4-dc1b-40dc-8d31-52a3e1fce33f","ip":"172.16.20.2","name":null,"port":5432,"private_network":{"private_network_id":"9ffde406-3914-4fee-99b8-d96c7595f317","service_ip":"172.16.20.2/22","zone":"fr-par-1"}}],"id":"f5509654-34b1-4246-8e4e-34a24638c6ee","instance_id":"e7de3530-3e6e-4c62-b3e2-2d728e6ffa47","region":"fr-par","same_zone":false,"status":"initializing"}'
    headers:
      Content-Length:
      - "400"
      Content-Security-Policy:
      - default-src 'none'; frame-ancestors 'none'
      Content-Type:
      - application/json
      Date:
      - Tue, 20 Feb 2024 14:13:07 GMT
      Server:
      - Scaleway API Gateway (fr-par-3;edge01)
      Strict-Transport-Security:
      - max-age=63072000
      X-Content-Type-Options:
      - nosniff
      X-Frame-Options:
      - DENY
      X-Request-Id:
      - 8a2a75dc-6bc8-40b2-b091-cd59c1334ab3
    status: 200 OK
    code: 200
    duration: ""
- request:
    body: ""
    form: {}
    headers:
      User-Agent:
      - scaleway-sdk-go/v1.0.0-beta.7+dev (go1.21.6; linux; amd64) terraform-provider/develop
        terraform/terraform-tests
    url: https://api.scaleway.com/rdb/v1/regions/fr-par/read-replicas/f5509654-34b1-4246-8e4e-34a24638c6ee
    method: GET
  response:
    body: '{"endpoints":[{"id":"e43904f4-dc1b-40dc-8d31-52a3e1fce33f","ip":"172.16.20.2","name":null,"port":5432,"private_network":{"private_network_id":"9ffde406-3914-4fee-99b8-d96c7595f317","service_ip":"172.16.20.2/22","zone":"fr-par-1"}}],"id":"f5509654-34b1-4246-8e4e-34a24638c6ee","instance_id":"e7de3530-3e6e-4c62-b3e2-2d728e6ffa47","region":"fr-par","same_zone":false,"status":"initializing"}'
    headers:
      Content-Length:
      - "400"
      Content-Security-Policy:
      - default-src 'none'; frame-ancestors 'none'
      Content-Type:
      - application/json
      Date:
      - Tue, 20 Feb 2024 14:13:37 GMT
      Server:
      - Scaleway API Gateway (fr-par-3;edge01)
      Strict-Transport-Security:
      - max-age=63072000
      X-Content-Type-Options:
      - nosniff
      X-Frame-Options:
      - DENY
      X-Request-Id:
      - 4697d2e2-87c3-42a5-96e7-48a7c11fc928
    status: 200 OK
    code: 200
    duration: ""
- request:
    body: ""
    form: {}
    headers:
      User-Agent:
      - scaleway-sdk-go/v1.0.0-beta.7+dev (go1.21.6; linux; amd64) terraform-provider/develop
        terraform/terraform-tests
    url: https://api.scaleway.com/rdb/v1/regions/fr-par/read-replicas/f5509654-34b1-4246-8e4e-34a24638c6ee
    method: GET
  response:
    body: '{"endpoints":[{"id":"e43904f4-dc1b-40dc-8d31-52a3e1fce33f","ip":"172.16.20.2","name":null,"port":5432,"private_network":{"private_network_id":"9ffde406-3914-4fee-99b8-d96c7595f317","service_ip":"172.16.20.2/22","zone":"fr-par-1"}}],"id":"f5509654-34b1-4246-8e4e-34a24638c6ee","instance_id":"e7de3530-3e6e-4c62-b3e2-2d728e6ffa47","region":"fr-par","same_zone":false,"status":"ready"}'
    headers:
      Content-Length:
      - "393"
      Content-Security-Policy:
      - default-src 'none'; frame-ancestors 'none'
      Content-Type:
      - application/json
      Date:
      - Tue, 20 Feb 2024 14:14:07 GMT
      Server:
      - Scaleway API Gateway (fr-par-3;edge01)
      Strict-Transport-Security:
      - max-age=63072000
      X-Content-Type-Options:
      - nosniff
      X-Frame-Options:
      - DENY
      X-Request-Id:
      - 56851787-ccaf-4b51-98e8-1c3742e4c004
    status: 200 OK
    code: 200
    duration: ""
- request:
    body: ""
    form: {}
    headers:
      User-Agent:
      - scaleway-sdk-go/v1.0.0-beta.7+dev (go1.21.6; linux; amd64) terraform-provider/develop
        terraform/terraform-tests
    url: https://api.scaleway.com/rdb/v1/regions/fr-par/read-replicas/f5509654-34b1-4246-8e4e-34a24638c6ee
    method: GET
  response:
    body: '{"endpoints":[{"id":"e43904f4-dc1b-40dc-8d31-52a3e1fce33f","ip":"172.16.20.2","name":null,"port":5432,"private_network":{"private_network_id":"9ffde406-3914-4fee-99b8-d96c7595f317","service_ip":"172.16.20.2/22","zone":"fr-par-1"}}],"id":"f5509654-34b1-4246-8e4e-34a24638c6ee","instance_id":"e7de3530-3e6e-4c62-b3e2-2d728e6ffa47","region":"fr-par","same_zone":false,"status":"ready"}'
    headers:
      Content-Length:
      - "393"
      Content-Security-Policy:
      - default-src 'none'; frame-ancestors 'none'
      Content-Type:
      - application/json
      Date:
      - Tue, 20 Feb 2024 14:14:07 GMT
      Server:
      - Scaleway API Gateway (fr-par-3;edge01)
      Strict-Transport-Security:
      - max-age=63072000
      X-Content-Type-Options:
      - nosniff
      X-Frame-Options:
      - DENY
      X-Request-Id:
      - 043e0f8e-8eb6-4ee6-80c8-1c4f00f7d19f
    status: 200 OK
    code: 200
    duration: ""
- request:
    body: ""
    form: {}
    headers:
      User-Agent:
      - scaleway-sdk-go/v1.0.0-beta.7+dev (go1.21.6; linux; amd64) terraform-provider/develop
        terraform/terraform-tests
    url: https://api.scaleway.com/ipam/v1/regions/fr-par/ips?is_ipv6=false&order_by=created_at_desc&page=1&resource_id=e7de3530-3e6e-4c62-b3e2-2d728e6ffa47&resource_type=rdb_instance
    method: GET
  response:
    body: '{"ips":[{"address":"172.16.20.2/22","created_at":"2024-02-20T14:11:36.563032Z","id":"7d439667-46c9-43b8-9500-699ea6e496ae","is_ipv6":false,"project_id":"fa1e3217-dc80-42ac-85c3-3f034b78b552","region":"fr-par","resource":{"id":"e7de3530-3e6e-4c62-b3e2-2d728e6ffa47","mac_address":"02:00:00:24:7F:35","name":"read-replica-f5509654","type":"rdb_instance"},"reverses":[],"source":{"subnet_id":"189618df-6cab-4fc8-bfbf-22a69b612937"},"tags":["managed","scwdbaas"],"updated_at":"2024-02-20T14:12:08.927352Z","zone":null}],"total_count":1}'
    headers:
      Content-Length:
      - "548"
      Content-Security-Policy:
      - default-src 'none'; frame-ancestors 'none'
      Content-Type:
      - application/json
      Date:
      - Tue, 20 Feb 2024 14:14:07 GMT
      Server:
      - Scaleway API Gateway (fr-par-3;edge01)
      Strict-Transport-Security:
      - max-age=63072000
      X-Content-Type-Options:
      - nosniff
      X-Frame-Options:
      - DENY
      X-Request-Id:
      - 31b7fccc-e56d-44da-9a34-9ba8939676ad
    status: 200 OK
    code: 200
    duration: ""
- request:
    body: ""
    form: {}
    headers:
      User-Agent:
      - scaleway-sdk-go/v1.0.0-beta.7+dev (go1.21.6; linux; amd64) terraform-provider/develop
        terraform/terraform-tests
    url: https://api.scaleway.com/rdb/v1/regions/fr-par/read-replicas/f5509654-34b1-4246-8e4e-34a24638c6ee
    method: GET
  response:
    body: '{"endpoints":[{"id":"e43904f4-dc1b-40dc-8d31-52a3e1fce33f","ip":"172.16.20.2","name":null,"port":5432,"private_network":{"private_network_id":"9ffde406-3914-4fee-99b8-d96c7595f317","service_ip":"172.16.20.2/22","zone":"fr-par-1"}}],"id":"f5509654-34b1-4246-8e4e-34a24638c6ee","instance_id":"e7de3530-3e6e-4c62-b3e2-2d728e6ffa47","region":"fr-par","same_zone":false,"status":"ready"}'
    headers:
      Content-Length:
      - "393"
      Content-Security-Policy:
      - default-src 'none'; frame-ancestors 'none'
      Content-Type:
      - application/json
      Date:
      - Tue, 20 Feb 2024 14:14:07 GMT
      Server:
      - Scaleway API Gateway (fr-par-3;edge01)
      Strict-Transport-Security:
      - max-age=63072000
      X-Content-Type-Options:
      - nosniff
      X-Frame-Options:
      - DENY
      X-Request-Id:
      - 4aa9cafa-f4c7-4b6d-994e-e97f7231fba4
    status: 200 OK
    code: 200
    duration: ""
- request:
    body: ""
    form: {}
    headers:
      User-Agent:
      - scaleway-sdk-go/v1.0.0-beta.7+dev (go1.21.6; linux; amd64) terraform-provider/develop
        terraform/terraform-tests
    url: https://api.scaleway.com/vpc/v2/regions/fr-par/private-networks/9ffde406-3914-4fee-99b8-d96c7595f317
    method: GET
  response:
    body: '{"created_at":"2024-02-20T14:04:39.709691Z","dhcp_enabled":true,"id":"9ffde406-3914-4fee-99b8-d96c7595f317","name":"test-rdb-rr-different-zone","organization_id":"fa1e3217-dc80-42ac-85c3-3f034b78b552","project_id":"fa1e3217-dc80-42ac-85c3-3f034b78b552","region":"fr-par","subnets":[{"created_at":"2024-02-20T14:04:39.709691Z","id":"189618df-6cab-4fc8-bfbf-22a69b612937","subnet":"172.16.20.0/22","updated_at":"2024-02-20T14:04:39.709691Z"},{"created_at":"2024-02-20T14:04:39.709691Z","id":"67c965b4-7654-4fd4-9de6-19ed4170e7a1","subnet":"fd63:256c:45f7:9634::/64","updated_at":"2024-02-20T14:04:39.709691Z"}],"tags":[],"updated_at":"2024-02-20T14:04:39.709691Z","vpc_id":"1ec1ecb6-8f58-4f7c-92cc-53c2a5ae519c"}'
    headers:
      Content-Length:
      - "727"
      Content-Security-Policy:
      - default-src 'none'; frame-ancestors 'none'
      Content-Type:
      - application/json
      Date:
      - Tue, 20 Feb 2024 14:14:07 GMT
      Server:
      - Scaleway API Gateway (fr-par-3;edge01)
      Strict-Transport-Security:
      - max-age=63072000
      X-Content-Type-Options:
      - nosniff
      X-Frame-Options:
      - DENY
      X-Request-Id:
      - ea5e5915-d257-4389-9049-a4fc54a9fb89
    status: 200 OK
    code: 200
    duration: ""
- request:
    body: ""
    form: {}
    headers:
      User-Agent:
      - scaleway-sdk-go/v1.0.0-beta.7+dev (go1.21.6; linux; amd64) terraform-provider/develop
        terraform/terraform-tests
    url: https://api.scaleway.com/vpc/v2/regions/fr-par/private-networks/9ffde406-3914-4fee-99b8-d96c7595f317
    method: GET
  response:
    body: '{"created_at":"2024-02-20T14:04:39.709691Z","dhcp_enabled":true,"id":"9ffde406-3914-4fee-99b8-d96c7595f317","name":"test-rdb-rr-different-zone","organization_id":"fa1e3217-dc80-42ac-85c3-3f034b78b552","project_id":"fa1e3217-dc80-42ac-85c3-3f034b78b552","region":"fr-par","subnets":[{"created_at":"2024-02-20T14:04:39.709691Z","id":"189618df-6cab-4fc8-bfbf-22a69b612937","subnet":"172.16.20.0/22","updated_at":"2024-02-20T14:04:39.709691Z"},{"created_at":"2024-02-20T14:04:39.709691Z","id":"67c965b4-7654-4fd4-9de6-19ed4170e7a1","subnet":"fd63:256c:45f7:9634::/64","updated_at":"2024-02-20T14:04:39.709691Z"}],"tags":[],"updated_at":"2024-02-20T14:04:39.709691Z","vpc_id":"1ec1ecb6-8f58-4f7c-92cc-53c2a5ae519c"}'
    headers:
      Content-Length:
      - "727"
      Content-Security-Policy:
      - default-src 'none'; frame-ancestors 'none'
      Content-Type:
      - application/json
      Date:
      - Tue, 20 Feb 2024 14:14:07 GMT
      Server:
      - Scaleway API Gateway (fr-par-3;edge01)
      Strict-Transport-Security:
      - max-age=63072000
      X-Content-Type-Options:
      - nosniff
      X-Frame-Options:
      - DENY
      X-Request-Id:
      - 27acc109-1954-4dad-8d57-b231335e85cc
    status: 200 OK
    code: 200
    duration: ""
- request:
    body: ""
    form: {}
    headers:
      User-Agent:
      - scaleway-sdk-go/v1.0.0-beta.7+dev (go1.21.6; linux; amd64) terraform-provider/develop
        terraform/terraform-tests
    url: https://api.scaleway.com/rdb/v1/regions/fr-par/instances/e7de3530-3e6e-4c62-b3e2-2d728e6ffa47
    method: GET
  response:
    body: '{"backup_same_region":false,"backup_schedule":{"disabled":true,"frequency":24,"next_run_at":null,"retention":7},"created_at":"2024-02-20T14:04:45.720956Z","endpoint":{"id":"c4050890-30bd-466c-8474-7edbbfe61bf9","ip":"51.159.11.69","load_balancer":{},"name":null,"port":19271},"endpoints":[{"id":"c4050890-30bd-466c-8474-7edbbfe61bf9","ip":"51.159.11.69","load_balancer":{},"name":null,"port":19271}],"engine":"PostgreSQL-14","id":"e7de3530-3e6e-4c62-b3e2-2d728e6ffa47","init_settings":[],"is_ha_cluster":false,"logs_policy":{"max_age_retention":30,"total_disk_retention":null},"maintenances":[],"name":"test-rdb-rr-different-zone","node_type":"db-dev-s","organization_id":"fa1e3217-dc80-42ac-85c3-3f034b78b552","project_id":"fa1e3217-dc80-42ac-85c3-3f034b78b552","read_replicas":[{"endpoints":[{"id":"e43904f4-dc1b-40dc-8d31-52a3e1fce33f","ip":"172.16.20.2","name":null,"port":5432,"private_network":{"private_network_id":"9ffde406-3914-4fee-99b8-d96c7595f317","service_ip":"172.16.20.2/22","zone":"fr-par-1"}}],"id":"f5509654-34b1-4246-8e4e-34a24638c6ee","instance_id":"e7de3530-3e6e-4c62-b3e2-2d728e6ffa47","region":"fr-par","same_zone":false,"status":"ready"}],"region":"fr-par","settings":[{"name":"effective_cache_size","value":"1300"},{"name":"maintenance_work_mem","value":"150"},{"name":"max_connections","value":"100"},{"name":"max_parallel_workers","value":"0"},{"name":"max_parallel_workers_per_gather","value":"0"},{"name":"work_mem","value":"4"}],"status":"ready","tags":["terraform-test","scaleway_rdb_read_replica","different-zone"],"upgradable_version":[{"id":"01ea6b82-47cd-4237-892d-0a882e686223","minor_version":"15.5","name":"PostgreSQL-15","version":"15"}],"volume":{"class":"lssd","size":5000000000,"type":"lssd"}}'
    headers:
      Content-Length:
      - "1798"
      Content-Security-Policy:
      - default-src 'none'; frame-ancestors 'none'
      Content-Type:
      - application/json
      Date:
      - Tue, 20 Feb 2024 14:14:07 GMT
      Server:
      - Scaleway API Gateway (fr-par-3;edge01)
      Strict-Transport-Security:
      - max-age=63072000
      X-Content-Type-Options:
      - nosniff
      X-Frame-Options:
      - DENY
      X-Request-Id:
      - 04b3b505-810d-44e9-82b3-b992a30b3fb6
    status: 200 OK
    code: 200
    duration: ""
- request:
    body: ""
    form: {}
    headers:
      User-Agent:
      - scaleway-sdk-go/v1.0.0-beta.7+dev (go1.21.6; linux; amd64) terraform-provider/develop
        terraform/terraform-tests
    url: https://api.scaleway.com/rdb/v1/regions/fr-par/instances/e7de3530-3e6e-4c62-b3e2-2d728e6ffa47/certificate
    method: GET
  response:
    body: '{"content":"LS0tLS1CRUdJTiBDRVJUSUZJQ0FURS0tLS0tCk1JSUQrRENDQXVDZ0F3SUJBZ0lVZVR6bkd6bkdQZG9mQ0MyQjV1UGw2Rkx1MGZvd0RRWUpLb1pJaHZjTkFRRUwKQlFBd1Z6RUxNQWtHQTFVRUJoTUNSbEl4RGpBTUJnTlZCQWdNQlZCaGNtbHpNUTR3REFZRFZRUUhEQVZRWVhKcApjekVSTUE4R0ExVUVDZ3dJVTJOaGJHVjNZWGt4RlRBVEJnTlZCQU1NRERVeExqRTFPUzR4TVM0Mk9UQWVGdzB5Ck5EQXlNakF4TkRBM05URmFGdzB6TkRBeU1UY3hOREEzTlRGYU1GY3hDekFKQmdOVkJBWVRBa1pTTVE0d0RBWUQKVlFRSURBVlFZWEpwY3pFT01Bd0dBMVVFQnd3RlVHRnlhWE14RVRBUEJnTlZCQW9NQ0ZOallXeGxkMkY1TVJVdwpFd1lEVlFRRERBdzFNUzR4TlRrdU1URXVOamt3Z2dFaU1BMEdDU3FHU0liM0RRRUJBUVVBQTRJQkR3QXdnZ0VLCkFvSUJBUUNZY0pZdUFSdy9VUmZkSkpDdy84c2xKK0VHOGgxZ2xtRjJrTkRNOXU2UjVXbGRvZ0xxdG5naml0ek8KZEZEL3VSK2lIM0NZZDRPaXJjTVNPK3M1dVN3eXZWSW5FTlV1RitYNm9wSjdBZVB1eGg4OWRiTFp0U1FqK0VOMQp1QTFiU2w1dEpLbkVJZitDTUZWZU1BUWc0VXJoVGUwWlo3MnZjU3MxWHpwekdlSjcwS253dUQrSjQ3dDJUV05xCkhua3Urb3FlUDVHWGRQV3ZvTGdIeC9tNlp2ekk2T3BiWnNsM0lQSk5yOTV5TktLcTJ4NDdoZVFDc1MvVGRqRUgKYUJxSzR0OHk4QUc0VFN5bmdtdER1eWNQbmkwWVVEYy9wNE9kZnRDaWUrdDlyYno5ZGNpQzgyVm9nRzNFV3JCaApzMEZpUGhhMGEzRnhjOXQ5WTdPaGVra28vbVdiQWdNQkFBR2pnYnN3Z2Jnd2diVUdBMVVkRVFTQnJUQ0Jxb0lNCk5URXVNVFU1TGpFeExqWTVnanh5ZHkxbE4yUmxNelV6TUMwelpUWmxMVFJqTmpJdFlqTmxNaTB5WkRjeU9HVTIKWm1aaE5EY3VjbVJpTG1aeUxYQmhjaTV6WTNjdVkyeHZkV1NDRERVeExqRTFPUzR4TVM0Mk9ZSThjbmN0WlRkawpaVE0xTXpBdE0yVTJaUzAwWXpZeUxXSXpaVEl0TW1RM01qaGxObVptWVRRM0xuSmtZaTVtY2kxd1lYSXVjMk4zCkxtTnNiM1ZraHdRem5uM0lod1F6bnd0Rmh3UXpud3RGTUEwR0NTcUdTSWIzRFFFQkN3VUFBNElCQVFBcTBiejEKWm9HSWlBdmFnTW55MXROWlhmZDNWbWRHSkFVOFJqa2xUMWRPVDBGQ2w2ZERKTU9QZnM4c00rQzVDTllHZG9FUApJcHpkcmEyRnB2eWh0M2hzSWZuaThFY0pkV0hFSXBaUW55RVpobzZlVldmR0Q0eEN1NW5XaVdlKzFvWkM3aVB3Ck96K0NJTFBoM0t4Rit6WVRwRTcvY3VpMXFWTTNxRnM3VitDZ0FHVHNoR2N6Q2crbGlTZHl2Y2FEdnFaZDNuNE8KaXd5VGRwL0ZFTEdxek9hcXQ0ZnA5TkthcktIME9VMUZtTVpoUTB3MFVibmxvOFlVYmJjUU1rTFZNbkVibmZuZQpVRTNkbXJEbnd6T2RqWmtVSVdVaW51RHpsNW9BaDlQTlpLUEpPRDBrZXZmVy9PUlZrVHdTMCtZdzIzdWVGT0crCjF4OVdab2Z1Q0tCZllBNGsKLS0tLS1FTkQgQ0VSVElGSUNBVEUtLS0tLQo=","content_type":"application/x-pem-file","name":"ssl_certificate"}'
    headers:
      Content-Length:
      - "1997"
      Content-Security-Policy:
      - default-src 'none'; frame-ancestors 'none'
      Content-Type:
      - application/json
      Date:
      - Tue, 20 Feb 2024 14:14:08 GMT
      Server:
      - Scaleway API Gateway (fr-par-3;edge01)
      Strict-Transport-Security:
      - max-age=63072000
      X-Content-Type-Options:
      - nosniff
      X-Frame-Options:
      - DENY
      X-Request-Id:
      - d8658bca-5fa6-42f6-a4ce-bac88a7d39b0
    status: 200 OK
    code: 200
    duration: ""
- request:
    body: ""
    form: {}
    headers:
      User-Agent:
      - scaleway-sdk-go/v1.0.0-beta.7+dev (go1.21.6; linux; amd64) terraform-provider/develop
        terraform/terraform-tests
    url: https://api.scaleway.com/rdb/v1/regions/fr-par/read-replicas/f5509654-34b1-4246-8e4e-34a24638c6ee
    method: GET
  response:
    body: '{"endpoints":[{"id":"e43904f4-dc1b-40dc-8d31-52a3e1fce33f","ip":"172.16.20.2","name":null,"port":5432,"private_network":{"private_network_id":"9ffde406-3914-4fee-99b8-d96c7595f317","service_ip":"172.16.20.2/22","zone":"fr-par-1"}}],"id":"f5509654-34b1-4246-8e4e-34a24638c6ee","instance_id":"e7de3530-3e6e-4c62-b3e2-2d728e6ffa47","region":"fr-par","same_zone":false,"status":"ready"}'
    headers:
      Content-Length:
      - "393"
      Content-Security-Policy:
      - default-src 'none'; frame-ancestors 'none'
      Content-Type:
      - application/json
      Date:
      - Tue, 20 Feb 2024 14:14:08 GMT
      Server:
      - Scaleway API Gateway (fr-par-3;edge01)
      Strict-Transport-Security:
      - max-age=63072000
      X-Content-Type-Options:
      - nosniff
      X-Frame-Options:
      - DENY
      X-Request-Id:
      - 4e36e651-7eee-4113-8331-96e012d89346
    status: 200 OK
    code: 200
    duration: ""
- request:
    body: ""
    form: {}
    headers:
      User-Agent:
      - scaleway-sdk-go/v1.0.0-beta.7+dev (go1.21.6; linux; amd64) terraform-provider/develop
        terraform/terraform-tests
    url: https://api.scaleway.com/ipam/v1/regions/fr-par/ips?is_ipv6=false&order_by=created_at_desc&page=1&resource_id=e7de3530-3e6e-4c62-b3e2-2d728e6ffa47&resource_type=rdb_instance
    method: GET
  response:
    body: '{"ips":[{"address":"172.16.20.2/22","created_at":"2024-02-20T14:11:36.563032Z","id":"7d439667-46c9-43b8-9500-699ea6e496ae","is_ipv6":false,"project_id":"fa1e3217-dc80-42ac-85c3-3f034b78b552","region":"fr-par","resource":{"id":"e7de3530-3e6e-4c62-b3e2-2d728e6ffa47","mac_address":"02:00:00:24:7F:35","name":"read-replica-f5509654","type":"rdb_instance"},"reverses":[],"source":{"subnet_id":"189618df-6cab-4fc8-bfbf-22a69b612937"},"tags":["managed","scwdbaas"],"updated_at":"2024-02-20T14:12:08.927352Z","zone":null}],"total_count":1}'
    headers:
      Content-Length:
      - "548"
      Content-Security-Policy:
      - default-src 'none'; frame-ancestors 'none'
      Content-Type:
      - application/json
      Date:
      - Tue, 20 Feb 2024 14:14:08 GMT
      Server:
      - Scaleway API Gateway (fr-par-3;edge01)
      Strict-Transport-Security:
      - max-age=63072000
      X-Content-Type-Options:
      - nosniff
      X-Frame-Options:
      - DENY
      X-Request-Id:
      - d932a93a-072e-4ca6-9ffb-5c7fe47e5a26
    status: 200 OK
    code: 200
    duration: ""
- request:
    body: ""
    form: {}
    headers:
      User-Agent:
      - scaleway-sdk-go/v1.0.0-beta.7+dev (go1.21.6; linux; amd64) terraform-provider/develop
        terraform/terraform-tests
    url: https://api.scaleway.com/rdb/v1/regions/fr-par/read-replicas/f5509654-34b1-4246-8e4e-34a24638c6ee
    method: GET
  response:
    body: '{"endpoints":[{"id":"e43904f4-dc1b-40dc-8d31-52a3e1fce33f","ip":"172.16.20.2","name":null,"port":5432,"private_network":{"private_network_id":"9ffde406-3914-4fee-99b8-d96c7595f317","service_ip":"172.16.20.2/22","zone":"fr-par-1"}}],"id":"f5509654-34b1-4246-8e4e-34a24638c6ee","instance_id":"e7de3530-3e6e-4c62-b3e2-2d728e6ffa47","region":"fr-par","same_zone":false,"status":"ready"}'
    headers:
      Content-Length:
      - "393"
      Content-Security-Policy:
      - default-src 'none'; frame-ancestors 'none'
      Content-Type:
      - application/json
      Date:
      - Tue, 20 Feb 2024 14:14:08 GMT
      Server:
      - Scaleway API Gateway (fr-par-3;edge01)
      Strict-Transport-Security:
      - max-age=63072000
      X-Content-Type-Options:
      - nosniff
      X-Frame-Options:
      - DENY
      X-Request-Id:
      - c8e5b66d-d63a-4cd8-b81b-3cb7c6e9d09c
    status: 200 OK
    code: 200
    duration: ""
- request:
    body: ""
    form: {}
    headers:
      User-Agent:
      - scaleway-sdk-go/v1.0.0-beta.7+dev (go1.21.6; linux; amd64) terraform-provider/develop
        terraform/terraform-tests
    url: https://api.scaleway.com/rdb/v1/regions/fr-par/read-replicas/f5509654-34b1-4246-8e4e-34a24638c6ee
    method: DELETE
  response:
    body: '{"endpoints":[{"id":"e43904f4-dc1b-40dc-8d31-52a3e1fce33f","ip":"172.16.20.2","name":null,"port":5432,"private_network":{"private_network_id":"9ffde406-3914-4fee-99b8-d96c7595f317","service_ip":"172.16.20.2/22","zone":"fr-par-1"}}],"id":"f5509654-34b1-4246-8e4e-34a24638c6ee","instance_id":"e7de3530-3e6e-4c62-b3e2-2d728e6ffa47","region":"fr-par","same_zone":false,"status":"deleting"}'
    headers:
      Content-Length:
      - "396"
      Content-Security-Policy:
      - default-src 'none'; frame-ancestors 'none'
      Content-Type:
      - application/json
      Date:
      - Tue, 20 Feb 2024 14:14:08 GMT
      Server:
      - Scaleway API Gateway (fr-par-3;edge01)
      Strict-Transport-Security:
      - max-age=63072000
      X-Content-Type-Options:
      - nosniff
      X-Frame-Options:
      - DENY
      X-Request-Id:
      - b4079aeb-01fa-4fbf-98e2-fd6de573dd5f
    status: 200 OK
    code: 200
    duration: ""
- request:
    body: ""
    form: {}
    headers:
      User-Agent:
      - scaleway-sdk-go/v1.0.0-beta.7+dev (go1.21.6; linux; amd64) terraform-provider/develop
        terraform/terraform-tests
    url: https://api.scaleway.com/rdb/v1/regions/fr-par/read-replicas/f5509654-34b1-4246-8e4e-34a24638c6ee
    method: GET
  response:
    body: '{"endpoints":[{"id":"e43904f4-dc1b-40dc-8d31-52a3e1fce33f","ip":"172.16.20.2","name":null,"port":5432,"private_network":{"private_network_id":"9ffde406-3914-4fee-99b8-d96c7595f317","service_ip":"172.16.20.2/22","zone":"fr-par-1"}}],"id":"f5509654-34b1-4246-8e4e-34a24638c6ee","instance_id":"e7de3530-3e6e-4c62-b3e2-2d728e6ffa47","region":"fr-par","same_zone":false,"status":"deleting"}'
    headers:
      Content-Length:
      - "396"
      Content-Security-Policy:
      - default-src 'none'; frame-ancestors 'none'
      Content-Type:
      - application/json
      Date:
      - Tue, 20 Feb 2024 14:14:08 GMT
      Server:
      - Scaleway API Gateway (fr-par-3;edge01)
      Strict-Transport-Security:
      - max-age=63072000
      X-Content-Type-Options:
      - nosniff
      X-Frame-Options:
      - DENY
      X-Request-Id:
      - 905bf29a-88e3-4de9-a5a7-cc4ab9b49534
    status: 200 OK
    code: 200
    duration: ""
- request:
    body: ""
    form: {}
    headers:
      User-Agent:
      - scaleway-sdk-go/v1.0.0-beta.7+dev (go1.21.6; linux; amd64) terraform-provider/develop
        terraform/terraform-tests
    url: https://api.scaleway.com/rdb/v1/regions/fr-par/read-replicas/f5509654-34b1-4246-8e4e-34a24638c6ee
    method: GET
  response:
    body: '{"message":"resource is not found","resource":"read_replica","resource_id":"f5509654-34b1-4246-8e4e-34a24638c6ee","type":"not_found"}'
    headers:
      Content-Length:
      - "133"
      Content-Security-Policy:
      - default-src 'none'; frame-ancestors 'none'
      Content-Type:
      - application/json
      Date:
      - Tue, 20 Feb 2024 14:14:42 GMT
      Server:
      - Scaleway API Gateway (fr-par-3;edge01)
      Strict-Transport-Security:
      - max-age=63072000
      X-Content-Type-Options:
      - nosniff
      X-Frame-Options:
      - DENY
      X-Request-Id:
      - e19d71cf-a4f6-473b-8a7f-d85ffc485000
    status: 404 Not Found
    code: 404
    duration: ""
- request:
    body: ""
    form: {}
    headers:
      User-Agent:
      - scaleway-sdk-go/v1.0.0-beta.7+dev (go1.21.6; linux; amd64) terraform-provider/develop
        terraform/terraform-tests
    url: https://api.scaleway.com/rdb/v1/regions/fr-par/instances/e7de3530-3e6e-4c62-b3e2-2d728e6ffa47
    method: GET
  response:
    body: '{"backup_same_region":false,"backup_schedule":{"disabled":true,"frequency":24,"next_run_at":null,"retention":7},"created_at":"2024-02-20T14:04:45.720956Z","endpoint":{"id":"c4050890-30bd-466c-8474-7edbbfe61bf9","ip":"51.159.11.69","load_balancer":{},"name":null,"port":19271},"endpoints":[{"id":"c4050890-30bd-466c-8474-7edbbfe61bf9","ip":"51.159.11.69","load_balancer":{},"name":null,"port":19271}],"engine":"PostgreSQL-14","id":"e7de3530-3e6e-4c62-b3e2-2d728e6ffa47","init_settings":[],"is_ha_cluster":false,"logs_policy":{"max_age_retention":30,"total_disk_retention":null},"maintenances":[],"name":"test-rdb-rr-different-zone","node_type":"db-dev-s","organization_id":"fa1e3217-dc80-42ac-85c3-3f034b78b552","project_id":"fa1e3217-dc80-42ac-85c3-3f034b78b552","read_replicas":[],"region":"fr-par","settings":[{"name":"effective_cache_size","value":"1300"},{"name":"maintenance_work_mem","value":"150"},{"name":"max_connections","value":"100"},{"name":"max_parallel_workers","value":"0"},{"name":"max_parallel_workers_per_gather","value":"0"},{"name":"work_mem","value":"4"}],"status":"ready","tags":["terraform-test","scaleway_rdb_read_replica","different-zone"],"upgradable_version":[{"id":"01ea6b82-47cd-4237-892d-0a882e686223","minor_version":"15.5","name":"PostgreSQL-15","version":"15"}],"volume":{"class":"lssd","size":5000000000,"type":"lssd"}}'
    headers:
      Content-Length:
      - "1405"
      Content-Security-Policy:
      - default-src 'none'; frame-ancestors 'none'
      Content-Type:
      - application/json
      Date:
      - Tue, 20 Feb 2024 14:14:43 GMT
      Server:
      - Scaleway API Gateway (fr-par-3;edge01)
      Strict-Transport-Security:
      - max-age=63072000
      X-Content-Type-Options:
      - nosniff
      X-Frame-Options:
      - DENY
      X-Request-Id:
      - 59780351-61d1-4b04-8df9-03242f9c5611
    status: 200 OK
    code: 200
    duration: ""
- request:
    body: ""
    form: {}
    headers:
      User-Agent:
      - scaleway-sdk-go/v1.0.0-beta.7+dev (go1.21.6; linux; amd64) terraform-provider/develop
        terraform/terraform-tests
    url: https://api.scaleway.com/rdb/v1/regions/fr-par/instances/e7de3530-3e6e-4c62-b3e2-2d728e6ffa47
    method: DELETE
  response:
    body: '{"backup_same_region":false,"backup_schedule":{"disabled":true,"frequency":24,"next_run_at":null,"retention":7},"created_at":"2024-02-20T14:04:45.720956Z","endpoint":{"id":"c4050890-30bd-466c-8474-7edbbfe61bf9","ip":"51.159.11.69","load_balancer":{},"name":null,"port":19271},"endpoints":[{"id":"c4050890-30bd-466c-8474-7edbbfe61bf9","ip":"51.159.11.69","load_balancer":{},"name":null,"port":19271}],"engine":"PostgreSQL-14","id":"e7de3530-3e6e-4c62-b3e2-2d728e6ffa47","init_settings":[],"is_ha_cluster":false,"logs_policy":{"max_age_retention":30,"total_disk_retention":null},"maintenances":[],"name":"test-rdb-rr-different-zone","node_type":"db-dev-s","organization_id":"fa1e3217-dc80-42ac-85c3-3f034b78b552","project_id":"fa1e3217-dc80-42ac-85c3-3f034b78b552","read_replicas":[],"region":"fr-par","settings":[{"name":"effective_cache_size","value":"1300"},{"name":"maintenance_work_mem","value":"150"},{"name":"max_connections","value":"100"},{"name":"max_parallel_workers","value":"0"},{"name":"max_parallel_workers_per_gather","value":"0"},{"name":"work_mem","value":"4"}],"status":"deleting","tags":["terraform-test","scaleway_rdb_read_replica","different-zone"],"upgradable_version":[{"id":"01ea6b82-47cd-4237-892d-0a882e686223","minor_version":"15.5","name":"PostgreSQL-15","version":"15"}],"volume":{"class":"lssd","size":5000000000,"type":"lssd"}}'
    headers:
      Content-Length:
      - "1408"
      Content-Security-Policy:
      - default-src 'none'; frame-ancestors 'none'
      Content-Type:
      - application/json
      Date:
      - Tue, 20 Feb 2024 14:14:45 GMT
      Server:
      - Scaleway API Gateway (fr-par-3;edge01)
      Strict-Transport-Security:
      - max-age=63072000
      X-Content-Type-Options:
      - nosniff
      X-Frame-Options:
      - DENY
      X-Request-Id:
      - a144e894-f5e3-46a6-8637-e0c67cd3f6dc
    status: 200 OK
    code: 200
    duration: ""
- request:
    body: ""
    form: {}
    headers:
      User-Agent:
      - scaleway-sdk-go/v1.0.0-beta.7+dev (go1.21.6; linux; amd64) terraform-provider/develop
        terraform/terraform-tests
    url: https://api.scaleway.com/rdb/v1/regions/fr-par/instances/e7de3530-3e6e-4c62-b3e2-2d728e6ffa47
    method: GET
  response:
    body: '{"backup_same_region":false,"backup_schedule":{"disabled":true,"frequency":24,"next_run_at":null,"retention":7},"created_at":"2024-02-20T14:04:45.720956Z","endpoint":{"id":"c4050890-30bd-466c-8474-7edbbfe61bf9","ip":"51.159.11.69","load_balancer":{},"name":null,"port":19271},"endpoints":[{"id":"c4050890-30bd-466c-8474-7edbbfe61bf9","ip":"51.159.11.69","load_balancer":{},"name":null,"port":19271}],"engine":"PostgreSQL-14","id":"e7de3530-3e6e-4c62-b3e2-2d728e6ffa47","init_settings":[],"is_ha_cluster":false,"logs_policy":{"max_age_retention":30,"total_disk_retention":null},"maintenances":[],"name":"test-rdb-rr-different-zone","node_type":"db-dev-s","organization_id":"fa1e3217-dc80-42ac-85c3-3f034b78b552","project_id":"fa1e3217-dc80-42ac-85c3-3f034b78b552","read_replicas":[],"region":"fr-par","settings":[{"name":"effective_cache_size","value":"1300"},{"name":"maintenance_work_mem","value":"150"},{"name":"max_connections","value":"100"},{"name":"max_parallel_workers","value":"0"},{"name":"max_parallel_workers_per_gather","value":"0"},{"name":"work_mem","value":"4"}],"status":"deleting","tags":["terraform-test","scaleway_rdb_read_replica","different-zone"],"upgradable_version":[{"id":"01ea6b82-47cd-4237-892d-0a882e686223","minor_version":"15.5","name":"PostgreSQL-15","version":"15"}],"volume":{"class":"lssd","size":5000000000,"type":"lssd"}}'
    headers:
      Content-Length:
      - "1408"
      Content-Security-Policy:
      - default-src 'none'; frame-ancestors 'none'
      Content-Type:
      - application/json
      Date:
      - Tue, 20 Feb 2024 14:14:45 GMT
      Server:
      - Scaleway API Gateway (fr-par-3;edge01)
      Strict-Transport-Security:
      - max-age=63072000
      X-Content-Type-Options:
      - nosniff
      X-Frame-Options:
      - DENY
      X-Request-Id:
      - 694097a7-067d-4215-a704-859f95886d5b
    status: 200 OK
    code: 200
    duration: ""
- request:
    body: ""
    form: {}
    headers:
      User-Agent:
      - scaleway-sdk-go/v1.0.0-beta.7+dev (go1.21.6; linux; amd64) terraform-provider/develop
        terraform/terraform-tests
    url: https://api.scaleway.com/vpc/v2/regions/fr-par/private-networks/9ffde406-3914-4fee-99b8-d96c7595f317
    method: DELETE
  response:
    body: ""
    headers:
      Content-Security-Policy:
      - default-src 'none'; frame-ancestors 'none'
      Content-Type:
      - application/json
      Date:
      - Tue, 20 Feb 2024 14:14:45 GMT
      Server:
      - Scaleway API Gateway (fr-par-3;edge01)
      Strict-Transport-Security:
      - max-age=63072000
      X-Content-Type-Options:
      - nosniff
      X-Frame-Options:
      - DENY
      X-Request-Id:
      - f562cab8-bd1b-461c-b187-80101884cb8d
    status: 204 No Content
    code: 204
    duration: ""
- request:
    body: ""
    form: {}
    headers:
      User-Agent:
      - scaleway-sdk-go/v1.0.0-beta.7+dev (go1.21.6; linux; amd64) terraform-provider/develop
        terraform/terraform-tests
    url: https://api.scaleway.com/rdb/v1/regions/fr-par/instances/e7de3530-3e6e-4c62-b3e2-2d728e6ffa47
    method: GET
  response:
    body: '{"message":"resource is not found","resource":"instance","resource_id":"e7de3530-3e6e-4c62-b3e2-2d728e6ffa47","type":"not_found"}'
    headers:
      Content-Length:
      - "129"
      Content-Security-Policy:
      - default-src 'none'; frame-ancestors 'none'
      Content-Type:
      - application/json
      Date:
      - Tue, 20 Feb 2024 14:15:15 GMT
      Server:
      - Scaleway API Gateway (fr-par-3;edge01)
      Strict-Transport-Security:
      - max-age=63072000
      X-Content-Type-Options:
      - nosniff
      X-Frame-Options:
      - DENY
      X-Request-Id:
      - 86e90f3e-e76c-44b1-ab04-5de76a5da247
    status: 404 Not Found
    code: 404
    duration: ""
- request:
    body: ""
    form: {}
    headers:
      User-Agent:
      - scaleway-sdk-go/v1.0.0-beta.7+dev (go1.21.6; linux; amd64) terraform-provider/develop
        terraform/terraform-tests
    url: https://api.scaleway.com/rdb/v1/regions/fr-par/instances/e7de3530-3e6e-4c62-b3e2-2d728e6ffa47
    method: GET
  response:
    body: '{"message":"resource is not found","resource":"instance","resource_id":"e7de3530-3e6e-4c62-b3e2-2d728e6ffa47","type":"not_found"}'
    headers:
      Content-Length:
      - "129"
      Content-Security-Policy:
      - default-src 'none'; frame-ancestors 'none'
      Content-Type:
      - application/json
      Date:
      - Tue, 20 Feb 2024 14:15:15 GMT
      Server:
      - Scaleway API Gateway (fr-par-3;edge01)
      Strict-Transport-Security:
      - max-age=63072000
      X-Content-Type-Options:
      - nosniff
      X-Frame-Options:
      - DENY
      X-Request-Id:
      - 100336bd-7f9d-49b0-82f2-7c919f4d4f44
    status: 404 Not Found
    code: 404
    duration: ""
- request:
    body: ""
    form: {}
    headers:
      User-Agent:
      - scaleway-sdk-go/v1.0.0-beta.7+dev (go1.21.6; linux; amd64) terraform-provider/develop
        terraform/terraform-tests
    url: https://api.scaleway.com/rdb/v1/regions/fr-par/read-replicas/f5509654-34b1-4246-8e4e-34a24638c6ee
    method: GET
  response:
    body: '{"message":"resource is not found","resource":"read_replica","resource_id":"f5509654-34b1-4246-8e4e-34a24638c6ee","type":"not_found"}'
    headers:
      Content-Length:
      - "133"
      Content-Security-Policy:
      - default-src 'none'; frame-ancestors 'none'
      Content-Type:
      - application/json
      Date:
      - Tue, 20 Feb 2024 14:15:18 GMT
      Server:
      - Scaleway API Gateway (fr-par-3;edge01)
      Strict-Transport-Security:
      - max-age=63072000
      X-Content-Type-Options:
      - nosniff
      X-Frame-Options:
      - DENY
      X-Request-Id:
      - 65c3376b-2290-48e8-a472-37d0643e0bcd
    status: 404 Not Found
    code: 404
    duration: ""
